Archive member included to satisfy reference by file (symbol)

components/fw_update/libfw_update_mcuboot.a(product_config_flashdb.c.obj)
                              Boot/CMakeFiles/boot_firmware.dir/__/App/Core/Src/usb_fw_update.c.obj (fw_update_product_config_flashdb_init)
components/fw_update/libfw_update_mcuboot.a(storage_mcuboot.c.obj)
                              Boot/CMakeFiles/boot_firmware.dir/__/App/Core/Src/usb_fw_update.c.obj (fw_update_storage_mcuboot_init)
components/fw_update/libfw_update_mcuboot.a(boot_control_mcuboot.c.obj)
                              Boot/CMakeFiles/boot_firmware.dir/__/App/Core/Src/usb_fw_update.c.obj (fw_update_boot_control_mcuboot_init)
Platform/libhc32_platform.a(boot_handover.c.obj)
                              Boot/CMakeFiles/boot_firmware.dir/Core/Src/main.c.obj (boot_handover)
Platform/libhc32_platform.a(bsp_clock.c.obj)
                              Boot/CMakeFiles/boot_firmware.dir/Core/Src/main.c.obj (bsp_clock_init)
Platform/libhc32_platform.a(bsp_external_watchdog.c.obj)
                              Boot/CMakeFiles/boot_firmware.dir/Core/Src/main.c.obj (bsp_external_watchdog_init)
Platform/libhc32_platform.a(bsp_log_uart.c.obj)
                              Boot/CMakeFiles/boot_firmware.dir/__/Platform/HC32F460/Src/syscalls.c.obj (bsp_log_uart_write)
Platform/libhc32_platform.a(bsp_reset.c.obj)
                              Boot/CMakeFiles/boot_firmware.dir/Core/Src/main.c.obj (bsp_system_reset)
Platform/libhc32_platform.a(bsp_timebase.c.obj)
                              Boot/CMakeFiles/boot_firmware.dir/Core/Src/main.c.obj (bsp_timebase_init)
Platform/libhc32_platform.a(bsp_write_protection.c.obj)
                              Boot/CMakeFiles/boot_firmware.dir/__/Platform/HC32F460/Src/usb_dc_hc32f460.c.obj (bsp_write_protection_unlock)
components/easylogger/libhc32_easylogger.a(elog.c.obj)
                              Boot/CMakeFiles/boot_firmware.dir/Core/Src/main.c.obj (elog_output)
components/easylogger/libhc32_easylogger.a(elog_utils.c.obj)
                              components/easylogger/libhc32_easylogger.a(elog.c.obj) (elog_strcpy)
components/easylogger/libhc32_easylogger.a(elog_port.c.obj)
                              components/easylogger/libhc32_easylogger.a(elog.c.obj) (elog_port_init)
components/libmcuboot_bootutil.a(bootutil_loader.c.obj)
                              components/fw_update/libfw_update_mcuboot.a(boot_control_mcuboot.c.obj) (boot_open_all_flash_areas)
components/libmcuboot_bootutil.a(bootutil_misc.c.obj)
                              components/fw_update/libfw_update_mcuboot.a(boot_control_mcuboot.c.obj) (boot_read_sectors)
components/libmcuboot_bootutil.a(bootutil_public.c.obj)
                              components/libmcuboot_bootutil.a(bootutil_misc.c.obj) (boot_img_magic)
components/libmcuboot_bootutil.a(fault_injection_hardening.c.obj)
                              Boot/CMakeFiles/boot_firmware.dir/Core/Src/main.c.obj (FIH_SUCCESS)
components/libmcuboot_bootutil.a(image_validate.c.obj)
                              components/fw_update/libfw_update_mcuboot.a(boot_control_mcuboot.c.obj) (bootutil_img_validate)
components/libmcuboot_bootutil.a(loader.c.obj)
                              Boot/CMakeFiles/boot_firmware.dir/Core/Src/main.c.obj (boot_go)
components/libmcuboot_bootutil.a(swap_misc.c.obj)
                              components/libmcuboot_bootutil.a(loader.c.obj) (swap_scramble_trailer_sectors)
components/libmcuboot_bootutil.a(swap_scratch.c.obj)
                              components/libmcuboot_bootutil.a(swap_misc.c.obj) (swap_read_status_bytes)
components/libmcuboot_bootutil.a(tlv.c.obj)
                              components/fw_update/libfw_update_mcuboot.a(boot_control_mcuboot.c.obj) (bootutil_tlv_iter_begin)
components/libmcuboot_bootutil.a(keys.c.obj)
                              components/libmcuboot_bootutil.a(image_validate.c.obj) (bootutil_key_cnt)
components/libmcuboot_bootutil.a(signing_keys.c.obj)
                              components/libmcuboot_bootutil.a(keys.c.obj) (ecdsa_pub_key_len)
components/libmcuboot_bootutil.a(bootutil_area.c.obj)
                              components/libmcuboot_bootutil.a(bootutil_misc.c.obj) (boot_trailer_sz)
components/libmcuboot_bootutil.a(bootutil_find_key.c.obj)
                              components/libmcuboot_bootutil.a(image_validate.c.obj) (bootutil_find_key)
components/libmcuboot_bootutil.a(bootutil_img_hash.c.obj)
                              components/libmcuboot_bootutil.a(image_validate.c.obj) (bootutil_img_hash)
components/libmcuboot_bootutil.a(image_ecdsa.c.obj)
                              components/libmcuboot_bootutil.a(image_validate.c.obj) (bootutil_verify_sig)
components/libtinycrypt.a(sha256.c.obj)
                              components/libmcuboot_bootutil.a(bootutil_find_key.c.obj) (tc_sha256_init)
components/libtinycrypt.a(utils.c.obj)
                              components/libtinycrypt.a(sha256.c.obj) (_set)
[...]
Memory Configuration

Name             Origin             Length             Attributes
FLASH            0x00000000         0x00010000         xr
OTP_DATA         0x03000c00         0x000003c0         xr
OTP_LOCK         0x03000fc0         0x0000003c         xr
RAM              0x1fff8000         0x0002f000         xrw
RET_RAM          0x200f0000         0x00001000         xrw
*default*        0x00000000         0xffffffff

Linker script and memory map

LOAD /opt/st/stm32cubeclt_1.21.0/GNU-tools-for-STM32/bin/../lib/gcc/arm-none-eabi/14.3.1/thumb/v7e-m+fp/hard/crti.o
LOAD /opt/st/stm32cubeclt_1.21.0/GNU-tools-for-STM32/bin/../lib/gcc/arm-none-eabi/14.3.1/thumb/v7e-m+fp/hard/crtbegin.o
LOAD /opt/st/stm32cubeclt_1.21.0/GNU-tools-for-STM32/bin/../lib/gcc/arm-none-eabi/14.3.1/../../../../arm-none-eabi/lib/thumb/v7e-m+fp/hard/crt0.o
LOAD Drivers/CMakeFiles/hc32_startup_boot.dir/CMSIS/Device/HDSC/hc32f4xx/Source/GCC/startup_hc32f460.S.obj
LOAD Drivers/CMakeFiles/hc32_startup_boot.dir/CMSIS/Device/HDSC/hc32f4xx/Source/system_hc32f460.c.obj
LOAD Drivers/CMakeFiles/hc32_startup_boot.dir/hc32f4xx_ll_drivers/src/hc32_ll_icg.c.obj
LOAD components/cherryusb/CMakeFiles/cherryusb_device.dir/core/usbd_core.c.obj
LOAD Boot/CMakeFiles/boot_firmware.dir/Core/Src/hc32f460_it.c.obj
LOAD Boot/CMakeFiles/boot_firmware.dir/Core/Src/main.c.obj
LOAD Boot/CMakeFiles/boot_firmware.dir/__/App/Core/Src/usb_fw_update.c.obj
LOAD Boot/CMakeFiles/boot_firmware.dir/__/Platform/HC32F460/Src/usb_dc_hc32f460.c.obj
LOAD Boot/CMakeFiles/boot_firmware.dir/__/Platform/HC32F460/Src/syscalls.c.obj
LOAD components/fw_update/libfw_update_mcuboot.a
LOAD Platform/libhc32_platform.a
LOAD components/easylogger/libhc32_easylogger.a
LOAD components/libmcuboot_bootutil.a
LOAD components/easylogger/libhc32_easylogger.a
LOAD components/libtinycrypt.a
LOAD components/libmcuboot_asn1.a
LOAD components/fw_update/libfw_update_core.a
LOAD components/flashdb_port/libhc32_flashdb.a
LOAD components/mcuboot_port/libmcuboot_port_hc32.a
LOAD Platform/libhc32_platform.a
LOAD Drivers/libhc32_ll.a
START GROUP
LOAD /opt/st/stm32cubeclt_1.21.0/GNU-tools-for-STM32/bin/../lib/gcc/arm-none-eabi/14.3.1/thumb/v7e-m+fp/hard/libgcc.a
LOAD /opt/st/stm32cubeclt_1.21.0/GNU-tools-for-STM32/bin/../lib/gcc/arm-none-eabi/14.3.1/../../../../arm-none-eabi/lib/thumb/v7e-m+fp/hard/libg_nano.a
LOAD /opt/st/stm32cubeclt_1.21.0/GNU-tools-for-STM32/bin/../lib/gcc/arm-none-eabi/14.3.1/../../../../arm-none-eabi/lib/thumb/v7e-m+fp/hard/libc_nano.a
END GROUP
START GROUP
LOAD /opt/st/stm32cubeclt_1.21.0/GNU-tools-for-STM32/bin/../lib/gcc/arm-none-eabi/14.3.1/thumb/v7e-m+fp/hard/libgcc.a
LOAD /opt/st/stm32cubeclt_1.21.0/GNU-tools-for-STM32/bin/../lib/gcc/arm-none-eabi/14.3.1/../../../../arm-none-eabi/lib/thumb/v7e-m+fp/hard/libc_nano.a
LOAD /opt/st/stm32cubeclt_1.21.0/GNU-tools-for-STM32/bin/../lib/gcc/arm-none-eabi/14.3.1/../../../../arm-none-eabi/lib/thumb/v7e-m+fp/hard/libnosys.a
END GROUP
START GROUP
LOAD /opt/st/stm32cubeclt_1.21.0/GNU-tools-for-STM32/bin/../lib/gcc/arm-none-eabi/14.3.1/thumb/v7e-m+fp/hard/libgcc.a
LOAD /opt/st/stm32cubeclt_1.21.0/GNU-tools-for-STM32/bin/../lib/gcc/arm-none-eabi/14.3.1/../../../../arm-none-eabi/lib/thumb/v7e-m+fp/hard/libc_nano.a
LOAD /opt/st/stm32cubeclt_1.21.0/GNU-tools-for-STM32/bin/../lib/gcc/arm-none-eabi/14.3.1/../../../../arm-none-eabi/lib/thumb/v7e-m+fp/hard/libnosys.a
END GROUP
LOAD /opt/st/stm32cubeclt_1.21.0/GNU-tools-for-STM32/bin/../lib/gcc/arm-none-eabi/14.3.1/thumb/v7e-m+fp/hard/crtend.o
LOAD /opt/st/stm32cubeclt_1.21.0/GNU-tools-for-STM32/bin/../lib/gcc/arm-none-eabi/14.3.1/thumb/v7e-m+fp/hard/crtn.o
                0x03000c00                        __OTP_DATA_BASE = 0x3000c00
                0x03000fc0                        __OTP_LOCK_BASE = 0x3000fc0
                0x03000c00                        __OTP_DATA_B0_START = 0x3000c00
                0x03000fc0                        __OTP_LOCK_B0_START = 0x3000fc0
                0x00000000                        __OTP_DATA_B0_OFFSET = (__OTP_DATA_B0_START - __OTP_DATA_BASE)
                0x00000000                        __OTP_LOCK_B0_OFFSET = (__OTP_LOCK_B0_START - __OTP_LOCK_BASE)
                0x03000c40                        __OTP_DATA_B1_START = 0x3000c40
                0x03000fc4                        __OTP_LOCK_B1_START = 0x3000fc4
                0x00000040                        __OTP_DATA_B1_OFFSET = (__OTP_DATA_B1_START - __OTP_DATA_BASE)
                0x00000004                        __OTP_LOCK_B1_OFFSET = (__OTP_LOCK_B1_START - __OTP_LOCK_BASE)
                0x00000000                        FLASH_ORIGIN = DEFINED (FLASH_ORIGIN)?FLASH_ORIGIN:0x0
                0x00010000                        FLASH_LENGTH = DEFINED (FLASH_LENGTH)?FLASH_LENGTH:0x10000
                0x00000001                        ASSERT ((FLASH_ORIGIN == 0x0), boot image must start at Flash base)
                0x00000001                        ASSERT ((FLASH_LENGTH == 0x10000), boot image region must be 64 KiB)

.vectors        0x00000000      0x280
                0x00000000                        . = ALIGN (0x4)
 *(.vectors)
 .vectors       0x00000000      0x280 Drivers/CMakeFiles/hc32_startup_boot.dir/CMSIS/Device/HDSC/hc32f4xx/Source/GCC/startup_hc32f460.S.obj
                0x00000000                __Vectors
                0x00000280                __Vectors_End
                0x00000280                        . = ALIGN (0x4)

.icg_sec        0x00000400       0x20
 *(.icg_sec)
 .icg_sec       0x00000400       0x20 Drivers/CMakeFiles/hc32_startup_boot.dir/hc32f4xx_ll_drivers/src/hc32_ll_icg.c.obj
                0x00000400                u32ICGValue
                0x00000001                        ASSERT ((ADDR (.icg_sec) == 0x400), ICG must start at 0x400)
                0x00000001                        ASSERT ((SIZEOF (.icg_sec) == 0x20), ICG must contain exactly eight 32-bit words)

.text           0x00000420     0xdbe8
                0x00000420                        . = ALIGN (0x4)
 *(.text)
 .text          0x00000420       0x40 /opt/st/stm32cubeclt_1.21.0/GNU-tools-for-STM32/bin/../lib/gcc/arm-none-eabi/14.3.1/thumb/v7e-m+fp/hard/crtbegin.o
 .text          0x00000460      0x378 /opt/st/stm32cubeclt_1.21.0/GNU-tools-for-STM32/bin/../lib/gcc/arm-none-eabi/14.3.1/thumb/v7e-m+fp/hard/libgcc.a(_arm_addsubdf3.o)
                0x00000460                __aeabi_drsub
                0x00000468                __aeabi_dsub
                0x00000468                __subdf3
                0x0000046c                __adddf3
                0x0000046c                __aeabi_dadd
                0x000006e4                __aeabi_ui2d
                0x000006e4                __floatunsidf
                0x00000704                __floatsidf
                0x00000704                __aeabi_i2d
                0x00000728                __extendsfdf2
                0x00000728                __aeabi_f2d
                0x0000076c                __aeabi_ul2d
                0x0000076c                __floatundidf
                0x0000077c                __floatdidf
                0x0000077c                __aeabi_l2d
 .text          0x000007d8      0x424 /opt/st/stm32cubeclt_1.21.0/GNU-tools-for-STM32/bin/../lib/gcc/arm-none-eabi/14.3.1/thumb/v7e-m+fp/hard/libgcc.a(_arm_muldivdf3.o)
                0x000007d8                __aeabi_dmul
                0x000007d8                __muldf3
                0x00000a2c                __aeabi_ddiv
                0x00000a2c                __divdf3
 .text          0x00000bfc       0xa0 /opt/st/stm32cubeclt_1.21.0/GNU-tools-for-STM32/bin/../lib/gcc/arm-none-eabi/14.3.1/thumb/v7e-m+fp/hard/libgcc.a(_arm_truncdfsf2.o)
                0x00000bfc                __aeabi_d2f
                0x00000bfc                __truncdfsf2
 .text          0x00000c9c       0x30 /opt/st/stm32cubeclt_1.21.0/GNU-tools-for-STM32/bin/../lib/gcc/arm-none-eabi/14.3.1/thumb/v7e-m+fp/hard/libgcc.a(_aeabi_uldivmod.o)
                0x00000c9c                __aeabi_uldivmod
 .text          0x00000ccc      0x2f8 /opt/st/stm32cubeclt_1.21.0/GNU-tools-for-STM32/bin/../lib/gcc/arm-none-eabi/14.3.1/thumb/v7e-m+fp/hard/libgcc.a(_udivmoddi4.o)
                0x00000ccc                __udivmoddi4
 .text          0x00000fc4        0x4 /opt/st/stm32cubeclt_1.21.0/GNU-tools-for-STM32/bin/../lib/gcc/arm-none-eabi/14.3.1/thumb/v7e-m+fp/hard/libgcc.a(_dvmd_tls.o)
                0x00000fc4                __aeabi_ldiv0
                0x00000fc4                __aeabi_idiv0
 .text          0x00000fc8       0x14 /opt/st/stm32cubeclt_1.21.0/GNU-tools-for-STM32/bin/../lib/gcc/arm-none-eabi/14.3.1/../../../../arm-none-eabi/lib/thumb/v7e-m+fp/hard/libg_nano.a(libc_a-strcmp.o)
                0x00000fc8                strcmp
 *fill*         0x00000fdc        0x4 
 .text          0x00000fe0       0xa0 /opt/st/stm32cubeclt_1.21.0/GNU-tools-for-STM32/bin/../lib/gcc/arm-none-eabi/14.3.1/../../../../arm-none-eabi/lib/thumb/v7e-m+fp/hard/libg_nano.a(libc_a-memchr.o)
                0x00000fe0                memchr
 .text          0x00001080       0x10 /opt/st/stm32cubeclt_1.21.0/GNU-tools-for-STM32/bin/../lib/gcc/arm-none-eabi/14.3.1/../../../../arm-none-eabi/lib/thumb/v7e-m+fp/hard/libg_nano.a(libc_a-strlen.o)
                0x00001080                strlen
 *(.text*)
 .text.Reset_Handler
                0x00001090       0xc0 Drivers/CMakeFiles/hc32_startup_boot.dir/CMSIS/Device/HDSC/hc32f4xx/Source/GCC/startup_hc32f460.S.obj
                0x00001090                Reset_Handler
 .text.Default_Handler
                0x00001150        0x4 Drivers/CMakeFiles/hc32_startup_boot.dir/CMSIS/Device/HDSC/hc32f4xx/Source/GCC/startup_hc32f460.S.obj
                0x00001150                IRQ132_Handler
                0x00001150                DebugMon_Handler
                0x00001150                IRQ139_Handler
                0x00001150                IRQ138_Handler
                0x00001150                PendSV_Handler
                0x00001150                UsageFault_Handler
                0x00001150                IRQ133_Handler
                0x00001150                IRQ130_Handler
                0x00001150                IRQ134_Handler
                0x00001150                IRQ129_Handler
                0x00001150                IRQ142_Handler
                0x00001150                IRQ140_Handler
                0x00001150                MemManage_Handler
                0x00001150                IRQ143_Handler
                0x00001150                SVC_Handler
                0x00001150                IRQ128_Handler
                0x00001150                IRQ136_Handler
                0x00001150                IRQ131_Handler
                0x00001150                IRQ141_Handler
                0x00001150                IRQ137_Handler
                0x00001150                BusFault_Handler
                0x00001150                IRQ135_Handler
 .text.SystemCoreClockUpdate
                0x00001154       0xbc Drivers/CMakeFiles/hc32_startup_boot.dir/CMSIS/Device/HDSC/hc32f4xx/Source/system_hc32f460.c.obj
                0x00001154                SystemCoreClockUpdate
 .text.SystemInit
                0x00001210       0x30 Drivers/CMakeFiles/hc32_startup_boot.dir/CMSIS/Device/HDSC/hc32f4xx/Source/system_hc32f460.c.obj
                0x00001210                SystemInit
 .text.usb_memcpy
                0x00001240      0x11e components/cherryusb/CMakeFiles/cherryusb_device.dir/core/usbd_core.c.obj
 *fill*         0x0000135e        0x2 
 .text.is_device_configured
                0x00001360       0x1c components/cherryusb/CMakeFiles/cherryusb_device.dir/core/usbd_core.c.obj
 .text.usbd_class_request_handler
                0x0000137c       0xb4 components/cherryusb/CMakeFiles/cherryusb_device.dir/core/usbd_core.c.obj
 .text.usbd_vendor_request_handler
                0x00001430      0x140 components/cherryusb/CMakeFiles/cherryusb_device.dir/core/usbd_core.c.obj
 .text.usbd_class_event_notify_handler
                0x00001570       0x74 components/cherryusb/CMakeFiles/cherryusb_device.dir/core/usbd_core.c.obj
 .text.usbd_set_endpoint
                0x000015e4       0xa0 components/cherryusb/CMakeFiles/cherryusb_device.dir/core/usbd_core.c.obj
 .text.usbd_set_configuration
                0x00001684       0x7c components/cherryusb/CMakeFiles/cherryusb_device.dir/core/usbd_core.c.obj
 .text.usbd_event_ep0_in_complete_handler
                0x00001700       0xa4 components/cherryusb/CMakeFiles/cherryusb_device.dir/core/usbd_core.c.obj
 .text.usbd_get_descriptor
                0x000017a4      0x1ec components/cherryusb/CMakeFiles/cherryusb_device.dir/core/usbd_core.c.obj
 .text.usbd_std_device_req_handler
                0x00001990      0x158 components/cherryusb/CMakeFiles/cherryusb_device.dir/core/usbd_core.c.obj
 .text.usbd_reset_endpoint
                0x00001ae8       0x10 components/cherryusb/CMakeFiles/cherryusb_device.dir/core/usbd_core.c.obj
 .text.usbd_set_interface
                0x00001af8       0xa8 components/cherryusb/CMakeFiles/cherryusb_device.dir/core/usbd_core.c.obj
 .text.usbd_std_interface_req_handler
                0x00001ba0      0x170 components/cherryusb/CMakeFiles/cherryusb_device.dir/core/usbd_core.c.obj
 .text.usbd_std_endpoint_req_handler
                0x00001d10       0x8e components/cherryusb/CMakeFiles/cherryusb_device.dir/core/usbd_core.c.obj
 .text.usbd_standard_request_handler
                0x00001d9e       0x48 components/cherryusb/CMakeFiles/cherryusb_device.dir/core/usbd_core.c.obj
 .text.usbd_setup_request_handler
                0x00001de6       0x46 components/cherryusb/CMakeFiles/cherryusb_device.dir/core/usbd_core.c.obj
 .text.__usbd_event_ep0_setup_complete_handler
                0x00001e2c      0x150 components/cherryusb/CMakeFiles/cherryusb_device.dir/core/usbd_core.c.obj
 .text.usbd_event_ep0_out_complete_handler
                0x00001f7c       0xa4 components/cherryusb/CMakeFiles/cherryusb_device.dir/core/usbd_core.c.obj
 .text.usbd_event_resume_handler
                0x00002020       0x20 components/cherryusb/CMakeFiles/cherryusb_device.dir/core/usbd_core.c.obj
                0x00002020                usbd_event_resume_handler
 .text.usbd_event_suspend_handler
                0x00002040       0x2c components/cherryusb/CMakeFiles/cherryusb_device.dir/core/usbd_core.c.obj
                0x00002040                usbd_event_suspend_handler
 .text.usbd_event_reset_handler
                0x0000206c       0x90 components/cherryusb/CMakeFiles/cherryusb_device.dir/core/usbd_core.c.obj
                0x0000206c                usbd_event_reset_handler
 .text.usbd_event_ep0_setup_complete_handler
                0x000020fc       0x24 components/cherryusb/CMakeFiles/cherryusb_device.dir/core/usbd_core.c.obj
                0x000020fc                usbd_event_ep0_setup_complete_handler
 .text.usbd_event_ep_in_complete_handler
                0x00002120       0x28 components/cherryusb/CMakeFiles/cherryusb_device.dir/core/usbd_core.c.obj
                0x00002120                usbd_event_ep_in_complete_handler
 .text.usbd_event_ep_out_complete_handler
                0x00002148       0x28 components/cherryusb/CMakeFiles/cherryusb_device.dir/core/usbd_core.c.obj
                0x00002148                usbd_event_ep_out_complete_handler
 .text.usbd_desc_register
                0x00002170       0x44 components/cherryusb/CMakeFiles/cherryusb_device.dir/core/usbd_core.c.obj
                0x00002170                usbd_desc_register
 .text.usbd_add_interface
                0x000021b4       0x34 components/cherryusb/CMakeFiles/cherryusb_device.dir/core/usbd_core.c.obj
                0x000021b4                usbd_add_interface
 .text.usbd_add_endpoint
                0x000021e8       0x70 components/cherryusb/CMakeFiles/cherryusb_device.dir/core/usbd_core.c.obj
                0x000021e8                usbd_add_endpoint
 .text.usbd_initialize
                0x00002258       0x40 components/cherryusb/CMakeFiles/cherryusb_device.dir/core/usbd_core.c.obj
                0x00002258                usbd_initialize
 .text.NMI_Handler
                0x00002298        0x4 Boot/CMakeFiles/boot_firmware.dir/Core/Src/hc32f460_it.c.obj
                0x00002298                NMI_Handler
 .text.HardFault_Handler
                0x0000229c       0x14 Boot/CMakeFiles/boot_firmware.dir/Core/Src/hc32f460_it.c.obj
                0x0000229c                HardFault_Handler
 .text.boot_hardfault_capture
                0x000022b0       0xec Boot/CMakeFiles/boot_firmware.dir/Core/Src/hc32f460_it.c.obj
                0x000022b0                boot_hardfault_capture
 .text.run_recovery_updater
                0x0000239c       0x44 Boot/CMakeFiles/boot_firmware.dir/Core/Src/main.c.obj
 .text.main     0x000023e0       0x60 Boot/CMakeFiles/boot_firmware.dir/Core/Src/main.c.obj
                0x000023e0                main
 .text.usb_memcpy
                0x00002440      0x11e Boot/CMakeFiles/boot_firmware.dir/__/App/Core/Src/usb_fw_update.c.obj
 *fill*         0x0000255e        0x2 
 .text.initialize_usb_serial
                0x00002560       0x9c Boot/CMakeFiles/boot_firmware.dir/__/App/Core/Src/usb_fw_update.c.obj
 .text.device_descriptor_get
                0x000025fc        0x8 Boot/CMakeFiles/boot_firmware.dir/__/App/Core/Src/usb_fw_update.c.obj
 .text.config_descriptor_get
                0x00002604        0x8 Boot/CMakeFiles/boot_firmware.dir/__/App/Core/Src/usb_fw_update.c.obj
 .text.string_descriptor_get
                0x0000260c       0x14 Boot/CMakeFiles/boot_firmware.dir/__/App/Core/Src/usb_fw_update.c.obj
 .text.update_out
                0x00002620       0x14 Boot/CMakeFiles/boot_firmware.dir/__/App/Core/Src/usb_fw_update.c.obj
 .text.update_in
                0x00002634       0x14 Boot/CMakeFiles/boot_firmware.dir/__/App/Core/Src/usb_fw_update.c.obj
 .text.usb_event
                0x00002648       0x30 Boot/CMakeFiles/boot_firmware.dir/__/App/Core/Src/usb_fw_update.c.obj
 .text.start_manager_tx
                0x00002678       0x70 Boot/CMakeFiles/boot_firmware.dir/__/App/Core/Src/usb_fw_update.c.obj
 .text.arm_receive
                0x000026e8       0x18 Boot/CMakeFiles/boot_firmware.dir/__/App/Core/Src/usb_fw_update.c.obj
 .text.recover_transport
                0x00002700       0x48 Boot/CMakeFiles/boot_firmware.dir/__/App/Core/Src/usb_fw_update.c.obj
 .text.usb_fw_update_init
                0x00002748       0xbc Boot/CMakeFiles/boot_firmware.dir/__/App/Core/Src/usb_fw_update.c.obj
                0x00002748                usb_fw_update_init
 .text.usb_fw_update_poll
                0x00002804      0x1e4 Boot/CMakeFiles/boot_firmware.dir/__/App/Core/Src/usb_fw_update.c.obj
                0x00002804                usb_fw_update_poll
 .text.usb_ep   0x000029e8       0x38 Boot/CMakeFiles/boot_firmware.dir/__/Platform/HC32F460/Src/usb_dc_hc32f460.c.obj
 .text.usb_in_ep_interrupt
                0x00002a20       0x24 Boot/CMakeFiles/boot_firmware.dir/__/Platform/HC32F460/Src/usb_dc_hc32f460.c.obj
 .text.usb_handle_out_ep
                0x00002a44       0xb8 Boot/CMakeFiles/boot_firmware.dir/__/Platform/HC32F460/Src/usb_dc_hc32f460.c.obj
 .text.usb_fill_tx_fifo
                0x00002afc       0xac Boot/CMakeFiles/boot_firmware.dir/__/Platform/HC32F460/Src/usb_dc_hc32f460.c.obj
 .text.usb_handle_in_ep
                0x00002ba8       0xb4 Boot/CMakeFiles/boot_firmware.dir/__/Platform/HC32F460/Src/usb_dc_hc32f460.c.obj
 .text.usb_handle_rx_fifo
                0x00002c5c       0x98 Boot/CMakeFiles/boot_firmware.dir/__/Platform/HC32F460/Src/usb_dc_hc32f460.c.obj
 .text.usb_handle_reset
                0x00002cf4       0x90 Boot/CMakeFiles/boot_firmware.dir/__/Platform/HC32F460/Src/usb_dc_hc32f460.c.obj
 .text.usb_irq_handler
                0x00002d84       0xac Boot/CMakeFiles/boot_firmware.dir/__/Platform/HC32F460/Src/usb_dc_hc32f460.c.obj
 .text.usb_low_level_init
                0x00002e30       0xcc Boot/CMakeFiles/boot_firmware.dir/__/Platform/HC32F460/Src/usb_dc_hc32f460.c.obj
 .text.usb_open_ep
                0x00002efc       0x30 Boot/CMakeFiles/boot_firmware.dir/__/Platform/HC32F460/Src/usb_dc_hc32f460.c.obj
 .text.usb_start_write
                0x00002f2c       0x3c Boot/CMakeFiles/boot_firmware.dir/__/Platform/HC32F460/Src/usb_dc_hc32f460.c.obj
 .text.usb_start_read
                0x00002f68       0x3c Boot/CMakeFiles/boot_firmware.dir/__/Platform/HC32F460/Src/usb_dc_hc32f460.c.obj
 .text.usb_udelay
                0x00002fa4        0x8 Boot/CMakeFiles/boot_firmware.dir/__/Platform/HC32F460/Src/usb_dc_hc32f460.c.obj
                0x00002fa4                usb_udelay
 .text.usb_mdelay
                0x00002fac        0x8 Boot/CMakeFiles/boot_firmware.dir/__/Platform/HC32F460/Src/usb_dc_hc32f460.c.obj
                0x00002fac                usb_mdelay
 .text.usb_dc_init
                0x00002fb4       0xd0 Boot/CMakeFiles/boot_firmware.dir/__/Platform/HC32F460/Src/usb_dc_hc32f460.c.obj
                0x00002fb4                usb_dc_init
 .text.usbd_set_address
                0x00003084       0x24 Boot/CMakeFiles/boot_firmware.dir/__/Platform/HC32F460/Src/usb_dc_hc32f460.c.obj
                0x00003084                usbd_set_address
 .text.usbd_get_port_speed
                0x000030a8        0x4 Boot/CMakeFiles/boot_firmware.dir/__/Platform/HC32F460/Src/usb_dc_hc32f460.c.obj
                0x000030a8                usbd_get_port_speed
 .text.usbd_ep_open
                0x000030ac       0x36 Boot/CMakeFiles/boot_firmware.dir/__/Platform/HC32F460/Src/usb_dc_hc32f460.c.obj
                0x000030ac                usbd_ep_open
 *fill*         0x000030e2        0x2 
 .text.usbd_ep_close
                0x000030e4       0x2c Boot/CMakeFiles/boot_firmware.dir/__/Platform/HC32F460/Src/usb_dc_hc32f460.c.obj
                0x000030e4                usbd_ep_close
 .text.usbd_ep_set_stall
                0x00003110       0x30 Boot/CMakeFiles/boot_firmware.dir/__/Platform/HC32F460/Src/usb_dc_hc32f460.c.obj
                0x00003110                usbd_ep_set_stall
 .text.usbd_ep_clear_stall
                0x00003140       0x2c Boot/CMakeFiles/boot_firmware.dir/__/Platform/HC32F460/Src/usb_dc_hc32f460.c.obj
                0x00003140                usbd_ep_clear_stall
 .text.usbd_ep_is_stalled
                0x0000316c       0x2c Boot/CMakeFiles/boot_firmware.dir/__/Platform/HC32F460/Src/usb_dc_hc32f460.c.obj
                0x0000316c                usbd_ep_is_stalled
 .text.usbd_ep_start_write
                0x00003198       0x60 Boot/CMakeFiles/boot_firmware.dir/__/Platform/HC32F460/Src/usb_dc_hc32f460.c.obj
                0x00003198                usbd_ep_start_write
 .text.usbd_ep_start_read
                0x000031f8       0x76 Boot/CMakeFiles/boot_firmware.dir/__/Platform/HC32F460/Src/usb_dc_hc32f460.c.obj
                0x000031f8                usbd_ep_start_read
 .text._close   0x0000326e        0x6 Boot/CMakeFiles/boot_firmware.dir/__/Platform/HC32F460/Src/syscalls.c.obj
                0x0000326e                _close
 .text._lseek   0x00003274        0x6 Boot/CMakeFiles/boot_firmware.dir/__/Platform/HC32F460/Src/syscalls.c.obj
                0x00003274                _lseek
 .text._read    0x0000327a        0x4 Boot/CMakeFiles/boot_firmware.dir/__/Platform/HC32F460/Src/syscalls.c.obj
                0x0000327a                _read
 .text._write   0x0000327e       0x14 Boot/CMakeFiles/boot_firmware.dir/__/Platform/HC32F460/Src/syscalls.c.obj
                0x0000327e                _write
 .text._fstat   0x00003292        0xa Boot/CMakeFiles/boot_firmware.dir/__/Platform/HC32F460/Src/syscalls.c.obj
                0x00003292                _fstat
 .text._isatty  0x0000329c        0x4 Boot/CMakeFiles/boot_firmware.dir/__/Platform/HC32F460/Src/syscalls.c.obj
                0x0000329c                _isatty
 .text._getpid  0x000032a0        0x4 Boot/CMakeFiles/boot_firmware.dir/__/Platform/HC32F460/Src/syscalls.c.obj
                0x000032a0                _getpid
 .text._kill    0x000032a4        0x6 Boot/CMakeFiles/boot_firmware.dir/__/Platform/HC32F460/Src/syscalls.c.obj
                0x000032a4                _kill
 .text.read_u16_le
                0x000032aa        0xa components/fw_update/libfw_update_mcuboot.a(product_config_flashdb.c.obj)
 .text.read_u32_le
                0x000032b4       0x16 components/fw_update/libfw_update_mcuboot.a(product_config_flashdb.c.obj)
 .text.write_u16_le
                0x000032ca        0x8 components/fw_update/libfw_update_mcuboot.a(product_config_flashdb.c.obj)
 .text.write_u32_le
                0x000032d2       0x14 components/fw_update/libfw_update_mcuboot.a(product_config_flashdb.c.obj)
 *fill*         0x000032e6        0x2 
 .text.encode_identity
                0x000032e8       0x38 components/fw_update/libfw_update_mcuboot.a(product_config_flashdb.c.obj)
 .text.decode_identity
                0x00003320       0x50 components/fw_update/libfw_update_mcuboot.a(product_config_flashdb.c.obj)
 .text.get_config
                0x00003370       0x70 components/fw_update/libfw_update_mcuboot.a(product_config_flashdb.c.obj)
 .text.set_config
                0x000033e0       0x94 components/fw_update/libfw_update_mcuboot.a(product_config_flashdb.c.obj)
 .text.fw_update_product_config_flashdb_init
                0x00003474       0x60 components/fw_update/libfw_update_mcuboot.a(product_config_flashdb.c.obj)
                0x00003474                fw_update_product_config_flashdb_init
 .text.open_secondary
                0x000034d4       0x14 components/fw_update/libfw_update_mcuboot.a(storage_mcuboot.c.obj)
 .text.read     0x000034e8       0x34 components/fw_update/libfw_update_mcuboot.a(storage_mcuboot.c.obj)
 .text.write    0x0000351c       0x34 components/fw_update/libfw_update_mcuboot.a(storage_mcuboot.c.obj)
 .text.erase_all
                0x00003550       0x2c components/fw_update/libfw_update_mcuboot.a(storage_mcuboot.c.obj)
 .text.get_info
                0x0000357c       0x88 components/fw_update/libfw_update_mcuboot.a(storage_mcuboot.c.obj)
 .text.fw_update_storage_mcuboot_init
                0x00003604       0x10 components/fw_update/libfw_update_mcuboot.a(storage_mcuboot.c.obj)
                0x00003604                fw_update_storage_mcuboot_init
 .text.read_le16
                0x00003614        0xa components/fw_update/libfw_update_mcuboot.a(boot_control_mcuboot.c.obj)
 .text.read_le32
                0x0000361e       0x16 components/fw_update/libfw_update_mcuboot.a(boot_control_mcuboot.c.obj)
 .text.confirm_running_image
                0x00003634       0x12 components/fw_update/libfw_update_mcuboot.a(boot_control_mcuboot.c.obj)
 *fill*         0x00003646        0x2 
 .text.candidate_is_valid
                0x00003648      0x120 components/fw_update/libfw_update_mcuboot.a(boot_control_mcuboot.c.obj)
 .text.request_test_upgrade
                0x00003768       0x20 components/fw_update/libfw_update_mcuboot.a(boot_control_mcuboot.c.obj)
 .text.fw_update_boot_control_mcuboot_init
                0x00003788       0x10 components/fw_update/libfw_update_mcuboot.a(boot_control_mcuboot.c.obj)
                0x00003788                fw_update_boot_control_mcuboot_init
 .text.halt     0x00003798        0x6 Platform/libhc32_platform.a(boot_handover.c.obj)
 .text.boot_handover_vector_address
                0x0000379e        0x4 Platform/libhc32_platform.a(boot_handover.c.obj)
                0x0000379e                boot_handover_vector_address
 *fill*         0x000037a2        0x2 
 .text.boot_handover
                0x000037a4       0xbc Platform/libhc32_platform.a(boot_handover.c.obj)
                0x000037a4                boot_handover
 .text.bsp_clock_init
                0x00003860       0xe8 Platform/libhc32_platform.a(bsp_clock.c.obj)
                0x00003860                bsp_clock_init
 .text.board_gpio_write
                0x00003948       0x18 Platform/libhc32_platform.a(bsp_external_watchdog.c.obj)
 .text.watchdog_scheduler_init
                0x00003960       0x4a Platform/libhc32_platform.a(bsp_external_watchdog.c.obj)
                0x00003960                watchdog_scheduler_init
 .text.watchdog_scheduler_poll
                0x000039aa       0x6e Platform/libhc32_platform.a(bsp_external_watchdog.c.obj)
                0x000039aa                watchdog_scheduler_poll
 .text.bsp_external_watchdog_init
                0x00003a18       0x78 Platform/libhc32_platform.a(bsp_external_watchdog.c.obj)
                0x00003a18                bsp_external_watchdog_init
 .text.bsp_external_watchdog_poll
                0x00003a90       0x1c Platform/libhc32_platform.a(bsp_external_watchdog.c.obj)
                0x00003a90                bsp_external_watchdog_poll
 .text.bsp_log_uart_init
                0x00003aac       0x78 Platform/libhc32_platform.a(bsp_log_uart.c.obj)
                0x00003aac                bsp_log_uart_init
 .text.bsp_log_uart_write
                0x00003b24       0x50 Platform/libhc32_platform.a(bsp_log_uart.c.obj)
                0x00003b24                bsp_log_uart_write
 .text.__NVIC_SystemReset
                0x00003b74       0x24 Platform/libhc32_platform.a(bsp_reset.c.obj)
 .text.bsp_system_reset
                0x00003b98        0x6 Platform/libhc32_platform.a(bsp_reset.c.obj)
                0x00003b98                bsp_system_reset
 *fill*         0x00003b9e        0x2 
 .text.bsp_timebase_init
                0x00003ba0       0xa8 Platform/libhc32_platform.a(bsp_timebase.c.obj)
                0x00003ba0                bsp_timebase_init
 .text.bsp_millis
                0x00003c48        0xc Platform/libhc32_platform.a(bsp_timebase.c.obj)
                0x00003c48                bsp_millis
 .text.bsp_delay_ms
                0x00003c54       0x28 Platform/libhc32_platform.a(bsp_timebase.c.obj)
                0x00003c54                bsp_delay_ms
 .text.bsp_delay_us
                0x00003c7c       0x50 Platform/libhc32_platform.a(bsp_timebase.c.obj)
                0x00003c7c                bsp_delay_us
 .text.SysTick_Handler
                0x00003ccc       0x10 Platform/libhc32_platform.a(bsp_timebase.c.obj)
                0x00003ccc                SysTick_Handler
 .text.bsp_write_protection_unlock
                0x00003cdc        0xa Platform/libhc32_platform.a(bsp_write_protection.c.obj)
                0x00003cdc                bsp_write_protection_unlock
 .text.bsp_write_protection_restore
                0x00003ce6        0xa Platform/libhc32_platform.a(bsp_write_protection.c.obj)
                0x00003ce6                bsp_write_protection_restore
 .text.elog_set_filter_tag_lvl_default
                0x00003cf0       0x44 components/easylogger/libhc32_easylogger.a(elog.c.obj)
 .text.elog_set_output_enabled
                0x00003d34        0xc components/easylogger/libhc32_easylogger.a(elog.c.obj)
                0x00003d34                elog_set_output_enabled
 .text.elog_set_text_color_enabled
                0x00003d40        0xc components/easylogger/libhc32_easylogger.a(elog.c.obj)
                0x00003d40                elog_set_text_color_enabled
 .text.elog_output_lock
                0x00003d4c       0x28 components/easylogger/libhc32_easylogger.a(elog.c.obj)
                0x00003d4c                elog_output_lock
 .text.elog_output_unlock
                0x00003d74       0x28 components/easylogger/libhc32_easylogger.a(elog.c.obj)
                0x00003d74                elog_output_unlock
 .text.elog_output
                0x00003d9c      0x3e8 components/easylogger/libhc32_easylogger.a(elog.c.obj)
                0x00003d9c                elog_output
 .text.elog_start
                0x00004184       0x48 components/easylogger/libhc32_easylogger.a(elog.c.obj)
                0x00004184                elog_start
 .text.elog_set_fmt
                0x000041cc       0x68 components/easylogger/libhc32_easylogger.a(elog.c.obj)
                0x000041cc                elog_set_fmt
 .text.elog_set_filter_lvl
                0x00004234       0x60 components/easylogger/libhc32_easylogger.a(elog.c.obj)
                0x00004234                elog_set_filter_lvl
 .text.elog_get_filter_tag_lvl
                0x00004294       0xbc components/easylogger/libhc32_easylogger.a(elog.c.obj)
                0x00004294                elog_get_filter_tag_lvl
 .text.get_fmt_enabled
                0x00004350       0x70 components/easylogger/libhc32_easylogger.a(elog.c.obj)
 .text.get_fmt_used_and_enabled_u32
                0x000043c0       0x16 components/easylogger/libhc32_easylogger.a(elog.c.obj)
 .text.get_fmt_used_and_enabled_ptr
                0x000043d6       0x16 components/easylogger/libhc32_easylogger.a(elog.c.obj)
 .text.elog_output_lock_enabled
                0x000043ec       0x34 components/easylogger/libhc32_easylogger.a(elog.c.obj)
                0x000043ec                elog_output_lock_enabled
 .text.elog_init
                0x00004420       0x48 components/easylogger/libhc32_easylogger.a(elog.c.obj)
                0x00004420                elog_init
 .text.elog_strcpy
                0x00004468       0xac components/easylogger/libhc32_easylogger.a(elog_utils.c.obj)
                0x00004468                elog_strcpy
 .text.elog_port_init
                0x00004514        0x4 components/easylogger/libhc32_easylogger.a(elog_port.c.obj)
                0x00004514                elog_port_init
 .text.elog_port_output
                0x00004518        0x8 components/easylogger/libhc32_easylogger.a(elog_port.c.obj)
                0x00004518                elog_port_output
 .text.elog_port_output_lock
                0x00004520        0x2 components/easylogger/libhc32_easylogger.a(elog_port.c.obj)
                0x00004520                elog_port_output_lock
 .text.elog_port_output_unlock
                0x00004522        0x2 components/easylogger/libhc32_easylogger.a(elog_port.c.obj)
                0x00004522                elog_port_output_unlock
 .text.elog_port_get_time
                0x00004524       0x20 components/easylogger/libhc32_easylogger.a(elog_port.c.obj)
                0x00004524                elog_port_get_time
 .text.elog_port_get_p_info
                0x00004544        0x8 components/easylogger/libhc32_easylogger.a(elog_port.c.obj)
                0x00004544                elog_port_get_p_info
 .text.elog_port_get_t_info
                0x0000454c        0x8 components/easylogger/libhc32_easylogger.a(elog_port.c.obj)
                0x0000454c                elog_port_get_t_info
 .text.hc32_debug_log_init
                0x00004554       0x44 components/easylogger/libhc32_easylogger.a(elog_port.c.obj)
                0x00004554                hc32_debug_log_init
 .text.boot_check_header_erased
                0x00004598       0x38 components/libmcuboot_bootutil.a(bootutil_loader.c.obj)
                0x00004598                boot_check_header_erased
 .text.boot_check_header_valid
                0x000045d0       0x9c components/libmcuboot_bootutil.a(bootutil_loader.c.obj)
                0x000045d0                boot_check_header_valid
 .text.boot_read_image_headers
                0x0000466c       0x36 components/libmcuboot_bootutil.a(bootutil_loader.c.obj)
                0x0000466c                boot_read_image_headers
 *fill*         0x000046a2        0x2 
 .text.boot_check_image
                0x000046a4       0x4c components/libmcuboot_bootutil.a(bootutil_loader.c.obj)
                0x000046a4                boot_check_image
 .text.boot_add_shared_data
                0x000046f0        0x4 components/libmcuboot_bootutil.a(bootutil_loader.c.obj)
                0x000046f0                boot_add_shared_data
 .text.boot_open_all_flash_areas
                0x000046f4       0x60 components/libmcuboot_bootutil.a(bootutil_loader.c.obj)
                0x000046f4                boot_open_all_flash_areas
 .text.boot_close_all_flash_areas
                0x00004754       0x2e components/libmcuboot_bootutil.a(bootutil_loader.c.obj)
                0x00004754                boot_close_all_flash_areas
 .text.boot_state_init
                0x00004782        0xc components/libmcuboot_bootutil.a(bootutil_loader.c.obj)
                0x00004782                boot_state_init
 *fill*         0x0000478e        0x2 
 .text.boot_magic_decode
                0x00004790       0x18 components/libmcuboot_bootutil.a(bootutil_misc.c.obj)
 .text.boot_write_sz
                0x000047a8       0x1a components/libmcuboot_bootutil.a(bootutil_misc.c.obj)
 .text.boot_fih_memequal
                0x000047c2        0x8 components/libmcuboot_bootutil.a(bootutil_misc.c.obj)
                0x000047c2                boot_fih_memequal
 .text.boot_status_entries
                0x000047ca       0x30 components/libmcuboot_bootutil.a(bootutil_misc.c.obj)
                0x000047ca                boot_status_entries
 *fill*         0x000047fa        0x2 
 .text.boot_status_off
                0x000047fc       0x3c components/libmcuboot_bootutil.a(bootutil_misc.c.obj)
                0x000047fc                boot_status_off
 .text.boot_find_status
                0x00004838       0x4a components/libmcuboot_bootutil.a(bootutil_misc.c.obj)
                0x00004838                boot_find_status
 .text.boot_read_swap_size
                0x00004882       0x1a components/libmcuboot_bootutil.a(bootutil_misc.c.obj)
                0x00004882                boot_read_swap_size
 .text.boot_write_swap_size
                0x0000489c       0x20 components/libmcuboot_bootutil.a(bootutil_misc.c.obj)
                0x0000489c                boot_write_swap_size
 .text.bootutil_max_image_size
                0x000048bc        0x8 components/libmcuboot_bootutil.a(bootutil_misc.c.obj)
                0x000048bc                bootutil_max_image_size
 .text.boot_read_image_size
                0x000048c4       0xd4 components/libmcuboot_bootutil.a(bootutil_misc.c.obj)
                0x000048c4                boot_read_image_size
 .text.boot_initialize_area
                0x00004998       0x42 components/libmcuboot_bootutil.a(bootutil_misc.c.obj)
                0x00004998                boot_initialize_area
 *fill*         0x000049da        0x2 
 .text.boot_read_sectors
                0x000049dc       0x58 components/libmcuboot_bootutil.a(bootutil_misc.c.obj)
                0x000049dc                boot_read_sectors
 .text.boot_state_clear
                0x00004a34        0x2 components/libmcuboot_bootutil.a(bootutil_misc.c.obj)
                0x00004a34                boot_state_clear
 .text.boot_flag_decode
                0x00004a36        0xa components/libmcuboot_bootutil.a(bootutil_public.c.obj)
 .text.flash_area_to_image
                0x00004a40        0x4 components/libmcuboot_bootutil.a(bootutil_public.c.obj)
 .text.boot_magic_decode
                0x00004a44       0x18 components/libmcuboot_bootutil.a(bootutil_public.c.obj)
 .text.boot_swap_info_off
                0x00004a5c        0xc components/libmcuboot_bootutil.a(bootutil_public.c.obj)
                0x00004a5c                boot_swap_info_off
 .text.boot_magic_compatible_check
                0x00004a68       0x1e components/libmcuboot_bootutil.a(bootutil_public.c.obj)
                0x00004a68                boot_magic_compatible_check
 .text.bootutil_buffer_is_erased
                0x00004a86       0x2e components/libmcuboot_bootutil.a(bootutil_public.c.obj)
                0x00004a86                bootutil_buffer_is_erased
 .text.boot_read_flag
                0x00004ab4       0x38 components/libmcuboot_bootutil.a(bootutil_public.c.obj)
 .text.boot_read_copy_done
                0x00004aec       0x12 components/libmcuboot_bootutil.a(bootutil_public.c.obj)
 *fill*         0x00004afe        0x2 
 .text.boot_write_magic
                0x00004b00       0x40 components/libmcuboot_bootutil.a(bootutil_public.c.obj)
                0x00004b00                boot_write_magic
 .text.boot_write_trailer
                0x00004b40       0x70 components/libmcuboot_bootutil.a(bootutil_public.c.obj)
                0x00004b40                boot_write_trailer
 .text.boot_write_trailer_flag
                0x00004bb0       0x14 components/libmcuboot_bootutil.a(bootutil_public.c.obj)
                0x00004bb0                boot_write_trailer_flag
 .text.boot_write_image_ok
                0x00004bc4       0x12 components/libmcuboot_bootutil.a(bootutil_public.c.obj)
                0x00004bc4                boot_write_image_ok
 .text.boot_read_image_ok
                0x00004bd6       0x10 components/libmcuboot_bootutil.a(bootutil_public.c.obj)
                0x00004bd6                boot_read_image_ok
 .text.boot_read_swap_state
                0x00004be6       0x96 components/libmcuboot_bootutil.a(bootutil_public.c.obj)
                0x00004be6                boot_read_swap_state
 .text.boot_read_swap_state_by_id
                0x00004c7c       0x2a components/libmcuboot_bootutil.a(bootutil_public.c.obj)
                0x00004c7c                boot_read_swap_state_by_id
 *fill*         0x00004ca6        0x2 
 .text.boot_write_swap_info
                0x00004ca8       0x58 components/libmcuboot_bootutil.a(bootutil_public.c.obj)
                0x00004ca8                boot_write_swap_info
 .text.boot_swap_type_multi
                0x00004d00       0xc8 components/libmcuboot_bootutil.a(bootutil_public.c.obj)
                0x00004d00                boot_swap_type_multi
 .text.boot_write_copy_done
                0x00004dc8       0x14 components/libmcuboot_bootutil.a(bootutil_public.c.obj)
                0x00004dc8                boot_write_copy_done
 .text.boot_set_next
                0x00004ddc       0x94 components/libmcuboot_bootutil.a(bootutil_public.c.obj)
                0x00004ddc                boot_set_next
 .text.boot_set_pending_multi
                0x00004e70       0x36 components/libmcuboot_bootutil.a(bootutil_public.c.obj)
                0x00004e70                boot_set_pending_multi
 .text.boot_set_confirmed_multi
                0x00004ea6       0x34 components/libmcuboot_bootutil.a(bootutil_public.c.obj)
                0x00004ea6                boot_set_confirmed_multi
 *fill*         0x00004eda        0x2 
 .text.bootutil_img_validate
                0x00004edc      0x174 components/libmcuboot_bootutil.a(image_validate.c.obj)
                0x00004edc                bootutil_img_validate
 .text.fill_rsp
                0x00005050       0x10 components/libmcuboot_bootutil.a(loader.c.obj)
 .text.boot_update_hw_rollback_protection
                0x00005060        0x4 components/libmcuboot_bootutil.a(loader.c.obj)
 .text.check_downgrade_prevention
                0x00005064        0x4 components/libmcuboot_bootutil.a(loader.c.obj)
 .text.boot_validate_slot
                0x00005068       0x94 components/libmcuboot_bootutil.a(loader.c.obj)
 .text.boot_validated_swap_type
                0x000050fc       0x4c components/libmcuboot_bootutil.a(loader.c.obj)
 .text.boot_status_reset
                0x00005148       0x14 components/libmcuboot_bootutil.a(loader.c.obj)
                0x00005148                boot_status_reset
 .text.boot_status_is_reset
                0x0000515c       0x22 components/libmcuboot_bootutil.a(loader.c.obj)
                0x0000515c                boot_status_is_reset
 *fill*         0x0000517e        0x2 
 .text.boot_swap_image
                0x00005180       0xd0 components/libmcuboot_bootutil.a(loader.c.obj)
 .text.boot_complete_partial_swap
                0x00005250       0x8c components/libmcuboot_bootutil.a(loader.c.obj)
 .text.boot_prepare_image_for_update
                0x000052dc      0x148 components/libmcuboot_bootutil.a(loader.c.obj)
 .text.boot_write_status
                0x00005424       0x5a components/libmcuboot_bootutil.a(loader.c.obj)
                0x00005424                boot_write_status
 *fill*         0x0000547e        0x2 
 .text.boot_copy_region
                0x00005480       0x58 components/libmcuboot_bootutil.a(loader.c.obj)
                0x00005480                boot_copy_region
 .text.boot_copy_image
                0x000054d8       0xe8 components/libmcuboot_bootutil.a(loader.c.obj)
 .text.boot_perform_update
                0x000055c0       0x90 components/libmcuboot_bootutil.a(loader.c.obj)
 .text.context_boot_go
                0x00005650      0x148 components/libmcuboot_bootutil.a(loader.c.obj)
                0x00005650                context_boot_go
 .text.boot_go  0x00005798       0x24 components/libmcuboot_bootutil.a(loader.c.obj)
                0x00005798                boot_go
 .text.swap_scramble_trailer_sectors
                0x000057bc       0x34 components/libmcuboot_bootutil.a(swap_misc.c.obj)
                0x000057bc                swap_scramble_trailer_sectors
 .text.swap_status_init
                0x000057f0       0x98 components/libmcuboot_bootutil.a(swap_misc.c.obj)
                0x000057f0                swap_status_init
 .text.swap_read_status
                0x00005888       0x9c components/libmcuboot_bootutil.a(swap_misc.c.obj)
                0x00005888                swap_read_status
 .text.swap_set_copy_done
                0x00005924       0x2c components/libmcuboot_bootutil.a(swap_misc.c.obj)
                0x00005924                swap_set_copy_done
 .text.swap_set_image_ok
                0x00005950       0x46 components/libmcuboot_bootutil.a(swap_misc.c.obj)
                0x00005950                swap_set_image_ok
 .text.boot_get_first_trailer_sector
                0x00005996       0x2a components/libmcuboot_bootutil.a(swap_scratch.c.obj)
 .text.get_first_trailer_sector_end_off
                0x000059c0       0x24 components/libmcuboot_bootutil.a(swap_scratch.c.obj)
 .text.boot_copy_sz
                0x000059e4       0x2e components/libmcuboot_bootutil.a(swap_scratch.c.obj)
 .text.find_last_sector_idx
                0x00005a12       0x4a components/libmcuboot_bootutil.a(swap_scratch.c.obj)
 .text.find_swap_count
                0x00005a5c       0x28 components/libmcuboot_bootutil.a(swap_scratch.c.obj)
 .text.boot_swap_sectors
                0x00005a84      0x3fc components/libmcuboot_bootutil.a(swap_scratch.c.obj)
 .text.app_max_size_adjust_to_trailer
                0x00005e80       0x48 components/libmcuboot_bootutil.a(swap_scratch.c.obj)
 .text.swap_read_status_bytes
                0x00005ec8       0xa8 components/libmcuboot_bootutil.a(swap_scratch.c.obj)
                0x00005ec8                swap_read_status_bytes
 .text.boot_status_internal_off
                0x00005f70       0x16 components/libmcuboot_bootutil.a(swap_scratch.c.obj)
                0x00005f70                boot_status_internal_off
 .text.boot_slots_compatible
                0x00005f86       0xde components/libmcuboot_bootutil.a(swap_scratch.c.obj)
                0x00005f86                boot_slots_compatible
 .text.swap_status_source
                0x00006064       0x9c components/libmcuboot_bootutil.a(swap_scratch.c.obj)
                0x00006064                swap_status_source
 .text.swap_run
                0x00006100       0x42 components/libmcuboot_bootutil.a(swap_scratch.c.obj)
                0x00006100                swap_run
 .text.app_max_size
                0x00006142       0xaa components/libmcuboot_bootutil.a(swap_scratch.c.obj)
                0x00006142                app_max_size
 .text.boot_read_image_header
                0x000061ec       0xb4 components/libmcuboot_bootutil.a(swap_scratch.c.obj)
                0x000061ec                boot_read_image_header
 .text.bootutil_tlv_iter_begin
                0x000062a0       0xca components/libmcuboot_bootutil.a(tlv.c.obj)
                0x000062a0                bootutil_tlv_iter_begin
 .text.bootutil_tlv_iter_next
                0x0000636a       0xb8 components/libmcuboot_bootutil.a(tlv.c.obj)
                0x0000636a                bootutil_tlv_iter_next
 .text.boot_status_sz
                0x00006422        0xa components/libmcuboot_bootutil.a(bootutil_area.c.obj)
                0x00006422                boot_status_sz
 .text.boot_trailer_sz
                0x0000642c        0xa components/libmcuboot_bootutil.a(bootutil_area.c.obj)
                0x0000642c                boot_trailer_sz
 .text.boot_scratch_trailer_sz
                0x00006436        0x8 components/libmcuboot_bootutil.a(bootutil_area.c.obj)
                0x00006436                boot_scratch_trailer_sz
 .text.boot_trailer_scramble_offset
                0x0000643e       0x3a components/libmcuboot_bootutil.a(bootutil_area.c.obj)
                0x0000643e                boot_trailer_scramble_offset
 .text.boot_erase_region
                0x00006478       0x88 components/libmcuboot_bootutil.a(bootutil_area.c.obj)
                0x00006478                boot_erase_region
 .text.boot_scramble_region
                0x00006500        0xe components/libmcuboot_bootutil.a(bootutil_area.c.obj)
                0x00006500                boot_scramble_region
 .text.boot_scramble_slot
                0x0000650e        0xe components/libmcuboot_bootutil.a(bootutil_area.c.obj)
                0x0000650e                boot_scramble_slot
 .text.bootutil_find_key
                0x0000651c       0x6c components/libmcuboot_bootutil.a(bootutil_find_key.c.obj)
                0x0000651c                bootutil_find_key
 .text.bootutil_img_hash
                0x00006588       0x76 components/libmcuboot_bootutil.a(bootutil_img_hash.c.obj)
                0x00006588                bootutil_img_hash
 *fill*         0x000065fe        0x2 
 .text.bootutil_import_key
                0x00006600       0xa4 components/libmcuboot_bootutil.a(image_ecdsa.c.obj)
 .text.bootutil_read_bigint
                0x000066a4       0x7c components/libmcuboot_bootutil.a(image_ecdsa.c.obj)
 .text.bootutil_decode_sig
                0x00006720       0x58 components/libmcuboot_bootutil.a(image_ecdsa.c.obj)
 .text.bootutil_ecdsa_verify
                0x00006778       0x4e components/libmcuboot_bootutil.a(image_ecdsa.c.obj)
 *fill*         0x000067c6        0x2 
 .text.bootutil_verify_sig
                0x000067c8       0x80 components/libmcuboot_bootutil.a(image_ecdsa.c.obj)
                0x000067c8                bootutil_verify_sig
 .text.BigEndian
                0x00006848       0x2a components/libtinycrypt.a(sha256.c.obj)
 *fill*         0x00006872        0x2 
 .text.compress
                0x00006874      0x198 components/libtinycrypt.a(sha256.c.obj)
 .text.tc_sha256_init
                0x00006a0c       0x5c components/libtinycrypt.a(sha256.c.obj)
                0x00006a0c                tc_sha256_init
 .text.tc_sha256_update
                0x00006a68       0x56 components/libtinycrypt.a(sha256.c.obj)
                0x00006a68                tc_sha256_update
 .text.tc_sha256_final
                0x00006abe       0xd8 components/libtinycrypt.a(sha256.c.obj)
                0x00006abe                tc_sha256_final
 .text._set     0x00006b96        0x8 components/libtinycrypt.a(utils.c.obj)
                0x00006b96                _set
 .text.vli_numDigits
                0x00006b9e       0x1c components/libtinycrypt.a(ecc.c.obj)
 .text.uECC_vli_rshift1
                0x00006bba       0x22 components/libtinycrypt.a(ecc.c.obj)
 .text.muladd   0x00006bdc       0x2c components/libtinycrypt.a(ecc.c.obj)
 .text.uECC_vli_mult
                0x00006c08       0xc2 components/libtinycrypt.a(ecc.c.obj)
 .text.uECC_vli_clear
                0x00006cca       0x14 components/libtinycrypt.a(ecc.c.obj)
                0x00006cca                uECC_vli_clear
 .text.uECC_vli_isZero
                0x00006cde       0x2c components/libtinycrypt.a(ecc.c.obj)
                0x00006cde                uECC_vli_isZero
 .text.uECC_vli_testBit
                0x00006d0a       0x12 components/libtinycrypt.a(ecc.c.obj)
                0x00006d0a                uECC_vli_testBit
 .text.uECC_vli_numBits
                0x00006d1c       0x34 components/libtinycrypt.a(ecc.c.obj)
                0x00006d1c                uECC_vli_numBits
 .text.uECC_vli_set
                0x00006d50       0x20 components/libtinycrypt.a(ecc.c.obj)
                0x00006d50                uECC_vli_set
 .text.uECC_vli_cmp_unsafe
                0x00006d70       0x36 components/libtinycrypt.a(ecc.c.obj)
                0x00006d70                uECC_vli_cmp_unsafe
 .text.uECC_vli_equal
                0x00006da6       0x3c components/libtinycrypt.a(ecc.c.obj)
                0x00006da6                uECC_vli_equal
 .text.cond_set
                0x00006de2       0x12 components/libtinycrypt.a(ecc.c.obj)
                0x00006de2                cond_set
 .text.uECC_vli_add
                0x00006df4       0x44 components/libtinycrypt.a(ecc.c.obj)
 .text.vli_modInv_update
                0x00006e38       0x3c components/libtinycrypt.a(ecc.c.obj)
 .text.uECC_vli_sub
                0x00006e74       0x44 components/libtinycrypt.a(ecc.c.obj)
                0x00006e74                uECC_vli_sub
 .text.vli_mmod_fast_secp256r1
                0x00006eb8      0x1b0 components/libtinycrypt.a(ecc.c.obj)
                0x00006eb8                vli_mmod_fast_secp256r1
 .text.uECC_vli_modAdd
                0x00007068       0x2e components/libtinycrypt.a(ecc.c.obj)
                0x00007068                uECC_vli_modAdd
 .text.uECC_vli_modSub
                0x00007096       0x22 components/libtinycrypt.a(ecc.c.obj)
                0x00007096                uECC_vli_modSub
 .text.uECC_vli_mmod
                0x000070b8      0x13e components/libtinycrypt.a(ecc.c.obj)
                0x000070b8                uECC_vli_mmod
 .text.uECC_vli_modMult
                0x000071f6       0x24 components/libtinycrypt.a(ecc.c.obj)
                0x000071f6                uECC_vli_modMult
 .text.uECC_vli_modMult_fast
                0x0000721a       0x20 components/libtinycrypt.a(ecc.c.obj)
                0x0000721a                uECC_vli_modMult_fast
 .text.uECC_vli_modSquare_fast
                0x0000723a        0xc components/libtinycrypt.a(ecc.c.obj)
 .text.double_jacobian_default
                0x00007246      0x164 components/libtinycrypt.a(ecc.c.obj)
                0x00007246                double_jacobian_default
 .text.x_side_default
                0x000073aa       0x62 components/libtinycrypt.a(ecc.c.obj)
                0x000073aa                x_side_default
 .text.uECC_vli_modInv
                0x0000740c      0x138 components/libtinycrypt.a(ecc.c.obj)
                0x0000740c                uECC_vli_modInv
 .text.uECC_secp256r1
                0x00007544        0x8 components/libtinycrypt.a(ecc.c.obj)
                0x00007544                uECC_secp256r1
 .text.apply_z  0x0000754c       0x42 components/libtinycrypt.a(ecc.c.obj)
                0x0000754c                apply_z
 .text.XYcZ_add
                0x0000758e       0xde components/libtinycrypt.a(ecc.c.obj)
                0x0000758e                XYcZ_add
 .text.uECC_vli_bytesToNative
                0x0000766c       0x4c components/libtinycrypt.a(ecc.c.obj)
                0x0000766c                uECC_vli_bytesToNative
 .text.smax     0x000076b8        0x8 components/libtinycrypt.a(ecc_dsa.c.obj)
 .text.bits2int
                0x000076c0       0xa4 components/libtinycrypt.a(ecc_dsa.c.obj)
 .text.uECC_verify
                0x00007764      0x302 components/libtinycrypt.a(ecc_dsa.c.obj)
                0x00007764                uECC_verify
 .text.mbedtls_asn1_get_len
                0x00007a66       0xe2 components/libmcuboot_asn1.a(asn1parse.c.obj)
                0x00007a66                mbedtls_asn1_get_len
 .text.mbedtls_asn1_get_tag
                0x00007b48       0x2c components/libmcuboot_asn1.a(asn1parse.c.obj)
                0x00007b48                mbedtls_asn1_get_tag
 .text.mbedtls_asn1_get_bitstring_null
                0x00007b74       0x2e components/libmcuboot_asn1.a(asn1parse.c.obj)
                0x00007b74                mbedtls_asn1_get_bitstring_null
 .text.mbedtls_asn1_get_alg
                0x00007ba2       0x96 components/libmcuboot_asn1.a(asn1parse.c.obj)
                0x00007ba2                mbedtls_asn1_get_alg
 .text.mbedtls_platform_zeroize
                0x00007c38       0x18 components/libmcuboot_asn1.a(platform_util.c.obj)
                0x00007c38                mbedtls_platform_zeroize
 .text.fw_update_product_config_get
                0x00007c50       0x2c components/fw_update/libfw_update_core.a(product_config.c.obj)
                0x00007c50                fw_update_product_config_get
 .text.fw_update_product_config_set
                0x00007c7c       0x2c components/fw_update/libfw_update_core.a(product_config.c.obj)
                0x00007c7c                fw_update_product_config_set
 .text.read_u16_le
                0x00007ca8        0xa components/fw_update/libfw_update_core.a(manager.c.obj)
 .text.read_u32_le
                0x00007cb2       0x16 components/fw_update/libfw_update_core.a(manager.c.obj)
 .text.write_u16_le
                0x00007cc8        0x8 components/fw_update/libfw_update_core.a(manager.c.obj)
 .text.write_u32_le
                0x00007cd0       0x14 components/fw_update/libfw_update_core.a(manager.c.obj)
 .text.write_version
                0x00007ce4       0x20 components/fw_update/libfw_update_core.a(manager.c.obj)
 .text.write_product_config
                0x00007d04       0x2e components/fw_update/libfw_update_core.a(manager.c.obj)
 .text.read_version
                0x00007d32       0x22 components/fw_update/libfw_update_core.a(manager.c.obj)
 .text.clear_cached_exchange
                0x00007d54       0x10 components/fw_update/libfw_update_core.a(manager.c.obj)
 .text.clear_tx
                0x00007d64       0x1c components/fw_update/libfw_update_core.a(manager.c.obj)
 .text.clear_commit_lifecycle
                0x00007d80       0x18 components/fw_update/libfw_update_core.a(manager.c.obj)
 .text.timeout_is_active
                0x00007d98       0x22 components/fw_update/libfw_update_core.a(manager.c.obj)
 .text.schedule_reset_if_ready
                0x00007dba       0x20 components/fw_update/libfw_update_core.a(manager.c.obj)
 .text.state_allows_abort
                0x00007dda       0x1c components/fw_update/libfw_update_core.a(manager.c.obj)
 .text.storage_failed
                0x00007df6        0xa components/fw_update/libfw_update_core.a(manager.c.obj)
 .text.validate_begin
                0x00007e00       0x94 components/fw_update/libfw_update_core.a(manager.c.obj)
 .text.handle_hello
                0x00007e94       0x4a components/fw_update/libfw_update_core.a(manager.c.obj)
 .text.handle_device_info
                0x00007ede       0x7e components/fw_update/libfw_update_core.a(manager.c.obj)
 .text.handle_product_config_get
                0x00007f5c       0x2a components/fw_update/libfw_update_core.a(manager.c.obj)
 .text.validate_request_frame
                0x00007f86       0x60 components/fw_update/libfw_update_core.a(manager.c.obj)
 .text.protocol_error_limit_reached
                0x00007fe6       0x3a components/fw_update/libfw_update_core.a(manager.c.obj)
 .text.clear_session
                0x00008020       0x20 components/fw_update/libfw_update_core.a(manager.c.obj)
 .text.handle_abort
                0x00008040       0x30 components/fw_update/libfw_update_core.a(manager.c.obj)
 .text.reset_to_idle
                0x00008070       0x40 components/fw_update/libfw_update_core.a(manager.c.obj)
 .text.request_is_exact_duplicate
                0x000080b0       0x2c components/fw_update/libfw_update_core.a(manager.c.obj)
 .text.queue_cached_response
                0x000080dc       0x56 components/fw_update/libfw_update_core.a(manager.c.obj)
 .text.finish_tx
                0x00008132       0x90 components/fw_update/libfw_update_core.a(manager.c.obj)
 .text.handle_product_config_set
                0x000081c2       0xac components/fw_update/libfw_update_core.a(manager.c.obj)
 .text.handle_begin
                0x0000826e       0x72 components/fw_update/libfw_update_core.a(manager.c.obj)
 .text.flush_prefix
                0x000082e0       0x78 components/fw_update/libfw_update_core.a(manager.c.obj)
 .text.receive_data
                0x00008358       0xaa components/fw_update/libfw_update_core.a(manager.c.obj)
 .text.handle_data
                0x00008402       0x78 components/fw_update/libfw_update_core.a(manager.c.obj)
 .text.handle_end
                0x0000847a       0xda components/fw_update/libfw_update_core.a(manager.c.obj)
 .text.handle_commit
                0x00008554       0x4c components/fw_update/libfw_update_core.a(manager.c.obj)
 .text.handle_frame
                0x000085a0       0x6a components/fw_update/libfw_update_core.a(manager.c.obj)
 .text.queue_response
                0x0000860a      0x132 components/fw_update/libfw_update_core.a(manager.c.obj)
 .text.fw_update_manager_init
                0x0000873c       0xd8 components/fw_update/libfw_update_core.a(manager.c.obj)
                0x0000873c                fw_update_manager_init
 .text.fw_update_manager_feed
                0x00008814      0x20a components/fw_update/libfw_update_core.a(manager.c.obj)
                0x00008814                fw_update_manager_feed
 .text.fw_update_manager_tx_view
                0x00008a1e       0x52 components/fw_update/libfw_update_core.a(manager.c.obj)
                0x00008a1e                fw_update_manager_tx_view
 .text.fw_update_manager_consume_tx
                0x00008a70       0x44 components/fw_update/libfw_update_core.a(manager.c.obj)
                0x00008a70                fw_update_manager_consume_tx
 .text.fw_update_manager_poll
                0x00008ab4       0x4e components/fw_update/libfw_update_core.a(manager.c.obj)
                0x00008ab4                fw_update_manager_poll
 .text.fw_update_manager_notify_disconnect
                0x00008b02       0x5a components/fw_update/libfw_update_core.a(manager.c.obj)
                0x00008b02                fw_update_manager_notify_disconnect
 .text.fw_update_manager_notify_tx_idle
                0x00008b5c       0x22 components/fw_update/libfw_update_core.a(manager.c.obj)
                0x00008b5c                fw_update_manager_notify_tx_idle
 .text.fw_update_manager_take_action
                0x00008b7e       0x20 components/fw_update/libfw_update_core.a(manager.c.obj)
                0x00008b7e                fw_update_manager_take_action
 .text.valid_range
                0x00008b9e       0x1e components/fw_update/libfw_update_core.a(storage.c.obj)
 .text.fw_update_storage_get_info
                0x00008bbc       0x4e components/fw_update/libfw_update_core.a(storage.c.obj)
                0x00008bbc                fw_update_storage_get_info
 .text.fw_update_storage_erase_all
                0x00008c0a       0x24 components/fw_update/libfw_update_core.a(storage.c.obj)
                0x00008c0a                fw_update_storage_erase_all
 .text.fw_update_storage_write
                0x00008c2e       0x8c components/fw_update/libfw_update_core.a(storage.c.obj)
                0x00008c2e                fw_update_storage_write
 .text.fw_update_storage_read
                0x00008cba       0x6a components/fw_update/libfw_update_core.a(storage.c.obj)
                0x00008cba                fw_update_storage_read
 .text.fw_update_boot_control_request_test_upgrade
                0x00008d24       0x24 components/fw_update/libfw_update_core.a(boot_control.c.obj)
                0x00008d24                fw_update_boot_control_request_test_upgrade
 .text.read_u16_le
                0x00008d48        0xa components/fw_update/libfw_update_core.a(protocol.c.obj)
 .text.read_u32_le
                0x00008d52       0x16 components/fw_update/libfw_update_core.a(protocol.c.obj)
 .text.write_u16_le
                0x00008d68        0x8 components/fw_update/libfw_update_core.a(protocol.c.obj)
 .text.write_u32_le
                0x00008d70       0x14 components/fw_update/libfw_update_core.a(protocol.c.obj)
 .text.flags_are_valid
                0x00008d84       0x14 components/fw_update/libfw_update_core.a(protocol.c.obj)
 .text.parser_seek_magic
                0x00008d98       0x30 components/fw_update/libfw_update_core.a(protocol.c.obj)
 .text.fw_protocol_crc32_init
                0x00008dc8        0xa components/fw_update/libfw_update_core.a(protocol.c.obj)
                0x00008dc8                fw_protocol_crc32_init
 *fill*         0x00008dd2        0x2 
 .text.fw_protocol_crc32_update
                0x00008dd4       0x58 components/fw_update/libfw_update_core.a(protocol.c.obj)
                0x00008dd4                fw_protocol_crc32_update
 .text.fw_protocol_crc32_finalize
                0x00008e2c        0xc components/fw_update/libfw_update_core.a(protocol.c.obj)
                0x00008e2c                fw_protocol_crc32_finalize
 .text.fw_protocol_crc32
                0x00008e38       0x2a components/fw_update/libfw_update_core.a(protocol.c.obj)
                0x00008e38                fw_protocol_crc32
 *fill*         0x00008e62        0x2 
 .text.fw_protocol_encode
                0x00008e64       0xd4 components/fw_update/libfw_update_core.a(protocol.c.obj)
                0x00008e64                fw_protocol_encode
 .text.fw_protocol_decode
                0x00008f38       0xd4 components/fw_update/libfw_update_core.a(protocol.c.obj)
                0x00008f38                fw_protocol_decode
 .text.fw_protocol_parser_reset
                0x0000900c        0xe components/fw_update/libfw_update_core.a(protocol.c.obj)
                0x0000900c                fw_protocol_parser_reset
 *fill*         0x0000901a        0x2 
 .text.parser_resync_header
                0x0000901c       0x4c components/fw_update/libfw_update_core.a(protocol.c.obj)
 .text.fw_protocol_parser_init
                0x00009068        0x8 components/fw_update/libfw_update_core.a(protocol.c.obj)
                0x00009068                fw_protocol_parser_init
 .text.fw_protocol_parser_feed
                0x00009070       0xde components/fw_update/libfw_update_core.a(protocol.c.obj)
                0x00009070                fw_protocol_parser_feed
 .text.get_next_sector_addr
                0x0000914e       0x34 components/flashdb_port/libhc32_flashdb.a(fdb_kvdb.c.obj)
 .text.sector_statistics_cb
                0x00009182       0x2a components/flashdb_port/libhc32_flashdb.a(fdb_kvdb.c.obj)
 .text.alloc_kv_cb
                0x000091ac       0x3e components/flashdb_port/libhc32_flashdb.a(fdb_kvdb.c.obj)
 .text.gc_check_cb
                0x000091ea       0x12 components/flashdb_port/libhc32_flashdb.a(fdb_kvdb.c.obj)
 .text.check_oldest_addr_cb
                0x000091fc       0x1e components/flashdb_port/libhc32_flashdb.a(fdb_kvdb.c.obj)
 .text.find_kv_cb
                0x0000921a       0x40 components/flashdb_port/libhc32_flashdb.a(fdb_kvdb.c.obj)
 *fill*         0x0000925a        0x2 
 .text.find_next_kv_addr
                0x0000925c       0x98 components/flashdb_port/libhc32_flashdb.a(fdb_kvdb.c.obj)
 .text.get_next_kv_addr
                0x000092f4       0x6c components/flashdb_port/libhc32_flashdb.a(fdb_kvdb.c.obj)
 .text.update_sec_status
                0x00009360       0x64 components/flashdb_port/libhc32_flashdb.a(fdb_kvdb.c.obj)
 .text.read_kv  0x000093c4      0x148 components/flashdb_port/libhc32_flashdb.a(fdb_kvdb.c.obj)
 .text.read_sector_info
                0x0000950c      0x11c components/flashdb_port/libhc32_flashdb.a(fdb_kvdb.c.obj)
 .text.sector_iterator
                0x00009628       0x72 components/flashdb_port/libhc32_flashdb.a(fdb_kvdb.c.obj)
 *fill*         0x0000969a        0x2 
 .text.alloc_kv
                0x0000969c       0x90 components/flashdb_port/libhc32_flashdb.a(fdb_kvdb.c.obj)
 .text.gc_collect_by_free_size
                0x0000972c       0x58 components/flashdb_port/libhc32_flashdb.a(fdb_kvdb.c.obj)
 .text.new_kv   0x00009784       0x40 components/flashdb_port/libhc32_flashdb.a(fdb_kvdb.c.obj)
 .text.new_kv_ex
                0x000097c4       0x18 components/flashdb_port/libhc32_flashdb.a(fdb_kvdb.c.obj)
 .text.gc_collect
                0x000097dc        0xa components/flashdb_port/libhc32_flashdb.a(fdb_kvdb.c.obj)
 .text.check_and_recovery_gc_cb
                0x000097e6       0x22 components/flashdb_port/libhc32_flashdb.a(fdb_kvdb.c.obj)
 .text.kv_iterator
                0x00009808       0x7c components/flashdb_port/libhc32_flashdb.a(fdb_kvdb.c.obj)
 .text.find_kv_no_cache
                0x00009884       0x28 components/flashdb_port/libhc32_flashdb.a(fdb_kvdb.c.obj)
 .text.find_kv  0x000098ac        0x8 components/flashdb_port/libhc32_flashdb.a(fdb_kvdb.c.obj)
 .text.get_kv   0x000098b4       0x46 components/flashdb_port/libhc32_flashdb.a(fdb_kvdb.c.obj)
 .text.del_kv   0x000098fa       0xa8 components/flashdb_port/libhc32_flashdb.a(fdb_kvdb.c.obj)
 .text.write_kv_hdr
                0x000099a2       0x2e components/flashdb_port/libhc32_flashdb.a(fdb_kvdb.c.obj)
 .text.create_kv_blob
                0x000099d0      0x1a4 components/flashdb_port/libhc32_flashdb.a(fdb_kvdb.c.obj)
 .text.set_kv   0x00009b74       0xb2 components/flashdb_port/libhc32_flashdb.a(fdb_kvdb.c.obj)
 .text.move_kv  0x00009c26      0x10a components/flashdb_port/libhc32_flashdb.a(fdb_kvdb.c.obj)
 .text.check_and_recovery_kv_cb
                0x00009d30       0x4a components/flashdb_port/libhc32_flashdb.a(fdb_kvdb.c.obj)
 *fill*         0x00009d7a        0x2 
 .text.format_sector
                0x00009d7c       0x88 components/flashdb_port/libhc32_flashdb.a(fdb_kvdb.c.obj)
 .text.do_gc    0x00009e04       0xb4 components/flashdb_port/libhc32_flashdb.a(fdb_kvdb.c.obj)
 .text.check_sec_hdr_cb
                0x00009eb8       0x26 components/flashdb_port/libhc32_flashdb.a(fdb_kvdb.c.obj)
 .text.fdb_kv_get_blob
                0x00009ede       0x3a components/flashdb_port/libhc32_flashdb.a(fdb_kvdb.c.obj)
                0x00009ede                fdb_kv_get_blob
 .text.fdb_kv_set_blob
                0x00009f18       0x30 components/flashdb_port/libhc32_flashdb.a(fdb_kvdb.c.obj)
                0x00009f18                fdb_kv_set_blob
 .text.fdb_kv_set_default
                0x00009f48       0x88 components/flashdb_port/libhc32_flashdb.a(fdb_kvdb.c.obj)
                0x00009f48                fdb_kv_set_default
 .text._fdb_kv_load
                0x00009fd0       0x8c components/flashdb_port/libhc32_flashdb.a(fdb_kvdb.c.obj)
 .text.fdb_kvdb_init
                0x0000a05c       0xa8 components/flashdb_port/libhc32_flashdb.a(fdb_kvdb.c.obj)
                0x0000a05c                fdb_kvdb_init
 .text.fdb_calc_crc32
                0x0000a104       0x28 components/flashdb_port/libhc32_flashdb.a(fdb_utils.c.obj)
                0x0000a104                fdb_calc_crc32
 .text._fdb_set_status
                0x0000a12c       0x28 components/flashdb_port/libhc32_flashdb.a(fdb_utils.c.obj)
                0x0000a12c                _fdb_set_status
 .text._fdb_get_status
                0x0000a154       0x24 components/flashdb_port/libhc32_flashdb.a(fdb_utils.c.obj)
                0x0000a154                _fdb_get_status
 .text.fdb_blob_make
                0x0000a178        0x6 components/flashdb_port/libhc32_flashdb.a(fdb_utils.c.obj)
                0x0000a178                fdb_blob_make
 .text._fdb_flash_read
                0x0000a17e       0x1c components/flashdb_port/libhc32_flashdb.a(fdb_utils.c.obj)
                0x0000a17e                _fdb_flash_read
 .text._fdb_read_status
                0x0000a19a       0x1e components/flashdb_port/libhc32_flashdb.a(fdb_utils.c.obj)
                0x0000a19a                _fdb_read_status
 .text._fdb_continue_ff_addr
                0x0000a1b8       0x74 components/flashdb_port/libhc32_flashdb.a(fdb_utils.c.obj)
                0x0000a1b8                _fdb_continue_ff_addr
 .text._fdb_flash_erase
                0x0000a22c       0x1c components/flashdb_port/libhc32_flashdb.a(fdb_utils.c.obj)
                0x0000a22c                _fdb_flash_erase
 .text._fdb_flash_write
                0x0000a248       0x1c components/flashdb_port/libhc32_flashdb.a(fdb_utils.c.obj)
                0x0000a248                _fdb_flash_write
 .text._fdb_write_status
                0x0000a264       0x3e components/flashdb_port/libhc32_flashdb.a(fdb_utils.c.obj)
                0x0000a264                _fdb_write_status
 .text._fdb_flash_write_align
                0x0000a2a2       0x5e components/flashdb_port/libhc32_flashdb.a(fdb_utils.c.obj)
                0x0000a2a2                _fdb_flash_write_align
 .text.flash_device_find_by_part
                0x0000a300       0x18 components/flashdb_port/libhc32_flashdb.a(fal_partition.c.obj)
 .text.check_and_update_part_cache
                0x0000a318       0x48 components/flashdb_port/libhc32_flashdb.a(fal_partition.c.obj)
 .text.fal_partition_init
                0x0000a360       0x3c components/flashdb_port/libhc32_flashdb.a(fal_partition.c.obj)
                0x0000a360                fal_partition_init
 .text.fal_partition_find
                0x0000a39c       0x38 components/flashdb_port/libhc32_flashdb.a(fal_partition.c.obj)
                0x0000a39c                fal_partition_find
 .text.fal_partition_read
                0x0000a3d4       0x34 components/flashdb_port/libhc32_flashdb.a(fal_partition.c.obj)
                0x0000a3d4                fal_partition_read
 .text.fal_partition_write
                0x0000a408       0x34 components/flashdb_port/libhc32_flashdb.a(fal_partition.c.obj)
                0x0000a408                fal_partition_write
 .text.fal_partition_erase
                0x0000a43c       0x2e components/flashdb_port/libhc32_flashdb.a(fal_partition.c.obj)
                0x0000a43c                fal_partition_erase
 .text._fdb_init_ex
                0x0000a46a       0x8a components/flashdb_port/libhc32_flashdb.a(fdb.c.obj)
                0x0000a46a                _fdb_init_ex
 .text._fdb_init_finish
                0x0000a4f4       0x18 components/flashdb_port/libhc32_flashdb.a(fdb.c.obj)
                0x0000a4f4                _fdb_init_finish
 .text.fal_init
                0x0000a50c       0x30 components/flashdb_port/libhc32_flashdb.a(fal.c.obj)
                0x0000a50c                fal_init
 .text.fal_flash_init
                0x0000a53c       0x30 components/flashdb_port/libhc32_flashdb.a(fal_flash.c.obj)
                0x0000a53c                fal_flash_init
 .text.fal_flash_device_find
                0x0000a56c       0x24 components/flashdb_port/libhc32_flashdb.a(fal_flash.c.obj)
                0x0000a56c                fal_flash_device_find
 .text.config_area_open
                0x0000a590        0xc components/flashdb_port/libhc32_flashdb.a(fal_flash_hc32.c.obj)
 .text.config_flash_erase
                0x0000a59c       0x3c components/flashdb_port/libhc32_flashdb.a(fal_flash_hc32.c.obj)
 .text.config_flash_init
                0x0000a5d8       0x38 components/flashdb_port/libhc32_flashdb.a(fal_flash_hc32.c.obj)
 .text.config_flash_write
                0x0000a610       0x42 components/flashdb_port/libhc32_flashdb.a(fal_flash_hc32.c.obj)
 .text.config_flash_read
                0x0000a652       0x42 components/flashdb_port/libhc32_flashdb.a(fal_flash_hc32.c.obj)
 .text.find_area
                0x0000a694       0x2c components/mcuboot_port/libmcuboot_port_hc32.a(flash_map_backend.c.obj)
 .text.known_area
                0x0000a6c0       0x1c components/mcuboot_port/libmcuboot_port_hc32.a(flash_map_backend.c.obj)
 .text.valid_range
                0x0000a6dc       0x30 components/mcuboot_port/libmcuboot_port_hc32.a(flash_map_backend.c.obj)
 .text.flash_area_open
                0x0000a70c       0x1e components/mcuboot_port/libmcuboot_port_hc32.a(flash_map_backend.c.obj)
                0x0000a70c                flash_area_open
 .text.flash_area_close
                0x0000a72a        0x2 components/mcuboot_port/libmcuboot_port_hc32.a(flash_map_backend.c.obj)
                0x0000a72a                flash_area_close
 .text.flash_area_read
                0x0000a72c       0x2e components/mcuboot_port/libmcuboot_port_hc32.a(flash_map_backend.c.obj)
                0x0000a72c                flash_area_read
 .text.flash_area_write
                0x0000a75a       0x46 components/mcuboot_port/libmcuboot_port_hc32.a(flash_map_backend.c.obj)
                0x0000a75a                flash_area_write
 .text.flash_area_erase
                0x0000a7a0       0x4c components/mcuboot_port/libmcuboot_port_hc32.a(flash_map_backend.c.obj)
                0x0000a7a0                flash_area_erase
 .text.flash_area_align
                0x0000a7ec       0x10 components/mcuboot_port/libmcuboot_port_hc32.a(flash_map_backend.c.obj)
                0x0000a7ec                flash_area_align
 .text.flash_area_erased_val
                0x0000a7fc        0x4 components/mcuboot_port/libmcuboot_port_hc32.a(flash_map_backend.c.obj)
                0x0000a7fc                flash_area_erased_val
 .text.flash_area_get_sectors
                0x0000a800       0x5e components/mcuboot_port/libmcuboot_port_hc32.a(flash_map_backend.c.obj)
                0x0000a800                flash_area_get_sectors
 .text.flash_area_get_sector
                0x0000a85e       0x38 components/mcuboot_port/libmcuboot_port_hc32.a(flash_map_backend.c.obj)
                0x0000a85e                flash_area_get_sector
 .text.flash_area_id_from_multi_image_slot
                0x0000a896       0x1c components/mcuboot_port/libmcuboot_port_hc32.a(flash_map_backend.c.obj)
                0x0000a896                flash_area_id_from_multi_image_slot
 .text.bsp_flash_range_is_valid
                0x0000a8b2       0x20 Platform/libhc32_platform.a(bsp_flash.c.obj)
 .text.bsp_flash_begin_operation
                0x0000a8d2       0x16 Platform/libhc32_platform.a(bsp_flash.c.obj)
 .text.bsp_flash_end_operation
                0x0000a8e8       0x16 Platform/libhc32_platform.a(bsp_flash.c.obj)
 .text.bsp_flash_write
                0x0000a8fe       0x54 Platform/libhc32_platform.a(bsp_flash.c.obj)
                0x0000a8fe                bsp_flash_write
 .text.bsp_flash_erase_sector
                0x0000a952       0x36 Platform/libhc32_platform.a(bsp_flash.c.obj)
                0x0000a952                bsp_flash_erase_sector
 .text.bsp_flash_read
                0x0000a988       0x2a Platform/libhc32_platform.a(bsp_flash.c.obj)
                0x0000a988                bsp_flash_read
 *fill*         0x0000a9b2        0x2 
 .text.LL_PERIPH_WE
                0x0000a9b4       0x8c Drivers/libhc32_ll.a(hc32_ll.c.obj)
                0x0000a9b4                LL_PERIPH_WE
 .text.LL_PERIPH_WP
                0x0000aa40       0x90 Drivers/libhc32_ll.a(hc32_ll.c.obj)
                0x0000aa40                LL_PERIPH_WP
 .text.SetSysClockSrc
                0x0000aad0       0x80 Drivers/libhc32_ll.a(hc32_ll_clk.c.obj)
 .text.SetSysClockDiv
                0x0000ab50       0x84 Drivers/libhc32_ll.a(hc32_ll_clk.c.obj)
 .text.CLK_XtalStructInit
                0x0000abd4       0x1e Drivers/libhc32_ll.a(hc32_ll_clk.c.obj)
                0x0000abd4                CLK_XtalStructInit
 .text.CLK_PLLStructInit
                0x0000abf2       0x36 Drivers/libhc32_ll.a(hc32_ll_clk.c.obj)
                0x0000abf2                CLK_PLLStructInit
 .text.CLK_PLLxStructInit
                0x0000ac28       0x36 Drivers/libhc32_ll.a(hc32_ll_clk.c.obj)
                0x0000ac28                CLK_PLLxStructInit
 *fill*         0x0000ac5e        0x2 
 .text.CLK_GetStableStatus
                0x0000ac60       0x14 Drivers/libhc32_ll.a(hc32_ll_clk.c.obj)
                0x0000ac60                CLK_GetStableStatus
 .text.CLK_WaitStable
                0x0000ac74       0x30 Drivers/libhc32_ll.a(hc32_ll_clk.c.obj)
 .text.CLK_XtalCmd
                0x0000aca4       0x60 Drivers/libhc32_ll.a(hc32_ll_clk.c.obj)
                0x0000aca4                CLK_XtalCmd
 .text.CLK_XtalInit
                0x0000ad04       0x40 Drivers/libhc32_ll.a(hc32_ll_clk.c.obj)
                0x0000ad04                CLK_XtalInit
 .text.CLK_PLLCmd
                0x0000ad44       0x60 Drivers/libhc32_ll.a(hc32_ll_clk.c.obj)
                0x0000ad44                CLK_PLLCmd
 .text.CLK_PLLInit
                0x0000ada4       0x40 Drivers/libhc32_ll.a(hc32_ll_clk.c.obj)
                0x0000ada4                CLK_PLLInit
 .text.CLK_PLLxCmd
                0x0000ade4       0x4c Drivers/libhc32_ll.a(hc32_ll_clk.c.obj)
                0x0000ade4                CLK_PLLxCmd
 .text.CLK_PLLxInit
                0x0000ae30       0x2c Drivers/libhc32_ll.a(hc32_ll_clk.c.obj)
                0x0000ae30                CLK_PLLxInit
 .text.CLK_SetSysClockSrc
                0x0000ae5c        0xc Drivers/libhc32_ll.a(hc32_ll_clk.c.obj)
                0x0000ae5c                CLK_SetSysClockSrc
 .text.CLK_SetClockDiv
                0x0000ae68        0xc Drivers/libhc32_ll.a(hc32_ll_clk.c.obj)
                0x0000ae68                CLK_SetClockDiv
 .text.CLK_SetUSBClockSrc
                0x0000ae74       0x14 Drivers/libhc32_ll.a(hc32_ll_clk.c.obj)
                0x0000ae74                CLK_SetUSBClockSrc
 .text.EFM_SetWaitCycle
                0x0000ae88       0x54 Drivers/libhc32_ll.a(hc32_ll_efm.c.obj)
                0x0000ae88                EFM_SetWaitCycle
 .text.EFM_CacheRamReset
                0x0000aedc        0xc Drivers/libhc32_ll.a(hc32_ll_efm.c.obj)
                0x0000aedc                EFM_CacheRamReset
 .text.EFM_CacheCmd
                0x0000aee8        0xc Drivers/libhc32_ll.a(hc32_ll_efm.c.obj)
                0x0000aee8                EFM_CacheCmd
 .text.EFM_GetStatus
                0x0000aef4       0x14 Drivers/libhc32_ll.a(hc32_ll_efm.c.obj)
                0x0000aef4                EFM_GetStatus
 .text.EFM_WaitFlag
                0x0000af08       0x2e Drivers/libhc32_ll.a(hc32_ll_efm.c.obj)
 *fill*         0x0000af36        0x2 
 .text.EFM_ClearStatus
                0x0000af38        0xc Drivers/libhc32_ll.a(hc32_ll_efm.c.obj)
                0x0000af38                EFM_ClearStatus
 .text.EFM_WaitEnd
                0x0000af44       0x3a Drivers/libhc32_ll.a(hc32_ll_efm.c.obj)
 *fill*         0x0000af7e        0x2 
 .text.EFM_SetBusStatus
                0x0000af80        0xc Drivers/libhc32_ll.a(hc32_ll_efm.c.obj)
                0x0000af80                EFM_SetBusStatus
 .text.EFM_ReadByte
                0x0000af8c       0x58 Drivers/libhc32_ll.a(hc32_ll_efm.c.obj)
                0x0000af8c                EFM_ReadByte
 .text.EFM_Program
                0x0000afe4       0xd4 Drivers/libhc32_ll.a(hc32_ll_efm.c.obj)
                0x0000afe4                EFM_Program
 .text.EFM_SectorErase
                0x0000b0b8       0x7c Drivers/libhc32_ll.a(hc32_ll_efm.c.obj)
                0x0000b0b8                EFM_SectorErase
 .text.EFM_FWMC_Cmd
                0x0000b134        0xc Drivers/libhc32_ll.a(hc32_ll_efm.c.obj)
                0x0000b134                EFM_FWMC_Cmd
 .text.FCG_Fcg1PeriphClockCmd
                0x0000b140       0x20 Drivers/libhc32_ll.a(hc32_ll_fcg.c.obj)
                0x0000b140                FCG_Fcg1PeriphClockCmd
 .text.GPIO_Init
                0x0000b160       0xb4 Drivers/libhc32_ll.a(hc32_ll_gpio.c.obj)
                0x0000b160                GPIO_Init
 .text.GPIO_StructInit
                0x0000b214       0x20 Drivers/libhc32_ll.a(hc32_ll_gpio.c.obj)
                0x0000b214                GPIO_StructInit
 .text.GPIO_SetFunc
                0x0000b234       0x54 Drivers/libhc32_ll.a(hc32_ll_gpio.c.obj)
                0x0000b234                GPIO_SetFunc
 .text.GPIO_SetReadWaitCycle
                0x0000b288       0x1c Drivers/libhc32_ll.a(hc32_ll_gpio.c.obj)
                0x0000b288                GPIO_SetReadWaitCycle
 .text.GPIO_ReadOutputPins
                0x0000b2a4       0x14 Drivers/libhc32_ll.a(hc32_ll_gpio.c.obj)
                0x0000b2a4                GPIO_ReadOutputPins
 .text.GPIO_SetPins
                0x0000b2b8       0x14 Drivers/libhc32_ll.a(hc32_ll_gpio.c.obj)
                0x0000b2b8                GPIO_SetPins
 .text.GPIO_ResetPins
                0x0000b2cc       0x14 Drivers/libhc32_ll.a(hc32_ll_gpio.c.obj)
                0x0000b2cc                GPIO_ResetPins
 .text.GPIO_AnalogCmd
                0x0000b2e0       0x6c Drivers/libhc32_ll.a(hc32_ll_gpio.c.obj)
                0x0000b2e0                GPIO_AnalogCmd
 .text.INTC_IrqSignIn
                0x0000b34c       0x84 Drivers/libhc32_ll.a(hc32_ll_interrupts.c.obj)
                0x0000b34c                INTC_IrqSignIn
 .text.IRQ000_Handler
                0x0000b3d0       0x14 Drivers/libhc32_ll.a(hc32_ll_interrupts.c.obj)
                0x0000b3d0                IRQ000_Handler
 .text.IRQ001_Handler
                0x0000b3e4       0x14 Drivers/libhc32_ll.a(hc32_ll_interrupts.c.obj)
                0x0000b3e4                IRQ001_Handler
 .text.IRQ002_Handler
                0x0000b3f8       0x14 Drivers/libhc32_ll.a(hc32_ll_interrupts.c.obj)
                0x0000b3f8                IRQ002_Handler
 .text.IRQ003_Handler
                0x0000b40c       0x14 Drivers/libhc32_ll.a(hc32_ll_interrupts.c.obj)
                0x0000b40c                IRQ003_Handler
 .text.IRQ004_Handler
                0x0000b420       0x14 Drivers/libhc32_ll.a(hc32_ll_interrupts.c.obj)
                0x0000b420                IRQ004_Handler
 .text.IRQ005_Handler
                0x0000b434       0x14 Drivers/libhc32_ll.a(hc32_ll_interrupts.c.obj)
                0x0000b434                IRQ005_Handler
 .text.IRQ006_Handler
                0x0000b448       0x14 Drivers/libhc32_ll.a(hc32_ll_interrupts.c.obj)
                0x0000b448                IRQ006_Handler
 .text.IRQ007_Handler
                0x0000b45c       0x14 Drivers/libhc32_ll.a(hc32_ll_interrupts.c.obj)
                0x0000b45c                IRQ007_Handler
 .text.IRQ008_Handler
                0x0000b470       0x14 Drivers/libhc32_ll.a(hc32_ll_interrupts.c.obj)
                0x0000b470                IRQ008_Handler
 .text.IRQ009_Handler
                0x0000b484       0x14 Drivers/libhc32_ll.a(hc32_ll_interrupts.c.obj)
                0x0000b484                IRQ009_Handler
 .text.IRQ010_Handler
                0x0000b498       0x14 Drivers/libhc32_ll.a(hc32_ll_interrupts.c.obj)
                0x0000b498                IRQ010_Handler
 .text.IRQ011_Handler
                0x0000b4ac       0x14 Drivers/libhc32_ll.a(hc32_ll_interrupts.c.obj)
                0x0000b4ac                IRQ011_Handler
 .text.IRQ012_Handler
                0x0000b4c0       0x14 Drivers/libhc32_ll.a(hc32_ll_interrupts.c.obj)
                0x0000b4c0                IRQ012_Handler
 .text.IRQ013_Handler
                0x0000b4d4       0x14 Drivers/libhc32_ll.a(hc32_ll_interrupts.c.obj)
                0x0000b4d4                IRQ013_Handler
 .text.IRQ014_Handler
                0x0000b4e8       0x14 Drivers/libhc32_ll.a(hc32_ll_interrupts.c.obj)
                0x0000b4e8                IRQ014_Handler
 .text.IRQ015_Handler
                0x0000b4fc       0x14 Drivers/libhc32_ll.a(hc32_ll_interrupts.c.obj)
                0x0000b4fc                IRQ015_Handler
 .text.IRQ016_Handler
                0x0000b510       0x14 Drivers/libhc32_ll.a(hc32_ll_interrupts.c.obj)
                0x0000b510                IRQ016_Handler
 .text.IRQ017_Handler
                0x0000b524       0x14 Drivers/libhc32_ll.a(hc32_ll_interrupts.c.obj)
                0x0000b524                IRQ017_Handler
 .text.IRQ018_Handler
                0x0000b538       0x14 Drivers/libhc32_ll.a(hc32_ll_interrupts.c.obj)
                0x0000b538                IRQ018_Handler
 .text.IRQ019_Handler
                0x0000b54c       0x14 Drivers/libhc32_ll.a(hc32_ll_interrupts.c.obj)
                0x0000b54c                IRQ019_Handler
 .text.IRQ020_Handler
                0x0000b560       0x14 Drivers/libhc32_ll.a(hc32_ll_interrupts.c.obj)
                0x0000b560                IRQ020_Handler
 .text.IRQ021_Handler
                0x0000b574       0x14 Drivers/libhc32_ll.a(hc32_ll_interrupts.c.obj)
                0x0000b574                IRQ021_Handler
 .text.IRQ022_Handler
                0x0000b588       0x14 Drivers/libhc32_ll.a(hc32_ll_interrupts.c.obj)
                0x0000b588                IRQ022_Handler
 .text.IRQ023_Handler
                0x0000b59c       0x14 Drivers/libhc32_ll.a(hc32_ll_interrupts.c.obj)
                0x0000b59c                IRQ023_Handler
 .text.IRQ024_Handler
                0x0000b5b0       0x14 Drivers/libhc32_ll.a(hc32_ll_interrupts.c.obj)
                0x0000b5b0                IRQ024_Handler
 .text.IRQ025_Handler
                0x0000b5c4       0x14 Drivers/libhc32_ll.a(hc32_ll_interrupts.c.obj)
                0x0000b5c4                IRQ025_Handler
 .text.IRQ026_Handler
                0x0000b5d8       0x14 Drivers/libhc32_ll.a(hc32_ll_interrupts.c.obj)
                0x0000b5d8                IRQ026_Handler
 .text.IRQ027_Handler
                0x0000b5ec       0x14 Drivers/libhc32_ll.a(hc32_ll_interrupts.c.obj)
                0x0000b5ec                IRQ027_Handler
 .text.IRQ028_Handler
                0x0000b600       0x14 Drivers/libhc32_ll.a(hc32_ll_interrupts.c.obj)
                0x0000b600                IRQ028_Handler
 .text.IRQ029_Handler
                0x0000b614       0x14 Drivers/libhc32_ll.a(hc32_ll_interrupts.c.obj)
                0x0000b614                IRQ029_Handler
 .text.IRQ030_Handler
                0x0000b628       0x14 Drivers/libhc32_ll.a(hc32_ll_interrupts.c.obj)
                0x0000b628                IRQ030_Handler
 .text.IRQ031_Handler
                0x0000b63c       0x14 Drivers/libhc32_ll.a(hc32_ll_interrupts.c.obj)
                0x0000b63c                IRQ031_Handler
 .text.IRQ032_Handler
                0x0000b650       0x14 Drivers/libhc32_ll.a(hc32_ll_interrupts.c.obj)
                0x0000b650                IRQ032_Handler
 .text.IRQ033_Handler
                0x0000b664       0x14 Drivers/libhc32_ll.a(hc32_ll_interrupts.c.obj)
                0x0000b664                IRQ033_Handler
 .text.IRQ034_Handler
                0x0000b678       0x14 Drivers/libhc32_ll.a(hc32_ll_interrupts.c.obj)
                0x0000b678                IRQ034_Handler
 .text.IRQ035_Handler
                0x0000b68c       0x14 Drivers/libhc32_ll.a(hc32_ll_interrupts.c.obj)
                0x0000b68c                IRQ035_Handler
 .text.IRQ036_Handler
                0x0000b6a0       0x14 Drivers/libhc32_ll.a(hc32_ll_interrupts.c.obj)
                0x0000b6a0                IRQ036_Handler
 .text.IRQ037_Handler
                0x0000b6b4       0x14 Drivers/libhc32_ll.a(hc32_ll_interrupts.c.obj)
                0x0000b6b4                IRQ037_Handler
 .text.IRQ038_Handler
                0x0000b6c8       0x14 Drivers/libhc32_ll.a(hc32_ll_interrupts.c.obj)
                0x0000b6c8                IRQ038_Handler
 .text.IRQ039_Handler
                0x0000b6dc       0x14 Drivers/libhc32_ll.a(hc32_ll_interrupts.c.obj)
                0x0000b6dc                IRQ039_Handler
 .text.IRQ040_Handler
                0x0000b6f0       0x14 Drivers/libhc32_ll.a(hc32_ll_interrupts.c.obj)
                0x0000b6f0                IRQ040_Handler
 .text.IRQ041_Handler
                0x0000b704       0x14 Drivers/libhc32_ll.a(hc32_ll_interrupts.c.obj)
                0x0000b704                IRQ041_Handler
 .text.IRQ042_Handler
                0x0000b718       0x14 Drivers/libhc32_ll.a(hc32_ll_interrupts.c.obj)
                0x0000b718                IRQ042_Handler
 .text.IRQ043_Handler
                0x0000b72c       0x14 Drivers/libhc32_ll.a(hc32_ll_interrupts.c.obj)
                0x0000b72c                IRQ043_Handler
 .text.IRQ044_Handler
                0x0000b740       0x14 Drivers/libhc32_ll.a(hc32_ll_interrupts.c.obj)
                0x0000b740                IRQ044_Handler
 .text.IRQ045_Handler
                0x0000b754       0x14 Drivers/libhc32_ll.a(hc32_ll_interrupts.c.obj)
                0x0000b754                IRQ045_Handler
 .text.IRQ046_Handler
                0x0000b768       0x14 Drivers/libhc32_ll.a(hc32_ll_interrupts.c.obj)
                0x0000b768                IRQ046_Handler
 .text.IRQ047_Handler
                0x0000b77c       0x14 Drivers/libhc32_ll.a(hc32_ll_interrupts.c.obj)
                0x0000b77c                IRQ047_Handler
 .text.IRQ048_Handler
                0x0000b790       0x14 Drivers/libhc32_ll.a(hc32_ll_interrupts.c.obj)
                0x0000b790                IRQ048_Handler
 .text.IRQ049_Handler
                0x0000b7a4       0x14 Drivers/libhc32_ll.a(hc32_ll_interrupts.c.obj)
                0x0000b7a4                IRQ049_Handler
 .text.IRQ050_Handler
                0x0000b7b8       0x14 Drivers/libhc32_ll.a(hc32_ll_interrupts.c.obj)
                0x0000b7b8                IRQ050_Handler
 .text.IRQ051_Handler
                0x0000b7cc       0x14 Drivers/libhc32_ll.a(hc32_ll_interrupts.c.obj)
                0x0000b7cc                IRQ051_Handler
 .text.IRQ052_Handler
                0x0000b7e0       0x14 Drivers/libhc32_ll.a(hc32_ll_interrupts.c.obj)
                0x0000b7e0                IRQ052_Handler
 .text.IRQ053_Handler
                0x0000b7f4       0x14 Drivers/libhc32_ll.a(hc32_ll_interrupts.c.obj)
                0x0000b7f4                IRQ053_Handler
 .text.IRQ054_Handler
                0x0000b808       0x14 Drivers/libhc32_ll.a(hc32_ll_interrupts.c.obj)
                0x0000b808                IRQ054_Handler
 .text.IRQ055_Handler
                0x0000b81c       0x14 Drivers/libhc32_ll.a(hc32_ll_interrupts.c.obj)
                0x0000b81c                IRQ055_Handler
 .text.IRQ056_Handler
                0x0000b830       0x14 Drivers/libhc32_ll.a(hc32_ll_interrupts.c.obj)
                0x0000b830                IRQ056_Handler
 .text.IRQ057_Handler
                0x0000b844       0x14 Drivers/libhc32_ll.a(hc32_ll_interrupts.c.obj)
                0x0000b844                IRQ057_Handler
 .text.IRQ058_Handler
                0x0000b858       0x14 Drivers/libhc32_ll.a(hc32_ll_interrupts.c.obj)
                0x0000b858                IRQ058_Handler
 .text.IRQ059_Handler
                0x0000b86c       0x14 Drivers/libhc32_ll.a(hc32_ll_interrupts.c.obj)