Archive member included to satisfy reference by file (symbol)

components/fw_update/libfw_update_mcuboot.a(product_config_flashdb.c.obj)
                              Boot/CMakeFiles/boot_firmware.dir/__/App/Core/Src/usb_fw_update.c.obj (fw_update_product_config_flashdb_init)
components/fw_update/libfw_update_mcuboot.a(storage_mcuboot.c.obj)
                              Boot/CMakeFiles/boot_firmware.dir/__/App/Core/Src/usb_fw_update.c.obj (fw_update_storage_mcuboot_init)
components/fw_update/libfw_update_mcuboot.a(boot_control_mcuboot.c.obj)
                              Boot/CMakeFiles/boot_firmware.dir/__/App/Core/Src/usb_fw_update.c.obj (fw_update_boot_control_mcuboot_init)
Platform/libhc32_platform.a(boot_handover.c.obj)
                              Boot/CMakeFiles/boot_firmware.dir/Core/Src/main.c.obj (boot_handover)
Platform/libhc32_platform.a(bsp_clock.c.obj)
                              Boot/CMakeFiles/boot_firmware.dir/Core/Src/main.c.obj (bsp_clock_init)
Platform/libhc32_platform.a(bsp_external_watchdog.c.obj)
                              Boot/CMakeFiles/boot_firmware.dir/Core/Src/main.c.obj (bsp_external_watchdog_init)
Platform/libhc32_platform.a(bsp_reset.c.obj)
                              Boot/CMakeFiles/boot_firmware.dir/Core/Src/main.c.obj (bsp_system_reset)
Platform/libhc32_platform.a(bsp_timebase.c.obj)
                              Boot/CMakeFiles/boot_firmware.dir/Core/Src/main.c.obj (bsp_timebase_init)
Platform/libhc32_platform.a(bsp_write_protection.c.obj)
                              Boot/CMakeFiles/boot_firmware.dir/__/Platform/HC32F460/Src/usb_dc_hc32f460.c.obj (bsp_write_protection_unlock)
components/libmcuboot_bootutil.a(bootutil_loader.c.obj)
                              components/fw_update/libfw_update_mcuboot.a(boot_control_mcuboot.c.obj) (boot_open_all_flash_areas)
components/libmcuboot_bootutil.a(bootutil_misc.c.obj)
                              components/fw_update/libfw_update_mcuboot.a(boot_control_mcuboot.c.obj) (boot_read_sectors)
components/libmcuboot_bootutil.a(bootutil_public.c.obj)
                              components/libmcuboot_bootutil.a(bootutil_misc.c.obj) (boot_swap_info_off)
components/libmcuboot_bootutil.a(fault_injection_hardening.c.obj)
                              Boot/CMakeFiles/boot_firmware.dir/Core/Src/main.c.obj (FIH_SUCCESS)
components/libmcuboot_bootutil.a(image_validate.c.obj)
                              components/fw_update/libfw_update_mcuboot.a(boot_control_mcuboot.c.obj) (bootutil_img_validate)
components/libmcuboot_bootutil.a(loader.c.obj)
                              Boot/CMakeFiles/boot_firmware.dir/Core/Src/main.c.obj (boot_go)
components/libmcuboot_bootutil.a(swap_misc.c.obj)
                              components/libmcuboot_bootutil.a(loader.c.obj) (swap_scramble_trailer_sectors)
components/libmcuboot_bootutil.a(swap_scratch.c.obj)
                              components/libmcuboot_bootutil.a(swap_misc.c.obj) (swap_read_status_bytes)
components/libmcuboot_bootutil.a(tlv.c.obj)
                              components/fw_update/libfw_update_mcuboot.a(boot_control_mcuboot.c.obj) (bootutil_tlv_iter_begin)
components/libmcuboot_bootutil.a(keys.c.obj)
                              components/libmcuboot_bootutil.a(image_validate.c.obj) (bootutil_key_cnt)
components/libmcuboot_bootutil.a(signing_keys.c.obj)
                              components/libmcuboot_bootutil.a(keys.c.obj) (ecdsa_pub_key_len)
components/libmcuboot_bootutil.a(bootutil_area.c.obj)
                              components/libmcuboot_bootutil.a(bootutil_misc.c.obj) (boot_trailer_sz)
components/libmcuboot_bootutil.a(bootutil_find_key.c.obj)
                              components/libmcuboot_bootutil.a(image_validate.c.obj) (bootutil_find_key)
components/libmcuboot_bootutil.a(bootutil_img_hash.c.obj)
                              components/libmcuboot_bootutil.a(image_validate.c.obj) (bootutil_img_hash)
components/libmcuboot_bootutil.a(image_ecdsa.c.obj)
                              components/libmcuboot_bootutil.a(image_validate.c.obj) (bootutil_verify_sig)
components/libtinycrypt.a(sha256.c.obj)
                              components/libmcuboot_bootutil.a(bootutil_find_key.c.obj) (tc_sha256_init)
components/libtinycrypt.a(utils.c.obj)
                              components/libtinycrypt.a(sha256.c.obj) (_set)
components/libtinycrypt.a(ecc.c.obj)
                              components/libmcuboot_bootutil.a(image_ecdsa.c.obj) (uECC_secp256r1)
components/libtinycrypt.a(ecc_dsa.c.obj)
                              components/libmcuboot_bootutil.a(image_ecdsa.c.obj) (uECC_verify)
components/libmcuboot_asn1.a(asn1parse.c.obj)
                              components/libmcuboot_bootutil.a(image_ecdsa.c.obj) (mbedtls_asn1_get_tag)
components/libmcuboot_asn1.a(platform_util.c.obj)
                              components/libmcuboot_asn1.a(asn1parse.c.obj) (mbedtls_platform_zeroize)
components/fw_update/libfw_update_core.a(product_config.c.obj)
[...]
Memory Configuration

Name             Origin             Length             Attributes
FLASH            0x00000000         0x00010000         xr
OTP_DATA         0x03000c00         0x000003c0         xr
OTP_LOCK         0x03000fc0         0x0000003c         xr
RAM              0x1fff8000         0x0002f000         xrw
RET_RAM          0x200f0000         0x00001000         xrw
*default*        0x00000000         0xffffffff

Linker script and memory map

LOAD /opt/st/stm32cubeclt_1.21.0/GNU-tools-for-STM32/bin/../lib/gcc/arm-none-eabi/14.3.1/thumb/v7e-m+fp/hard/crti.o
LOAD /opt/st/stm32cubeclt_1.21.0/GNU-tools-for-STM32/bin/../lib/gcc/arm-none-eabi/14.3.1/thumb/v7e-m+fp/hard/crtbegin.o
LOAD /opt/st/stm32cubeclt_1.21.0/GNU-tools-for-STM32/bin/../lib/gcc/arm-none-eabi/14.3.1/../../../../arm-none-eabi/lib/thumb/v7e-m+fp/hard/crt0.o
LOAD Drivers/CMakeFiles/hc32_startup_boot.dir/CMSIS/Device/HDSC/hc32f4xx/Source/GCC/startup_hc32f460.S.obj
LOAD Drivers/CMakeFiles/hc32_startup_boot.dir/CMSIS/Device/HDSC/hc32f4xx/Source/system_hc32f460.c.obj
LOAD Drivers/CMakeFiles/hc32_startup_boot.dir/hc32f4xx_ll_drivers/src/hc32_ll_icg.c.obj
LOAD components/cherryusb/CMakeFiles/cherryusb_device.dir/core/usbd_core.c.obj
LOAD Boot/CMakeFiles/boot_firmware.dir/Core/Src/hc32f460_it.c.obj
LOAD Boot/CMakeFiles/boot_firmware.dir/Core/Src/main.c.obj
LOAD Boot/CMakeFiles/boot_firmware.dir/__/App/Core/Src/usb_fw_update.c.obj
LOAD Boot/CMakeFiles/boot_firmware.dir/__/Platform/HC32F460/Src/usb_dc_hc32f460.c.obj
LOAD Boot/CMakeFiles/boot_firmware.dir/__/Platform/HC32F460/Src/syscalls.c.obj
LOAD components/fw_update/libfw_update_mcuboot.a
LOAD Platform/libhc32_platform.a
LOAD components/libmcuboot_bootutil.a
LOAD components/libtinycrypt.a
LOAD components/libmcuboot_asn1.a
LOAD components/fw_update/libfw_update_core.a
LOAD components/flashdb_port/libhc32_flashdb.a
LOAD components/mcuboot_port/libmcuboot_port_hc32.a
LOAD Platform/libhc32_platform.a
LOAD Drivers/libhc32_ll.a
START GROUP
LOAD /opt/st/stm32cubeclt_1.21.0/GNU-tools-for-STM32/bin/../lib/gcc/arm-none-eabi/14.3.1/thumb/v7e-m+fp/hard/libgcc.a
LOAD /opt/st/stm32cubeclt_1.21.0/GNU-tools-for-STM32/bin/../lib/gcc/arm-none-eabi/14.3.1/../../../../arm-none-eabi/lib/thumb/v7e-m+fp/hard/libc_nano.a
END GROUP
START GROUP
LOAD /opt/st/stm32cubeclt_1.21.0/GNU-tools-for-STM32/bin/../lib/gcc/arm-none-eabi/14.3.1/thumb/v7e-m+fp/hard/libgcc.a
LOAD /opt/st/stm32cubeclt_1.21.0/GNU-tools-for-STM32/bin/../lib/gcc/arm-none-eabi/14.3.1/../../../../arm-none-eabi/lib/thumb/v7e-m+fp/hard/libc_nano.a
LOAD /opt/st/stm32cubeclt_1.21.0/GNU-tools-for-STM32/bin/../lib/gcc/arm-none-eabi/14.3.1/../../../../arm-none-eabi/lib/thumb/v7e-m+fp/hard/libnosys.a
END GROUP
START GROUP
LOAD /opt/st/stm32cubeclt_1.21.0/GNU-tools-for-STM32/bin/../lib/gcc/arm-none-eabi/14.3.1/thumb/v7e-m+fp/hard/libgcc.a
LOAD /opt/st/stm32cubeclt_1.21.0/GNU-tools-for-STM32/bin/../lib/gcc/arm-none-eabi/14.3.1/../../../../arm-none-eabi/lib/thumb/v7e-m+fp/hard/libc_nano.a
LOAD /opt/st/stm32cubeclt_1.21.0/GNU-tools-for-STM32/bin/../lib/gcc/arm-none-eabi/14.3.1/../../../../arm-none-eabi/lib/thumb/v7e-m+fp/hard/libnosys.a
END GROUP
LOAD /opt/st/stm32cubeclt_1.21.0/GNU-tools-for-STM32/bin/../lib/gcc/arm-none-eabi/14.3.1/thumb/v7e-m+fp/hard/crtend.o
LOAD /opt/st/stm32cubeclt_1.21.0/GNU-tools-for-STM32/bin/../lib/gcc/arm-none-eabi/14.3.1/thumb/v7e-m+fp/hard/crtn.o
                0x03000c00                        __OTP_DATA_BASE = 0x3000c00
                0x03000fc0                        __OTP_LOCK_BASE = 0x3000fc0
                0x03000c00                        __OTP_DATA_B0_START = 0x3000c00
                0x03000fc0                        __OTP_LOCK_B0_START = 0x3000fc0
                0x00000000                        __OTP_DATA_B0_OFFSET = (__OTP_DATA_B0_START - __OTP_DATA_BASE)
                0x00000000                        __OTP_LOCK_B0_OFFSET = (__OTP_LOCK_B0_START - __OTP_LOCK_BASE)
                0x03000c40                        __OTP_DATA_B1_START = 0x3000c40
                0x03000fc4                        __OTP_LOCK_B1_START = 0x3000fc4
                0x00000040                        __OTP_DATA_B1_OFFSET = (__OTP_DATA_B1_START - __OTP_DATA_BASE)
                0x00000004                        __OTP_LOCK_B1_OFFSET = (__OTP_LOCK_B1_START - __OTP_LOCK_BASE)
                0x00000000                        FLASH_ORIGIN = DEFINED (FLASH_ORIGIN)?FLASH_ORIGIN:0x0
                0x00010000                        FLASH_LENGTH = DEFINED (FLASH_LENGTH)?FLASH_LENGTH:0x10000
                0x00000001                        ASSERT ((FLASH_ORIGIN == 0x0), boot image must start at Flash base)
                0x00000001                        ASSERT ((FLASH_LENGTH == 0x10000), boot image region must be 64 KiB)

.vectors        0x00000000      0x280
                0x00000000                        . = ALIGN (0x4)
 *(.vectors)
 .vectors       0x00000000      0x280 Drivers/CMakeFiles/hc32_startup_boot.dir/CMSIS/Device/HDSC/hc32f4xx/Source/GCC/startup_hc32f460.S.obj
                0x00000000                __Vectors
                0x00000280                __Vectors_End
                0x00000280                        . = ALIGN (0x4)

.icg_sec        0x00000400       0x20
 *(.icg_sec)
 .icg_sec       0x00000400       0x20 Drivers/CMakeFiles/hc32_startup_boot.dir/hc32f4xx_ll_drivers/src/hc32_ll_icg.c.obj
                0x00000400                u32ICGValue
                0x00000001                        ASSERT ((ADDR (.icg_sec) == 0x400), ICG must start at 0x400)
                0x00000001                        ASSERT ((SIZEOF (.icg_sec) == 0x20), ICG must contain exactly eight 32-bit words)

.text           0x00000420     0xa108
                0x00000420                        . = ALIGN (0x4)
 *(.text)
 .text          0x00000420       0x40 /opt/st/stm32cubeclt_1.21.0/GNU-tools-for-STM32/bin/../lib/gcc/arm-none-eabi/14.3.1/thumb/v7e-m+fp/hard/crtbegin.o
 .text          0x00000460       0x14 /opt/st/stm32cubeclt_1.21.0/GNU-tools-for-STM32/bin/../lib/gcc/arm-none-eabi/14.3.1/../../../../arm-none-eabi/lib/thumb/v7e-m+fp/hard/libc_nano.a(libc_a-strcmp.o)
                0x00000460                strcmp
 .text          0x00000474       0x10 /opt/st/stm32cubeclt_1.21.0/GNU-tools-for-STM32/bin/../lib/gcc/arm-none-eabi/14.3.1/../../../../arm-none-eabi/lib/thumb/v7e-m+fp/hard/libc_nano.a(libc_a-strlen.o)
                0x00000474                strlen
 *fill*         0x00000484        0xc 
 .text          0x00000490       0xa0 /opt/st/stm32cubeclt_1.21.0/GNU-tools-for-STM32/bin/../lib/gcc/arm-none-eabi/14.3.1/../../../../arm-none-eabi/lib/thumb/v7e-m+fp/hard/libc_nano.a(libc_a-memchr.o)
                0x00000490                memchr
 *(.text*)
 .text.Reset_Handler
                0x00000530       0xc0 Drivers/CMakeFiles/hc32_startup_boot.dir/CMSIS/Device/HDSC/hc32f4xx/Source/GCC/startup_hc32f460.S.obj
                0x00000530                Reset_Handler
 .text.Default_Handler
                0x000005f0        0x4 Drivers/CMakeFiles/hc32_startup_boot.dir/CMSIS/Device/HDSC/hc32f4xx/Source/GCC/startup_hc32f460.S.obj
                0x000005f0                IRQ132_Handler
                0x000005f0                DebugMon_Handler
                0x000005f0                IRQ139_Handler
                0x000005f0                IRQ138_Handler
                0x000005f0                PendSV_Handler
                0x000005f0                UsageFault_Handler
                0x000005f0                IRQ133_Handler
                0x000005f0                IRQ130_Handler
                0x000005f0                IRQ134_Handler
                0x000005f0                IRQ129_Handler
                0x000005f0                IRQ142_Handler
                0x000005f0                IRQ140_Handler
                0x000005f0                MemManage_Handler
                0x000005f0                IRQ143_Handler
                0x000005f0                SVC_Handler
                0x000005f0                IRQ128_Handler
                0x000005f0                IRQ136_Handler
                0x000005f0                IRQ131_Handler
                0x000005f0                IRQ141_Handler
                0x000005f0                IRQ137_Handler
                0x000005f0                BusFault_Handler
                0x000005f0                IRQ135_Handler
 .text.SystemCoreClockUpdate
                0x000005f4       0x98 Drivers/CMakeFiles/hc32_startup_boot.dir/CMSIS/Device/HDSC/hc32f4xx/Source/system_hc32f460.c.obj
                0x000005f4                SystemCoreClockUpdate
 .text.SystemInit
                0x0000068c       0x2c Drivers/CMakeFiles/hc32_startup_boot.dir/CMSIS/Device/HDSC/hc32f4xx/Source/system_hc32f460.c.obj
                0x0000068c                SystemInit
 .text.usbd_class_event_notify_handler
                0x000006b8       0x74 components/cherryusb/CMakeFiles/cherryusb_device.dir/core/usbd_core.c.obj
 .text.usbd_set_endpoint
                0x0000072c       0x5c components/cherryusb/CMakeFiles/cherryusb_device.dir/core/usbd_core.c.obj
 .text.usbd_event_ep0_in_complete_handler
                0x00000788       0x68 components/cherryusb/CMakeFiles/cherryusb_device.dir/core/usbd_core.c.obj
 .text.usbd_setup_request_handler
                0x000007f0      0x678 components/cherryusb/CMakeFiles/cherryusb_device.dir/core/usbd_core.c.obj
 .text.usbd_event_ep0_out_complete_handler
                0x00000e68       0x80 components/cherryusb/CMakeFiles/cherryusb_device.dir/core/usbd_core.c.obj
 .text.usb_memcpy.isra.0
                0x00000ee8      0x168 components/cherryusb/CMakeFiles/cherryusb_device.dir/core/usbd_core.c.obj
 .text.usbd_event_resume_handler
                0x00001050       0x1c components/cherryusb/CMakeFiles/cherryusb_device.dir/core/usbd_core.c.obj
                0x00001050                usbd_event_resume_handler
 .text.usbd_event_suspend_handler
                0x0000106c       0x24 components/cherryusb/CMakeFiles/cherryusb_device.dir/core/usbd_core.c.obj
                0x0000106c                usbd_event_suspend_handler
 .text.usbd_event_reset_handler
                0x00001090       0x70 components/cherryusb/CMakeFiles/cherryusb_device.dir/core/usbd_core.c.obj
                0x00001090                usbd_event_reset_handler
 .text.usbd_event_ep0_setup_complete_handler
                0x00001100       0xf0 components/cherryusb/CMakeFiles/cherryusb_device.dir/core/usbd_core.c.obj
                0x00001100                usbd_event_ep0_setup_complete_handler
 .text.usbd_event_ep_in_complete_handler
                0x000011f0       0x28 components/cherryusb/CMakeFiles/cherryusb_device.dir/core/usbd_core.c.obj
                0x000011f0                usbd_event_ep_in_complete_handler
 .text.usbd_event_ep_out_complete_handler
                0x00001218       0x28 components/cherryusb/CMakeFiles/cherryusb_device.dir/core/usbd_core.c.obj
                0x00001218                usbd_event_ep_out_complete_handler
 .text.usbd_desc_register
                0x00001240       0x38 components/cherryusb/CMakeFiles/cherryusb_device.dir/core/usbd_core.c.obj
                0x00001240                usbd_desc_register
 .text.usbd_add_interface
                0x00001278       0x2c components/cherryusb/CMakeFiles/cherryusb_device.dir/core/usbd_core.c.obj
                0x00001278                usbd_add_interface
 .text.usbd_add_endpoint
                0x000012a4       0x48 components/cherryusb/CMakeFiles/cherryusb_device.dir/core/usbd_core.c.obj
                0x000012a4                usbd_add_endpoint
 .text.usbd_initialize
                0x000012ec       0x38 components/cherryusb/CMakeFiles/cherryusb_device.dir/core/usbd_core.c.obj
                0x000012ec                usbd_initialize
 .text.NMI_Handler
                0x00001324        0x4 Boot/CMakeFiles/boot_firmware.dir/Core/Src/hc32f460_it.c.obj
                0x00001324                NMI_Handler
 .text.HardFault_Handler
                0x00001328       0x14 Boot/CMakeFiles/boot_firmware.dir/Core/Src/hc32f460_it.c.obj
                0x00001328                HardFault_Handler
 .text.boot_hardfault_capture
                0x0000133c       0xd8 Boot/CMakeFiles/boot_firmware.dir/Core/Src/hc32f460_it.c.obj
                0x0000133c                boot_hardfault_capture
 .text.startup.main
                0x00001414       0x70 Boot/CMakeFiles/boot_firmware.dir/Core/Src/main.c.obj
                0x00001414                main
 .text.device_descriptor_get
                0x00001484        0x8 Boot/CMakeFiles/boot_firmware.dir/__/App/Core/Src/usb_fw_update.c.obj
 .text.config_descriptor_get
                0x0000148c        0x8 Boot/CMakeFiles/boot_firmware.dir/__/App/Core/Src/usb_fw_update.c.obj
 .text.string_descriptor_get
                0x00001494       0x14 Boot/CMakeFiles/boot_firmware.dir/__/App/Core/Src/usb_fw_update.c.obj
 .text.update_out
                0x000014a8       0x14 Boot/CMakeFiles/boot_firmware.dir/__/App/Core/Src/usb_fw_update.c.obj
 .text.update_in
                0x000014bc       0x14 Boot/CMakeFiles/boot_firmware.dir/__/App/Core/Src/usb_fw_update.c.obj
 .text.arm_receive
                0x000014d0       0x14 Boot/CMakeFiles/boot_firmware.dir/__/App/Core/Src/usb_fw_update.c.obj
 .text.usb_event
                0x000014e4       0x30 Boot/CMakeFiles/boot_firmware.dir/__/App/Core/Src/usb_fw_update.c.obj
 .text.recover_transport
                0x00001514       0x44 Boot/CMakeFiles/boot_firmware.dir/__/App/Core/Src/usb_fw_update.c.obj
 .text.usb_memcpy.isra.0
                0x00001558      0x16a Boot/CMakeFiles/boot_firmware.dir/__/App/Core/Src/usb_fw_update.c.obj
 *fill*         0x000016c2        0x2 
 .text.start_manager_tx
                0x000016c4       0x58 Boot/CMakeFiles/boot_firmware.dir/__/App/Core/Src/usb_fw_update.c.obj
 .text.usb_fw_update_init
                0x0000171c      0x124 Boot/CMakeFiles/boot_firmware.dir/__/App/Core/Src/usb_fw_update.c.obj
                0x0000171c                usb_fw_update_init
 .text.usb_fw_update_poll
                0x00001840      0x18c Boot/CMakeFiles/boot_firmware.dir/__/App/Core/Src/usb_fw_update.c.obj
                0x00001840                usb_fw_update_poll
 .text.usb_ep   0x000019cc       0x28 Boot/CMakeFiles/boot_firmware.dir/__/Platform/HC32F460/Src/usb_dc_hc32f460.c.obj
 .text.usb_irq_handler
                0x000019f4      0x2f4 Boot/CMakeFiles/boot_firmware.dir/__/Platform/HC32F460/Src/usb_dc_hc32f460.c.obj
 .text.usb_udelay
                0x00001ce8        0x4 Boot/CMakeFiles/boot_firmware.dir/__/Platform/HC32F460/Src/usb_dc_hc32f460.c.obj
                0x00001ce8                usb_udelay
 .text.usb_mdelay
                0x00001cec        0x4 Boot/CMakeFiles/boot_firmware.dir/__/Platform/HC32F460/Src/usb_dc_hc32f460.c.obj
                0x00001cec                usb_mdelay
 .text.usb_dc_init
                0x00001cf0      0x138 Boot/CMakeFiles/boot_firmware.dir/__/Platform/HC32F460/Src/usb_dc_hc32f460.c.obj
                0x00001cf0                usb_dc_init
 .text.usbd_set_address
                0x00001e28       0x1c Boot/CMakeFiles/boot_firmware.dir/__/Platform/HC32F460/Src/usb_dc_hc32f460.c.obj
                0x00001e28                usbd_set_address
 .text.usbd_get_port_speed
                0x00001e44        0x4 Boot/CMakeFiles/boot_firmware.dir/__/Platform/HC32F460/Src/usb_dc_hc32f460.c.obj
                0x00001e44                usbd_get_port_speed
 .text.usbd_ep_open
                0x00001e48       0x50 Boot/CMakeFiles/boot_firmware.dir/__/Platform/HC32F460/Src/usb_dc_hc32f460.c.obj
                0x00001e48                usbd_ep_open
 .text.usbd_ep_close
                0x00001e98       0x24 Boot/CMakeFiles/boot_firmware.dir/__/Platform/HC32F460/Src/usb_dc_hc32f460.c.obj
                0x00001e98                usbd_ep_close
 .text.usbd_ep_set_stall
                0x00001ebc       0x28 Boot/CMakeFiles/boot_firmware.dir/__/Platform/HC32F460/Src/usb_dc_hc32f460.c.obj
                0x00001ebc                usbd_ep_set_stall
 .text.usbd_ep_clear_stall
                0x00001ee4       0x28 Boot/CMakeFiles/boot_firmware.dir/__/Platform/HC32F460/Src/usb_dc_hc32f460.c.obj
                0x00001ee4                usbd_ep_clear_stall
 .text.usbd_ep_is_stalled
                0x00001f0c       0x20 Boot/CMakeFiles/boot_firmware.dir/__/Platform/HC32F460/Src/usb_dc_hc32f460.c.obj
                0x00001f0c                usbd_ep_is_stalled
 .text.usbd_ep_start_write
                0x00001f2c       0x5c Boot/CMakeFiles/boot_firmware.dir/__/Platform/HC32F460/Src/usb_dc_hc32f460.c.obj
                0x00001f2c                usbd_ep_start_write
 .text.usbd_ep_start_read
                0x00001f88       0x6c Boot/CMakeFiles/boot_firmware.dir/__/Platform/HC32F460/Src/usb_dc_hc32f460.c.obj
                0x00001f88                usbd_ep_start_read
 .text._close   0x00001ff4        0x6 Boot/CMakeFiles/boot_firmware.dir/__/Platform/HC32F460/Src/syscalls.c.obj
                0x00001ff4                _close
 .text._lseek   0x00001ffa        0x6 Boot/CMakeFiles/boot_firmware.dir/__/Platform/HC32F460/Src/syscalls.c.obj
                0x00001ffa                _lseek
 .text._read    0x00002000        0x4 Boot/CMakeFiles/boot_firmware.dir/__/Platform/HC32F460/Src/syscalls.c.obj
                0x00002000                _read
 .text._write   0x00002004        0x4 Boot/CMakeFiles/boot_firmware.dir/__/Platform/HC32F460/Src/syscalls.c.obj
                0x00002004                _write
 .text._fstat   0x00002008        0xa Boot/CMakeFiles/boot_firmware.dir/__/Platform/HC32F460/Src/syscalls.c.obj
                0x00002008                _fstat
 .text._isatty  0x00002012        0x4 Boot/CMakeFiles/boot_firmware.dir/__/Platform/HC32F460/Src/syscalls.c.obj
                0x00002012                _isatty
 .text._getpid  0x00002016        0x4 Boot/CMakeFiles/boot_firmware.dir/__/Platform/HC32F460/Src/syscalls.c.obj
                0x00002016                _getpid
 .text._kill    0x0000201a        0x6 Boot/CMakeFiles/boot_firmware.dir/__/Platform/HC32F460/Src/syscalls.c.obj
                0x0000201a                _kill
 .text.get_config
                0x00002020       0x90 components/fw_update/libfw_update_mcuboot.a(product_config_flashdb.c.obj)
 .text.set_config
                0x000020b0       0x9c components/fw_update/libfw_update_mcuboot.a(product_config_flashdb.c.obj)
 .text.fw_update_product_config_flashdb_init
                0x0000214c       0x58 components/fw_update/libfw_update_mcuboot.a(product_config_flashdb.c.obj)
                0x0000214c                fw_update_product_config_flashdb_init
 .text.open_secondary
                0x000021a4       0x16 components/fw_update/libfw_update_mcuboot.a(storage_mcuboot.c.obj)
 .text.read     0x000021ba       0x38 components/fw_update/libfw_update_mcuboot.a(storage_mcuboot.c.obj)
 .text.write    0x000021f2       0x38 components/fw_update/libfw_update_mcuboot.a(storage_mcuboot.c.obj)
 .text.erase_all
                0x0000222a       0x30 components/fw_update/libfw_update_mcuboot.a(storage_mcuboot.c.obj)
 .text.get_info
                0x0000225a       0x70 components/fw_update/libfw_update_mcuboot.a(storage_mcuboot.c.obj)
 *fill*         0x000022ca        0x2 
 .text.fw_update_storage_mcuboot_init
                0x000022cc       0x10 components/fw_update/libfw_update_mcuboot.a(storage_mcuboot.c.obj)
                0x000022cc                fw_update_storage_mcuboot_init
 .text.confirm_running_image
                0x000022dc       0x14 components/fw_update/libfw_update_mcuboot.a(boot_control_mcuboot.c.obj)
 .text.request_test_upgrade
                0x000022f0      0x108 components/fw_update/libfw_update_mcuboot.a(boot_control_mcuboot.c.obj)
 .text.fw_update_boot_control_mcuboot_init
                0x000023f8       0x10 components/fw_update/libfw_update_mcuboot.a(boot_control_mcuboot.c.obj)
                0x000023f8                fw_update_boot_control_mcuboot_init
 .text.boot_handover
                0x00002408       0xb8 Platform/libhc32_platform.a(boot_handover.c.obj)
                0x00002408                boot_handover
 .text.bsp_clock_init
                0x000024c0       0xb8 Platform/libhc32_platform.a(bsp_clock.c.obj)
                0x000024c0                bsp_clock_init
 .text.board_gpio_write
                0x00002578        0xe Platform/libhc32_platform.a(bsp_external_watchdog.c.obj)
 .text.watchdog_scheduler_init
                0x00002586       0x48 Platform/libhc32_platform.a(bsp_external_watchdog.c.obj)
                0x00002586                watchdog_scheduler_init
 .text.watchdog_scheduler_poll
                0x000025ce       0x68 Platform/libhc32_platform.a(bsp_external_watchdog.c.obj)
                0x000025ce                watchdog_scheduler_poll
 *fill*         0x00002636        0x2 
 .text.bsp_external_watchdog_init
                0x00002638       0x6c Platform/libhc32_platform.a(bsp_external_watchdog.c.obj)
                0x00002638                bsp_external_watchdog_init
 .text.bsp_external_watchdog_poll
                0x000026a4       0x18 Platform/libhc32_platform.a(bsp_external_watchdog.c.obj)
                0x000026a4                bsp_external_watchdog_poll
 .text.bsp_system_reset
                0x000026bc       0x24 Platform/libhc32_platform.a(bsp_reset.c.obj)
                0x000026bc                bsp_system_reset
 .text.bsp_timebase_init
                0x000026e0       0x84 Platform/libhc32_platform.a(bsp_timebase.c.obj)
                0x000026e0                bsp_timebase_init
 .text.bsp_millis
                0x00002764        0xc Platform/libhc32_platform.a(bsp_timebase.c.obj)
                0x00002764                bsp_millis
 .text.bsp_delay_ms
                0x00002770       0x20 Platform/libhc32_platform.a(bsp_timebase.c.obj)
                0x00002770                bsp_delay_ms
 .text.bsp_delay_us
                0x00002790       0x48 Platform/libhc32_platform.a(bsp_timebase.c.obj)
                0x00002790                bsp_delay_us
 .text.SysTick_Handler
                0x000027d8       0x10 Platform/libhc32_platform.a(bsp_timebase.c.obj)
                0x000027d8                SysTick_Handler
 .text.bsp_write_protection_unlock
                0x000027e8        0x6 Platform/libhc32_platform.a(bsp_write_protection.c.obj)
                0x000027e8                bsp_write_protection_unlock
 .text.bsp_write_protection_restore
                0x000027ee        0x6 Platform/libhc32_platform.a(bsp_write_protection.c.obj)
                0x000027ee                bsp_write_protection_restore
 .text.boot_check_header_erased
                0x000027f4       0x30 components/libmcuboot_bootutil.a(bootutil_loader.c.obj)
                0x000027f4                boot_check_header_erased
 .text.boot_check_header_valid
                0x00002824       0x60 components/libmcuboot_bootutil.a(bootutil_loader.c.obj)
                0x00002824                boot_check_header_valid
 .text.boot_read_image_headers
                0x00002884       0x30 components/libmcuboot_bootutil.a(bootutil_loader.c.obj)
                0x00002884                boot_read_image_headers
 .text.boot_check_image
                0x000028b4       0x40 components/libmcuboot_bootutil.a(bootutil_loader.c.obj)
                0x000028b4                boot_check_image
 .text.boot_add_shared_data
                0x000028f4        0x4 components/libmcuboot_bootutil.a(bootutil_loader.c.obj)
                0x000028f4                boot_add_shared_data
 .text.boot_open_all_flash_areas
                0x000028f8       0x5c components/libmcuboot_bootutil.a(bootutil_loader.c.obj)
                0x000028f8                boot_open_all_flash_areas
 .text.boot_close_all_flash_areas
                0x00002954       0x22 components/libmcuboot_bootutil.a(bootutil_loader.c.obj)
                0x00002954                boot_close_all_flash_areas
 .text.boot_state_init
                0x00002976        0x8 components/libmcuboot_bootutil.a(bootutil_loader.c.obj)
                0x00002976                boot_state_init
 .text.boot_fih_memequal
                0x0000297e        0x4 components/libmcuboot_bootutil.a(bootutil_misc.c.obj)
                0x0000297e                boot_fih_memequal
 .text.boot_status_entries
                0x00002982       0x24 components/libmcuboot_bootutil.a(bootutil_misc.c.obj)
                0x00002982                boot_status_entries
 *fill*         0x000029a6        0x2 
 .text.boot_status_off
                0x000029a8       0x3c components/libmcuboot_bootutil.a(bootutil_misc.c.obj)
                0x000029a8                boot_status_off
 .text.boot_find_status
                0x000029e4       0x50 components/libmcuboot_bootutil.a(bootutil_misc.c.obj)
                0x000029e4                boot_find_status
 .text.boot_read_swap_size
                0x00002a34       0x1c components/libmcuboot_bootutil.a(bootutil_misc.c.obj)
                0x00002a34                boot_read_swap_size
 .text.boot_write_swap_size
                0x00002a50       0x1e components/libmcuboot_bootutil.a(bootutil_misc.c.obj)
                0x00002a50                boot_write_swap_size
 .text.bootutil_max_image_size
                0x00002a6e        0x4 components/libmcuboot_bootutil.a(bootutil_misc.c.obj)
                0x00002a6e                bootutil_max_image_size
 *fill*         0x00002a72        0x2 
 .text.boot_read_image_size
                0x00002a74       0xb0 components/libmcuboot_bootutil.a(bootutil_misc.c.obj)
                0x00002a74                boot_read_image_size
 .text.boot_initialize_area
                0x00002b24       0x40 components/libmcuboot_bootutil.a(bootutil_misc.c.obj)
                0x00002b24                boot_initialize_area
 .text.boot_read_sectors
                0x00002b64       0x60 components/libmcuboot_bootutil.a(bootutil_misc.c.obj)
                0x00002b64                boot_read_sectors
 .text.boot_state_clear
                0x00002bc4        0x2 components/libmcuboot_bootutil.a(bootutil_misc.c.obj)
                0x00002bc4                boot_state_clear
 .text.boot_swap_info_off
                0x00002bc6        0xc components/libmcuboot_bootutil.a(bootutil_public.c.obj)
                0x00002bc6                boot_swap_info_off
 .text.boot_magic_compatible_check
                0x00002bd2       0x1c components/libmcuboot_bootutil.a(bootutil_public.c.obj)
                0x00002bd2                boot_magic_compatible_check
 .text.bootutil_buffer_is_erased
                0x00002bee       0x26 components/libmcuboot_bootutil.a(bootutil_public.c.obj)
                0x00002bee                bootutil_buffer_is_erased
 .text.boot_read_flag
                0x00002c14       0x38 components/libmcuboot_bootutil.a(bootutil_public.c.obj)
 .text.boot_write_magic
                0x00002c4c       0x44 components/libmcuboot_bootutil.a(bootutil_public.c.obj)
                0x00002c4c                boot_write_magic
 .text.boot_write_trailer
                0x00002c90       0x6c components/libmcuboot_bootutil.a(bootutil_public.c.obj)
                0x00002c90                boot_write_trailer
 .text.boot_write_trailer_flag
                0x00002cfc       0x12 components/libmcuboot_bootutil.a(bootutil_public.c.obj)
                0x00002cfc                boot_write_trailer_flag
 .text.boot_write_image_ok
                0x00002d0e        0xe components/libmcuboot_bootutil.a(bootutil_public.c.obj)
                0x00002d0e                boot_write_image_ok
 .text.boot_read_image_ok
                0x00002d1c        0xc components/libmcuboot_bootutil.a(bootutil_public.c.obj)
                0x00002d1c                boot_read_image_ok
 .text.boot_read_swap_state
                0x00002d28       0xac components/libmcuboot_bootutil.a(bootutil_public.c.obj)
                0x00002d28                boot_read_swap_state
 .text.boot_read_swap_state_by_id
                0x00002dd4       0x28 components/libmcuboot_bootutil.a(bootutil_public.c.obj)
                0x00002dd4                boot_read_swap_state_by_id
 .text.boot_write_swap_info
                0x00002dfc       0x4c components/libmcuboot_bootutil.a(bootutil_public.c.obj)
                0x00002dfc                boot_write_swap_info
 .text.boot_swap_type_multi
                0x00002e48       0x9c components/libmcuboot_bootutil.a(bootutil_public.c.obj)
                0x00002e48                boot_swap_type_multi
 .text.boot_write_copy_done
                0x00002ee4       0x10 components/libmcuboot_bootutil.a(bootutil_public.c.obj)
                0x00002ee4                boot_write_copy_done
 .text.boot_set_next
                0x00002ef4       0x7c components/libmcuboot_bootutil.a(bootutil_public.c.obj)
                0x00002ef4                boot_set_next
 .text.boot_set_pending_multi
                0x00002f70       0x36 components/libmcuboot_bootutil.a(bootutil_public.c.obj)
                0x00002f70                boot_set_pending_multi
 .text.boot_set_confirmed_multi
                0x00002fa6       0x32 components/libmcuboot_bootutil.a(bootutil_public.c.obj)
                0x00002fa6                boot_set_confirmed_multi
 .text.bootutil_img_validate
                0x00002fd8      0x14c components/libmcuboot_bootutil.a(image_validate.c.obj)
                0x00002fd8                bootutil_img_validate
 .text.boot_validate_slot.isra.0
                0x00003124       0x88 components/libmcuboot_bootutil.a(loader.c.obj)
 .text.boot_status_is_reset
                0x000031ac       0x1a components/libmcuboot_bootutil.a(loader.c.obj)
                0x000031ac                boot_status_is_reset
 *fill*         0x000031c6        0x2 
 .text.boot_swap_image.isra.0
                0x000031c8       0xb8 components/libmcuboot_bootutil.a(loader.c.obj)
 .text.boot_write_status
                0x00003280       0x58 components/libmcuboot_bootutil.a(loader.c.obj)
                0x00003280                boot_write_status
 .text.boot_copy_region
                0x000032d8       0x54 components/libmcuboot_bootutil.a(loader.c.obj)
                0x000032d8                boot_copy_region
 .text.context_boot_go
                0x0000332c      0x3bc components/libmcuboot_bootutil.a(loader.c.obj)
                0x0000332c                context_boot_go
 .text.boot_go  0x000036e8       0x24 components/libmcuboot_bootutil.a(loader.c.obj)
                0x000036e8                boot_go
 .text.swap_scramble_trailer_sectors
                0x0000370c       0x2a components/libmcuboot_bootutil.a(swap_misc.c.obj)
                0x0000370c                swap_scramble_trailer_sectors
 *fill*         0x00003736        0x2 
 .text.swap_status_init
                0x00003738       0x80 components/libmcuboot_bootutil.a(swap_misc.c.obj)
                0x00003738                swap_status_init
 .text.swap_read_status
                0x000037b8       0x8c components/libmcuboot_bootutil.a(swap_misc.c.obj)
                0x000037b8                swap_read_status
 .text.swap_set_copy_done
                0x00003844       0x2a components/libmcuboot_bootutil.a(swap_misc.c.obj)
                0x00003844                swap_set_copy_done
 .text.swap_set_image_ok
                0x0000386e       0x42 components/libmcuboot_bootutil.a(swap_misc.c.obj)
                0x0000386e                swap_set_image_ok
 .text.boot_get_first_trailer_sector
                0x000038b0       0x26 components/libmcuboot_bootutil.a(swap_scratch.c.obj)
 .text.get_first_trailer_sector_end_off
                0x000038d6       0x24 components/libmcuboot_bootutil.a(swap_scratch.c.obj)
 .text.find_last_sector_idx
                0x000038fa       0x4a components/libmcuboot_bootutil.a(swap_scratch.c.obj)
 .text.swap_read_status_bytes
                0x00003944       0xa2 components/libmcuboot_bootutil.a(swap_scratch.c.obj)
                0x00003944                swap_read_status_bytes
 .text.boot_status_internal_off
                0x000039e6       0x16 components/libmcuboot_bootutil.a(swap_scratch.c.obj)
                0x000039e6                boot_status_internal_off
 .text.boot_slots_compatible
                0x000039fc       0xa2 components/libmcuboot_bootutil.a(swap_scratch.c.obj)
                0x000039fc                boot_slots_compatible
 *fill*         0x00003a9e        0x2 
 .text.swap_status_source
                0x00003aa0       0x88 components/libmcuboot_bootutil.a(swap_scratch.c.obj)
                0x00003aa0                swap_status_source
 .text.swap_run
                0x00003b28      0x3a4 components/libmcuboot_bootutil.a(swap_scratch.c.obj)
                0x00003b28                swap_run
 .text.app_max_size
                0x00003ecc       0xbc components/libmcuboot_bootutil.a(swap_scratch.c.obj)
                0x00003ecc                app_max_size
 .text.boot_read_image_header
                0x00003f88       0xd4 components/libmcuboot_bootutil.a(swap_scratch.c.obj)
                0x00003f88                boot_read_image_header
 .text.bootutil_tlv_iter_begin
                0x0000405c       0x98 components/libmcuboot_bootutil.a(tlv.c.obj)
                0x0000405c                bootutil_tlv_iter_begin
 .text.bootutil_tlv_iter_next
                0x000040f4       0x94 components/libmcuboot_bootutil.a(tlv.c.obj)
                0x000040f4                bootutil_tlv_iter_next
 .text.boot_trailer_sz
                0x00004188        0x8 components/libmcuboot_bootutil.a(bootutil_area.c.obj)
                0x00004188                boot_trailer_sz
 .text.boot_scratch_trailer_sz
                0x00004190        0x8 components/libmcuboot_bootutil.a(bootutil_area.c.obj)
                0x00004190                boot_scratch_trailer_sz
 .text.boot_trailer_scramble_offset
                0x00004198       0x36 components/libmcuboot_bootutil.a(bootutil_area.c.obj)
                0x00004198                boot_trailer_scramble_offset
 .text.boot_erase_region
                0x000041ce       0x7e components/libmcuboot_bootutil.a(bootutil_area.c.obj)
                0x000041ce                boot_erase_region
 .text.boot_scramble_region
                0x0000424c       0x14 components/libmcuboot_bootutil.a(bootutil_area.c.obj)
                0x0000424c                boot_scramble_region
 .text.boot_scramble_slot
                0x00004260        0xa components/libmcuboot_bootutil.a(bootutil_area.c.obj)
                0x00004260                boot_scramble_slot
 *fill*         0x0000426a        0x2 
 .text.bootutil_find_key
                0x0000426c       0x5c components/libmcuboot_bootutil.a(bootutil_find_key.c.obj)
                0x0000426c                bootutil_find_key
 .text.bootutil_img_hash
                0x000042c8       0x6e components/libmcuboot_bootutil.a(bootutil_img_hash.c.obj)
                0x000042c8                bootutil_img_hash
 .text.bootutil_read_bigint
                0x00004336       0x66 components/libmcuboot_bootutil.a(image_ecdsa.c.obj)
 .text.bootutil_verify_sig
                0x0000439c      0x108 components/libmcuboot_bootutil.a(image_ecdsa.c.obj)
                0x0000439c                bootutil_verify_sig
 .text.compress
                0x000044a4      0x1c4 components/libtinycrypt.a(sha256.c.obj)
 .text.tc_sha256_init
                0x00004668       0x58 components/libtinycrypt.a(sha256.c.obj)
                0x00004668                tc_sha256_init
 .text.tc_sha256_update
                0x000046c0       0x4c components/libtinycrypt.a(sha256.c.obj)
                0x000046c0                tc_sha256_update
 .text.tc_sha256_final
                0x0000470c       0xaa components/libtinycrypt.a(sha256.c.obj)
                0x0000470c                tc_sha256_final
 .text._set     0x000047b6        0x4 components/libtinycrypt.a(utils.c.obj)
                0x000047b6                _set
 .text.uECC_vli_add
                0x000047ba       0x30 components/libtinycrypt.a(ecc.c.obj)
 .text.uECC_vli_rshift1
                0x000047ea       0x1a components/libtinycrypt.a(ecc.c.obj)
 .text.vli_modInv_update
                0x00004804       0x38 components/libtinycrypt.a(ecc.c.obj)
 .text.uECC_vli_mult
                0x0000483c       0xd6 components/libtinycrypt.a(ecc.c.obj)
 .text.uECC_vli_clear
                0x00004912       0x16 components/libtinycrypt.a(ecc.c.obj)
                0x00004912                uECC_vli_clear
 .text.uECC_vli_isZero
                0x00004928       0x1e components/libtinycrypt.a(ecc.c.obj)
                0x00004928                uECC_vli_isZero
 .text.uECC_vli_testBit
                0x00004946       0x12 components/libtinycrypt.a(ecc.c.obj)
                0x00004946                uECC_vli_testBit
 .text.uECC_vli_numBits
                0x00004958       0x36 components/libtinycrypt.a(ecc.c.obj)
                0x00004958                uECC_vli_numBits
 .text.uECC_vli_set
                0x0000498e       0x18 components/libtinycrypt.a(ecc.c.obj)
                0x0000498e                uECC_vli_set
 .text.uECC_vli_cmp_unsafe
                0x000049a6       0x2a components/libtinycrypt.a(ecc.c.obj)
                0x000049a6                uECC_vli_cmp_unsafe
 .text.uECC_vli_equal
                0x000049d0       0x24 components/libtinycrypt.a(ecc.c.obj)
                0x000049d0                uECC_vli_equal
 .text.uECC_vli_sub
                0x000049f4       0x32 components/libtinycrypt.a(ecc.c.obj)
                0x000049f4                uECC_vli_sub
 *fill*         0x00004a26        0x2 
 .text.vli_mmod_fast_secp256r1
                0x00004a28      0x180 components/libtinycrypt.a(ecc.c.obj)
                0x00004a28                vli_mmod_fast_secp256r1
 .text.uECC_vli_modAdd
                0x00004ba8       0x32 components/libtinycrypt.a(ecc.c.obj)
                0x00004ba8                uECC_vli_modAdd
 .text.uECC_vli_modSub
                0x00004bda       0x24 components/libtinycrypt.a(ecc.c.obj)
                0x00004bda                uECC_vli_modSub
 .text.uECC_vli_mmod
                0x00004bfe      0x138 components/libtinycrypt.a(ecc.c.obj)
                0x00004bfe                uECC_vli_mmod
 .text.uECC_vli_modMult
                0x00004d36       0x20 components/libtinycrypt.a(ecc.c.obj)
                0x00004d36                uECC_vli_modMult
 .text.uECC_vli_modMult_fast
                0x00004d56       0x20 components/libtinycrypt.a(ecc.c.obj)
                0x00004d56                uECC_vli_modMult_fast
 .text.uECC_vli_modSquare_fast
                0x00004d76        0x8 components/libtinycrypt.a(ecc.c.obj)
 .text.double_jacobian_default
                0x00004d7e      0x152 components/libtinycrypt.a(ecc.c.obj)
                0x00004d7e                double_jacobian_default
 .text.x_side_default
                0x00004ed0       0x5e components/libtinycrypt.a(ecc.c.obj)
                0x00004ed0                x_side_default
 .text.uECC_vli_modInv
                0x00004f2e      0x108 components/libtinycrypt.a(ecc.c.obj)
                0x00004f2e                uECC_vli_modInv
 *fill*         0x00005036        0x2 
 .text.uECC_secp256r1
                0x00005038        0x8 components/libtinycrypt.a(ecc.c.obj)
                0x00005038                uECC_secp256r1
 .text.apply_z  0x00005040       0x3e components/libtinycrypt.a(ecc.c.obj)
                0x00005040                apply_z
 .text.XYcZ_add
                0x0000507e       0xce components/libtinycrypt.a(ecc.c.obj)
                0x0000507e                XYcZ_add
 .text.uECC_vli_bytesToNative
                0x0000514c       0x3c components/libtinycrypt.a(ecc.c.obj)
                0x0000514c                uECC_vli_bytesToNative
 .text.bits2int
                0x00005188       0x92 components/libtinycrypt.a(ecc_dsa.c.obj)
 .text.uECC_verify
                0x0000521a      0x2d0 components/libtinycrypt.a(ecc_dsa.c.obj)
                0x0000521a                uECC_verify
 .text.mbedtls_asn1_get_len
                0x000054ea       0x8c components/libmcuboot_asn1.a(asn1parse.c.obj)
                0x000054ea                mbedtls_asn1_get_len
 .text.mbedtls_asn1_get_tag
                0x00005576       0x28 components/libmcuboot_asn1.a(asn1parse.c.obj)
                0x00005576                mbedtls_asn1_get_tag
 .text.mbedtls_asn1_get_bitstring_null
                0x0000559e       0x28 components/libmcuboot_asn1.a(asn1parse.c.obj)
                0x0000559e                mbedtls_asn1_get_bitstring_null
 .text.mbedtls_asn1_get_alg
                0x000055c6       0x94 components/libmcuboot_asn1.a(asn1parse.c.obj)
                0x000055c6                mbedtls_asn1_get_alg
 *fill*         0x0000565a        0x2 
 .text.mbedtls_platform_zeroize
                0x0000565c       0x14 components/libmcuboot_asn1.a(platform_util.c.obj)
                0x0000565c                mbedtls_platform_zeroize
 .text.fw_update_product_config_get
                0x00005670       0x16 components/fw_update/libfw_update_core.a(product_config.c.obj)
                0x00005670                fw_update_product_config_get
 .text.fw_update_product_config_set
                0x00005686       0x16 components/fw_update/libfw_update_core.a(product_config.c.obj)
                0x00005686                fw_update_product_config_set
 .text.read_u32_le
                0x0000569c        0x4 components/fw_update/libfw_update_core.a(manager.c.obj)
 .text.write_u32_le
                0x000056a0       0x10 components/fw_update/libfw_update_core.a(manager.c.obj)
 .text.write_product_config
                0x000056b0       0x32 components/fw_update/libfw_update_core.a(manager.c.obj)
 .text.clear_session
                0x000056e2       0x20 components/fw_update/libfw_update_core.a(manager.c.obj)
 .text.flush_prefix
                0x00005702       0x5e components/fw_update/libfw_update_core.a(manager.c.obj)
 .text.queue_response
                0x00005760       0xfc components/fw_update/libfw_update_core.a(manager.c.obj)
 .text.protocol_error_limit_reached
                0x0000585c       0x2c components/fw_update/libfw_update_core.a(manager.c.obj)
 .text.reset_to_idle.constprop.0
                0x00005888       0x56 components/fw_update/libfw_update_core.a(manager.c.obj)
 .text.handle_frame.constprop.0
                0x000058de      0x482 components/fw_update/libfw_update_core.a(manager.c.obj)
 .text.fw_update_manager_init
                0x00005d60       0xac components/fw_update/libfw_update_core.a(manager.c.obj)
                0x00005d60                fw_update_manager_init
 .text.fw_update_manager_feed
                0x00005e0c      0x26a components/fw_update/libfw_update_core.a(manager.c.obj)
                0x00005e0c                fw_update_manager_feed
 .text.fw_update_manager_tx_view
                0x00006076       0x3c components/fw_update/libfw_update_core.a(manager.c.obj)
                0x00006076                fw_update_manager_tx_view
 .text.fw_update_manager_consume_tx
                0x000060b2       0xc4 components/fw_update/libfw_update_core.a(manager.c.obj)
                0x000060b2                fw_update_manager_consume_tx
 .text.fw_update_manager_poll
                0x00006176       0x48 components/fw_update/libfw_update_core.a(manager.c.obj)
                0x00006176                fw_update_manager_poll
 .text.fw_update_manager_notify_disconnect
                0x000061be       0x64 components/fw_update/libfw_update_core.a(manager.c.obj)
                0x000061be                fw_update_manager_notify_disconnect
 .text.fw_update_manager_notify_tx_idle
                0x00006222       0x2e components/fw_update/libfw_update_core.a(manager.c.obj)
                0x00006222                fw_update_manager_notify_tx_idle
 .text.fw_update_manager_take_action
                0x00006250       0x1a components/fw_update/libfw_update_core.a(manager.c.obj)
                0x00006250                fw_update_manager_take_action
 .text.fw_update_storage_get_info
                0x0000626a       0x36 components/fw_update/libfw_update_core.a(storage.c.obj)
                0x0000626a                fw_update_storage_get_info
 .text.fw_update_storage_erase_all
                0x000062a0       0x14 components/fw_update/libfw_update_core.a(storage.c.obj)
                0x000062a0                fw_update_storage_erase_all
 .text.fw_update_storage_write
                0x000062b4       0x6c components/fw_update/libfw_update_core.a(storage.c.obj)
                0x000062b4                fw_update_storage_write
 .text.fw_update_storage_read
                0x00006320       0x50 components/fw_update/libfw_update_core.a(storage.c.obj)
                0x00006320                fw_update_storage_read
 .text.fw_update_boot_control_request_test_upgrade
                0x00006370       0x14 components/fw_update/libfw_update_core.a(boot_control.c.obj)
                0x00006370                fw_update_boot_control_request_test_upgrade
 .text.fw_protocol_crc32_init
                0x00006384        0xa components/fw_update/libfw_update_core.a(protocol.c.obj)
                0x00006384                fw_protocol_crc32_init
 *fill*         0x0000638e        0x2 
 .text.fw_protocol_crc32_update
                0x00006390       0x3c components/fw_update/libfw_update_core.a(protocol.c.obj)
                0x00006390                fw_protocol_crc32_update
 .text.fw_protocol_crc32_finalize
                0x000063cc        0x8 components/fw_update/libfw_update_core.a(protocol.c.obj)
                0x000063cc                fw_protocol_crc32_finalize
 .text.fw_protocol_crc32
                0x000063d4       0x20 components/fw_update/libfw_update_core.a(protocol.c.obj)
                0x000063d4                fw_protocol_crc32
 .text.fw_protocol_encode
                0x000063f4       0xb4 components/fw_update/libfw_update_core.a(protocol.c.obj)
                0x000063f4                fw_protocol_encode
 .text.fw_protocol_decode
                0x000064a8       0x88 components/fw_update/libfw_update_core.a(protocol.c.obj)
                0x000064a8                fw_protocol_decode
 .text.fw_protocol_parser_reset
                0x00006530        0xa components/fw_update/libfw_update_core.a(protocol.c.obj)
                0x00006530                fw_protocol_parser_reset
 .text.fw_protocol_parser_init
                0x0000653a        0x4 components/fw_update/libfw_update_core.a(protocol.c.obj)
                0x0000653a                fw_protocol_parser_init
 *fill*         0x0000653e        0x2 
 .text.fw_protocol_parser_feed
                0x00006540      0x10c components/fw_update/libfw_update_core.a(protocol.c.obj)
                0x00006540                fw_protocol_parser_feed
 .text.get_next_sector_addr
                0x0000664c       0x28 components/flashdb_port/libhc32_flashdb.a(fdb_kvdb.c.obj)
 .text.gc_check_cb
                0x00006674       0x12 components/flashdb_port/libhc32_flashdb.a(fdb_kvdb.c.obj)
 .text.check_oldest_addr_cb
                0x00006686       0x1a components/flashdb_port/libhc32_flashdb.a(fdb_kvdb.c.obj)
 .text.find_kv_cb
                0x000066a0       0x36 components/flashdb_port/libhc32_flashdb.a(fdb_kvdb.c.obj)
 *fill*         0x000066d6        0x2 
 .text.get_next_kv_addr
                0x000066d8       0xc0 components/flashdb_port/libhc32_flashdb.a(fdb_kvdb.c.obj)
 .text.update_sec_status
                0x00006798       0x58 components/flashdb_port/libhc32_flashdb.a(fdb_kvdb.c.obj)
 .text.read_kv  0x000067f0      0x11a components/flashdb_port/libhc32_flashdb.a(fdb_kvdb.c.obj)
 *fill*         0x0000690a        0x2 
 .text.read_sector_info
                0x0000690c      0x10c components/flashdb_port/libhc32_flashdb.a(fdb_kvdb.c.obj)
 .text.sector_iterator
                0x00006a18       0x64 components/flashdb_port/libhc32_flashdb.a(fdb_kvdb.c.obj)
 .text.alloc_kv
                0x00006a7c       0x88 components/flashdb_port/libhc32_flashdb.a(fdb_kvdb.c.obj)
 .text.gc_collect_by_free_size
                0x00006b04       0x58 components/flashdb_port/libhc32_flashdb.a(fdb_kvdb.c.obj)
 .text.new_kv   0x00006b5c       0x3c components/flashdb_port/libhc32_flashdb.a(fdb_kvdb.c.obj)
 .text.kv_iterator
                0x00006b98       0x6c components/flashdb_port/libhc32_flashdb.a(fdb_kvdb.c.obj)
 .text.find_kv_no_cache
                0x00006c04       0x28 components/flashdb_port/libhc32_flashdb.a(fdb_kvdb.c.obj)
 .text.del_kv   0x00006c2c       0x98 components/flashdb_port/libhc32_flashdb.a(fdb_kvdb.c.obj)
 .text.create_kv_blob
                0x00006cc4      0x19c components/flashdb_port/libhc32_flashdb.a(fdb_kvdb.c.obj)
 .text.move_kv  0x00006e60       0xfe components/flashdb_port/libhc32_flashdb.a(fdb_kvdb.c.obj)
 .text.check_and_recovery_kv_cb
                0x00006f5e       0x3e components/flashdb_port/libhc32_flashdb.a(fdb_kvdb.c.obj)
 .text.alloc_kv_cb
                0x00006f9c       0x30 components/flashdb_port/libhc32_flashdb.a(fdb_kvdb.c.obj)
 .text.format_sector.constprop.0
                0x00006fcc       0x7c components/flashdb_port/libhc32_flashdb.a(fdb_kvdb.c.obj)
 .text.check_sec_hdr_cb
                0x00007048       0x22 components/flashdb_port/libhc32_flashdb.a(fdb_kvdb.c.obj)
 .text.do_gc    0x0000706a       0xa4 components/flashdb_port/libhc32_flashdb.a(fdb_kvdb.c.obj)
 .text.check_and_recovery_gc_cb
                0x0000710e       0x20 components/flashdb_port/libhc32_flashdb.a(fdb_kvdb.c.obj)
 .text.sector_statistics_cb
                0x0000712e       0x20 components/flashdb_port/libhc32_flashdb.a(fdb_kvdb.c.obj)
 .text.fdb_kv_get_blob
                0x0000714e       0x58 components/flashdb_port/libhc32_flashdb.a(fdb_kvdb.c.obj)
                0x0000714e                fdb_kv_get_blob
 .text.fdb_kv_set_blob
                0x000071a6       0xe6 components/flashdb_port/libhc32_flashdb.a(fdb_kvdb.c.obj)
                0x000071a6                fdb_kv_set_blob
 .text.fdb_kv_set_default
                0x0000728c       0x7a components/flashdb_port/libhc32_flashdb.a(fdb_kvdb.c.obj)
                0x0000728c                fdb_kv_set_default
 *fill*         0x00007306        0x2 
 .text.fdb_kvdb_init
                0x00007308      0x110 components/flashdb_port/libhc32_flashdb.a(fdb_kvdb.c.obj)
                0x00007308                fdb_kvdb_init
 .text.fdb_calc_crc32
                0x00007418       0x28 components/flashdb_port/libhc32_flashdb.a(fdb_utils.c.obj)
                0x00007418                fdb_calc_crc32
 .text._fdb_set_status
                0x00007440       0x28 components/flashdb_port/libhc32_flashdb.a(fdb_utils.c.obj)
                0x00007440                _fdb_set_status
 .text._fdb_get_status
                0x00007468       0x22 components/flashdb_port/libhc32_flashdb.a(fdb_utils.c.obj)
                0x00007468                _fdb_get_status
 .text.fdb_blob_make
                0x0000748a        0x6 components/flashdb_port/libhc32_flashdb.a(fdb_utils.c.obj)
                0x0000748a                fdb_blob_make
 .text._fdb_flash_read
                0x00007490       0x16 components/flashdb_port/libhc32_flashdb.a(fdb_utils.c.obj)
                0x00007490                _fdb_flash_read
 .text._fdb_read_status
                0x000074a6       0x20 components/flashdb_port/libhc32_flashdb.a(fdb_utils.c.obj)
                0x000074a6                _fdb_read_status
 .text._fdb_continue_ff_addr
                0x000074c6       0x60 components/flashdb_port/libhc32_flashdb.a(fdb_utils.c.obj)
                0x000074c6                _fdb_continue_ff_addr
 .text._fdb_flash_erase
                0x00007526       0x14 components/flashdb_port/libhc32_flashdb.a(fdb_utils.c.obj)
                0x00007526                _fdb_flash_erase
 .text._fdb_flash_write
                0x0000753a       0x18 components/flashdb_port/libhc32_flashdb.a(fdb_utils.c.obj)
                0x0000753a                _fdb_flash_write
 .text._fdb_write_status
                0x00007552       0x3e components/flashdb_port/libhc32_flashdb.a(fdb_utils.c.obj)
                0x00007552                _fdb_write_status
 .text._fdb_flash_write_align
                0x00007590       0x56 components/flashdb_port/libhc32_flashdb.a(fdb_utils.c.obj)
                0x00007590                _fdb_flash_write_align
 *fill*         0x000075e6        0x2 
 .text.check_and_update_part_cache
                0x000075e8       0x44 components/flashdb_port/libhc32_flashdb.a(fal_partition.c.obj)
 .text.fal_partition_init
                0x0000762c       0x38 components/flashdb_port/libhc32_flashdb.a(fal_partition.c.obj)
                0x0000762c                fal_partition_init
 .text.fal_partition_find
                0x00007664       0x38 components/flashdb_port/libhc32_flashdb.a(fal_partition.c.obj)
                0x00007664                fal_partition_find
 .text.fal_partition_read
                0x0000769c       0x3c components/flashdb_port/libhc32_flashdb.a(fal_partition.c.obj)
                0x0000769c                fal_partition_read
 .text.fal_partition_write
                0x000076d8       0x3c components/flashdb_port/libhc32_flashdb.a(fal_partition.c.obj)
                0x000076d8                fal_partition_write
 .text.fal_partition_erase
                0x00007714       0x3c components/flashdb_port/libhc32_flashdb.a(fal_partition.c.obj)
                0x00007714                fal_partition_erase
 .text._fdb_init_ex
                0x00007750       0x82 components/flashdb_port/libhc32_flashdb.a(fdb.c.obj)
                0x00007750                _fdb_init_ex
 *fill*         0x000077d2        0x2 
 .text._fdb_init_finish
                0x000077d4       0x14 components/flashdb_port/libhc32_flashdb.a(fdb.c.obj)
                0x000077d4                _fdb_init_finish
 .text.fal_init
                0x000077e8       0x28 components/flashdb_port/libhc32_flashdb.a(fal.c.obj)
                0x000077e8                fal_init
 .text.fal_flash_init
                0x00007810       0x24 components/flashdb_port/libhc32_flashdb.a(fal_flash.c.obj)
                0x00007810                fal_flash_init
 .text.fal_flash_device_find
                0x00007834       0x18 components/flashdb_port/libhc32_flashdb.a(fal_flash.c.obj)
                0x00007834                fal_flash_device_find
 .text.config_flash_read
                0x0000784c       0x3c components/flashdb_port/libhc32_flashdb.a(fal_flash_hc32.c.obj)
 .text.config_flash_erase
                0x00007888       0x36 components/flashdb_port/libhc32_flashdb.a(fal_flash_hc32.c.obj)
 .text.config_flash_init
                0x000078be       0x30 components/flashdb_port/libhc32_flashdb.a(fal_flash_hc32.c.obj)
 .text.config_flash_write
                0x000078ee       0x3c components/flashdb_port/libhc32_flashdb.a(fal_flash_hc32.c.obj)
 *fill*         0x0000792a        0x2 
 .text.find_area
                0x0000792c       0x30 components/mcuboot_port/libmcuboot_port_hc32.a(flash_map_backend.c.obj)
 .text.known_area
                0x0000795c       0x14 components/mcuboot_port/libmcuboot_port_hc32.a(flash_map_backend.c.obj)
 .text.valid_range
                0x00007970       0x26 components/mcuboot_port/libmcuboot_port_hc32.a(flash_map_backend.c.obj)
 .text.flash_area_open
                0x00007996       0x1a components/mcuboot_port/libmcuboot_port_hc32.a(flash_map_backend.c.obj)
                0x00007996                flash_area_open
 .text.flash_area_close
                0x000079b0        0x2 components/mcuboot_port/libmcuboot_port_hc32.a(flash_map_backend.c.obj)
                0x000079b0                flash_area_close
 .text.flash_area_read
                0x000079b2       0x2a components/mcuboot_port/libmcuboot_port_hc32.a(flash_map_backend.c.obj)
                0x000079b2                flash_area_read
 .text.flash_area_write
                0x000079dc       0x32 components/mcuboot_port/libmcuboot_port_hc32.a(flash_map_backend.c.obj)
                0x000079dc                flash_area_write
 .text.flash_area_erase
                0x00007a0e       0x38 components/mcuboot_port/libmcuboot_port_hc32.a(flash_map_backend.c.obj)
                0x00007a0e                flash_area_erase
 .text.flash_area_align
                0x00007a46        0xa components/mcuboot_port/libmcuboot_port_hc32.a(flash_map_backend.c.obj)
                0x00007a46                flash_area_align
 .text.flash_area_erased_val
                0x00007a50        0x4 components/mcuboot_port/libmcuboot_port_hc32.a(flash_map_backend.c.obj)
                0x00007a50                flash_area_erased_val
 .text.flash_area_get_sectors
                0x00007a54       0x4a components/mcuboot_port/libmcuboot_port_hc32.a(flash_map_backend.c.obj)
                0x00007a54                flash_area_get_sectors
 .text.flash_area_get_sector
                0x00007a9e       0x2c components/mcuboot_port/libmcuboot_port_hc32.a(flash_map_backend.c.obj)
                0x00007a9e                flash_area_get_sector
 .text.flash_area_id_from_multi_image_slot
                0x00007aca       0x1a components/mcuboot_port/libmcuboot_port_hc32.a(flash_map_backend.c.obj)
                0x00007aca                flash_area_id_from_multi_image_slot
 .text.bsp_flash_begin_operation
                0x00007ae4       0x18 Platform/libhc32_platform.a(bsp_flash.c.obj)
 .text.bsp_flash_end_operation
                0x00007afc       0x18 Platform/libhc32_platform.a(bsp_flash.c.obj)
 .text.bsp_flash_write
                0x00007b14       0x4e Platform/libhc32_platform.a(bsp_flash.c.obj)
                0x00007b14                bsp_flash_write
 .text.bsp_flash_erase_sector
                0x00007b62       0x34 Platform/libhc32_platform.a(bsp_flash.c.obj)
                0x00007b62                bsp_flash_erase_sector
 .text.bsp_flash_read
                0x00007b96       0x26 Platform/libhc32_platform.a(bsp_flash.c.obj)
                0x00007b96                bsp_flash_read
 .text.LL_PERIPH_WE
                0x00007bbc       0x80 Drivers/libhc32_ll.a(hc32_ll.c.obj)
                0x00007bbc                LL_PERIPH_WE
 .text.LL_PERIPH_WP
                0x00007c3c       0x84 Drivers/libhc32_ll.a(hc32_ll.c.obj)
                0x00007c3c                LL_PERIPH_WP
 .text.CLK_WaitStable.constprop.0
                0x00007cc0       0x30 Drivers/libhc32_ll.a(hc32_ll_clk.c.obj)
 .text.CLK_XtalStructInit
                0x00007cf0       0x1e Drivers/libhc32_ll.a(hc32_ll_clk.c.obj)
                0x00007cf0                CLK_XtalStructInit
 *fill*         0x00007d0e        0x2 
 .text.CLK_XtalCmd
                0x00007d10       0x40 Drivers/libhc32_ll.a(hc32_ll_clk.c.obj)
                0x00007d10                CLK_XtalCmd
 .text.CLK_XtalInit
                0x00007d50       0x38 Drivers/libhc32_ll.a(hc32_ll_clk.c.obj)
                0x00007d50                CLK_XtalInit
 .text.CLK_PLLStructInit
                0x00007d88       0x18 Drivers/libhc32_ll.a(hc32_ll_clk.c.obj)
                0x00007d88                CLK_PLLStructInit
 .text.CLK_PLLCmd
                0x00007da0       0x4c Drivers/libhc32_ll.a(hc32_ll_clk.c.obj)
                0x00007da0                CLK_PLLCmd
 .text.CLK_PLLInit
                0x00007dec       0x38 Drivers/libhc32_ll.a(hc32_ll_clk.c.obj)
                0x00007dec                CLK_PLLInit
 .text.CLK_PLLxStructInit
                0x00007e24       0x18 Drivers/libhc32_ll.a(hc32_ll_clk.c.obj)
                0x00007e24                CLK_PLLxStructInit
 .text.CLK_PLLxCmd
                0x00007e3c       0x3c Drivers/libhc32_ll.a(hc32_ll_clk.c.obj)
                0x00007e3c                CLK_PLLxCmd
 .text.CLK_PLLxInit
                0x00007e78       0x28 Drivers/libhc32_ll.a(hc32_ll_clk.c.obj)
                0x00007e78                CLK_PLLxInit
 .text.CLK_GetStableStatus
                0x00007ea0       0x14 Drivers/libhc32_ll.a(hc32_ll_clk.c.obj)
                0x00007ea0                CLK_GetStableStatus
 .text.CLK_SetSysClockSrc
                0x00007eb4       0x80 Drivers/libhc32_ll.a(hc32_ll_clk.c.obj)
                0x00007eb4                CLK_SetSysClockSrc
 .text.CLK_SetClockDiv
                0x00007f34       0x80 Drivers/libhc32_ll.a(hc32_ll_clk.c.obj)
                0x00007f34                CLK_SetClockDiv
 .text.CLK_SetUSBClockSrc
                0x00007fb4       0x10 Drivers/libhc32_ll.a(hc32_ll_clk.c.obj)
                0x00007fb4                CLK_SetUSBClockSrc
 .text.EFM_WaitFlag
                0x00007fc4       0x2c Drivers/libhc32_ll.a(hc32_ll_efm.c.obj)
 .text.EFM_WaitEnd.constprop.0
                0x00007ff0       0x30 Drivers/libhc32_ll.a(hc32_ll_efm.c.obj)
 .text.EFM_SetWaitCycle
                0x00008020       0x54 Drivers/libhc32_ll.a(hc32_ll_efm.c.obj)
                0x00008020                EFM_SetWaitCycle
 .text.EFM_CacheRamReset
                0x00008074        0xc Drivers/libhc32_ll.a(hc32_ll_efm.c.obj)
                0x00008074                EFM_CacheRamReset
 .text.EFM_CacheCmd
                0x00008080        0xc Drivers/libhc32_ll.a(hc32_ll_efm.c.obj)
                0x00008080                EFM_CacheCmd
 .text.EFM_GetStatus
                0x0000808c       0x14 Drivers/libhc32_ll.a(hc32_ll_efm.c.obj)
                0x0000808c                EFM_GetStatus
 .text.EFM_SetBusStatus
                0x000080a0        0xc Drivers/libhc32_ll.a(hc32_ll_efm.c.obj)
                0x000080a0                EFM_SetBusStatus
 .text.EFM_ReadByte
                0x000080ac       0x58 Drivers/libhc32_ll.a(hc32_ll_efm.c.obj)
                0x000080ac                EFM_ReadByte
 .text.EFM_Program
                0x00008104       0xd4 Drivers/libhc32_ll.a(hc32_ll_efm.c.obj)
                0x00008104                EFM_Program
 .text.EFM_SectorErase
                0x000081d8       0x6c Drivers/libhc32_ll.a(hc32_ll_efm.c.obj)
                0x000081d8                EFM_SectorErase
 .text.EFM_FWMC_Cmd
                0x00008244        0xc Drivers/libhc32_ll.a(hc32_ll_efm.c.obj)
                0x00008244                EFM_FWMC_Cmd
 .text.FCG_Fcg1PeriphClockCmd
                0x00008250       0x14 Drivers/libhc32_ll.a(hc32_ll_fcg.c.obj)
                0x00008250                FCG_Fcg1PeriphClockCmd
 .text.GPIO_Init
                0x00008264       0x60 Drivers/libhc32_ll.a(hc32_ll_gpio.c.obj)
                0x00008264                GPIO_Init
 .text.GPIO_StructInit
                0x000082c4       0x20 Drivers/libhc32_ll.a(hc32_ll_gpio.c.obj)
                0x000082c4                GPIO_StructInit
 .text.GPIO_SetFunc
                0x000082e4       0x28 Drivers/libhc32_ll.a(hc32_ll_gpio.c.obj)
                0x000082e4                GPIO_SetFunc
 .text.GPIO_SetReadWaitCycle
                0x0000830c       0x1c Drivers/libhc32_ll.a(hc32_ll_gpio.c.obj)
                0x0000830c                GPIO_SetReadWaitCycle
 .text.GPIO_ReadOutputPins
                0x00008328       0x14 Drivers/libhc32_ll.a(hc32_ll_gpio.c.obj)
                0x00008328                GPIO_ReadOutputPins
 .text.GPIO_SetPins
                0x0000833c       0x14 Drivers/libhc32_ll.a(hc32_ll_gpio.c.obj)
                0x0000833c                GPIO_SetPins
 .text.GPIO_ResetPins
                0x00008350       0x14 Drivers/libhc32_ll.a(hc32_ll_gpio.c.obj)
                0x00008350                GPIO_ResetPins
 .text.GPIO_AnalogCmd
                0x00008364       0x2c Drivers/libhc32_ll.a(hc32_ll_gpio.c.obj)
                0x00008364                GPIO_AnalogCmd
 .text.INTC_IrqSignIn
                0x00008390       0x64 Drivers/libhc32_ll.a(hc32_ll_interrupts.c.obj)
                0x00008390                INTC_IrqSignIn
 .text.IRQ000_Handler
                0x000083f4       0x14 Drivers/libhc32_ll.a(hc32_ll_interrupts.c.obj)
                0x000083f4                IRQ000_Handler
 .text.IRQ001_Handler
                0x00008408       0x14 Drivers/libhc32_ll.a(hc32_ll_interrupts.c.obj)
                0x00008408                IRQ001_Handler
 .text.IRQ002_Handler
                0x0000841c       0x14 Drivers/libhc32_ll.a(hc32_ll_interrupts.c.obj)
                0x0000841c                IRQ002_Handler
 .text.IRQ003_Handler
                0x00008430       0x14 Drivers/libhc32_ll.a(hc32_ll_interrupts.c.obj)
                0x00008430                IRQ003_Handler
 .text.IRQ004_Handler
                0x00008444       0x14 Drivers/libhc32_ll.a(hc32_ll_interrupts.c.obj)
                0x00008444                IRQ004_Handler
 .text.IRQ005_Handler
                0x00008458       0x14 Drivers/libhc32_ll.a(hc32_ll_interrupts.c.obj)
                0x00008458                IRQ005_Handler
 .text.IRQ006_Handler
                0x0000846c       0x14 Drivers/libhc32_ll.a(hc32_ll_interrupts.c.obj)
                0x0000846c                IRQ006_Handler
 .text.IRQ007_Handler
                0x00008480       0x14 Drivers/libhc32_ll.a(hc32_ll_interrupts.c.obj)
                0x00008480                IRQ007_Handler
 .text.IRQ008_Handler
                0x00008494       0x14 Drivers/libhc32_ll.a(hc32_ll_interrupts.c.obj)
                0x00008494                IRQ008_Handler
 .text.IRQ009_Handler
                0x000084a8       0x14 Drivers/libhc32_ll.a(hc32_ll_interrupts.c.obj)
                0x000084a8                IRQ009_Handler
 .text.IRQ010_Handler
                0x000084bc       0x14 Drivers/libhc32_ll.a(hc32_ll_interrupts.c.obj)
                0x000084bc                IRQ010_Handler
 .text.IRQ011_Handler
                0x000084d0       0x14 Drivers/libhc32_ll.a(hc32_ll_interrupts.c.obj)
                0x000084d0                IRQ011_Handler
 .text.IRQ012_Handler
                0x000084e4       0x14 Drivers/libhc32_ll.a(hc32_ll_interrupts.c.obj)
                0x000084e4                IRQ012_Handler
 .text.IRQ013_Handler
                0x000084f8       0x14 Drivers/libhc32_ll.a(hc32_ll_interrupts.c.obj)
                0x000084f8                IRQ013_Handler
 .text.IRQ014_Handler
                0x0000850c       0x14 Drivers/libhc32_ll.a(hc32_ll_interrupts.c.obj)
                0x0000850c                IRQ014_Handler
 .text.IRQ015_Handler
                0x00008520       0x14 Drivers/libhc32_ll.a(hc32_ll_interrupts.c.obj)
                0x00008520                IRQ015_Handler
 .text.IRQ016_Handler
                0x00008534       0x14 Drivers/libhc32_ll.a(hc32_ll_interrupts.c.obj)
                0x00008534                IRQ016_Handler
 .text.IRQ017_Handler
                0x00008548       0x14 Drivers/libhc32_ll.a(hc32_ll_interrupts.c.obj)
                0x00008548                IRQ017_Handler
 .text.IRQ018_Handler
                0x0000855c       0x14 Drivers/libhc32_ll.a(hc32_ll_interrupts.c.obj)
                0x0000855c                IRQ018_Handler
 .text.IRQ019_Handler
                0x00008570       0x14 Drivers/libhc32_ll.a(hc32_ll_interrupts.c.obj)
                0x00008570                IRQ019_Handler
 .text.IRQ020_Handler
                0x00008584       0x14 Drivers/libhc32_ll.a(hc32_ll_interrupts.c.obj)
                0x00008584                IRQ020_Handler
 .text.IRQ021_Handler
                0x00008598       0x14 Drivers/libhc32_ll.a(hc32_ll_interrupts.c.obj)
                0x00008598                IRQ021_Handler
 .text.IRQ022_Handler
                0x000085ac       0x14 Drivers/libhc32_ll.a(hc32_ll_interrupts.c.obj)
                0x000085ac                IRQ022_Handler
 .text.IRQ023_Handler
                0x000085c0       0x14 Drivers/libhc32_ll.a(hc32_ll_interrupts.c.obj)
                0x000085c0                IRQ023_Handler
 .text.IRQ024_Handler
                0x000085d4       0x14 Drivers/libhc32_ll.a(hc32_ll_interrupts.c.obj)
                0x000085d4                IRQ024_Handler
 .text.IRQ025_Handler
                0x000085e8       0x14 Drivers/libhc32_ll.a(hc32_ll_interrupts.c.obj)
                0x000085e8                IRQ025_Handler
 .text.IRQ026_Handler
                0x000085fc       0x14 Drivers/libhc32_ll.a(hc32_ll_interrupts.c.obj)
                0x000085fc                IRQ026_Handler
 .text.IRQ027_Handler
                0x00008610       0x14 Drivers/libhc32_ll.a(hc32_ll_interrupts.c.obj)
                0x00008610                IRQ027_Handler
 .text.IRQ028_Handler
                0x00008624       0x14 Drivers/libhc32_ll.a(hc32_ll_interrupts.c.obj)
                0x00008624                IRQ028_Handler
 .text.IRQ029_Handler
                0x00008638       0x14 Drivers/libhc32_ll.a(hc32_ll_interrupts.c.obj)
                0x00008638                IRQ029_Handler
 .text.IRQ030_Handler
                0x0000864c       0x14 Drivers/libhc32_ll.a(hc32_ll_interrupts.c.obj)
                0x0000864c                IRQ030_Handler
 .text.IRQ031_Handler
                0x00008660       0x14 Drivers/libhc32_ll.a(hc32_ll_interrupts.c.obj)
                0x00008660                IRQ031_Handler
 .text.IRQ032_Handler
                0x00008674       0x14 Drivers/libhc32_ll.a(hc32_ll_interrupts.c.obj)
                0x00008674                IRQ032_Handler
 .text.IRQ033_Handler
                0x00008688       0x14 Drivers/libhc32_ll.a(hc32_ll_interrupts.c.obj)
                0x00008688                IRQ033_Handler
 .text.IRQ034_Handler
                0x0000869c       0x14 Drivers/libhc32_ll.a(hc32_ll_interrupts.c.obj)
                0x0000869c                IRQ034_Handler
 .text.IRQ035_Handler
                0x000086b0       0x14 Drivers/libhc32_ll.a(hc32_ll_interrupts.c.obj)
                0x000086b0                IRQ035_Handler
 .text.IRQ036_Handler
                0x000086c4       0x14 Drivers/libhc32_ll.a(hc32_ll_interrupts.c.obj)
                0x000086c4                IRQ036_Handler
 .text.IRQ037_Handler
                0x000086d8       0x14 Drivers/libhc32_ll.a(hc32_ll_interrupts.c.obj)
                0x000086d8                IRQ037_Handler
 .text.IRQ038_Handler
                0x000086ec       0x14 Drivers/libhc32_ll.a(hc32_ll_interrupts.c.obj)
                0x000086ec                IRQ038_Handler
 .text.IRQ039_Handler
                0x00008700       0x14 Drivers/libhc32_ll.a(hc32_ll_interrupts.c.obj)
                0x00008700                IRQ039_Handler
 .text.IRQ040_Handler
                0x00008714       0x14 Drivers/libhc32_ll.a(hc32_ll_interrupts.c.obj)
                0x00008714                IRQ040_Handler
 .text.IRQ041_Handler
                0x00008728       0x14 Drivers/libhc32_ll.a(hc32_ll_interrupts.c.obj)
                0x00008728                IRQ041_Handler
 .text.IRQ042_Handler
                0x0000873c       0x14 Drivers/libhc32_ll.a(hc32_ll_interrupts.c.obj)
                0x0000873c                IRQ042_Handler
 .text.IRQ043_Handler
                0x00008750       0x14 Drivers/libhc32_ll.a(hc32_ll_interrupts.c.obj)
                0x00008750                IRQ043_Handler
 .text.IRQ044_Handler
                0x00008764       0x14 Drivers/libhc32_ll.a(hc32_ll_interrupts.c.obj)
                0x00008764                IRQ044_Handler
 .text.IRQ045_Handler
                0x00008778       0x14 Drivers/libhc32_ll.a(hc32_ll_interrupts.c.obj)
                0x00008778                IRQ045_Handler
 .text.IRQ046_Handler
                0x0000878c       0x14 Drivers/libhc32_ll.a(hc32_ll_interrupts.c.obj)
                0x0000878c                IRQ046_Handler
 .text.IRQ047_Handler
                0x000087a0       0x14 Drivers/libhc32_ll.a(hc32_ll_interrupts.c.obj)
                0x000087a0                IRQ047_Handler
 .text.IRQ048_Handler
                0x000087b4       0x14 Drivers/libhc32_ll.a(hc32_ll_interrupts.c.obj)
                0x000087b4                IRQ048_Handler
 .text.IRQ049_Handler
                0x000087c8       0x14 Drivers/libhc32_ll.a(hc32_ll_interrupts.c.obj)
                0x000087c8                IRQ049_Handler
 .text.IRQ050_Handler
                0x000087dc       0x14 Drivers/libhc32_ll.a(hc32_ll_interrupts.c.obj)
                0x000087dc                IRQ050_Handler
 .text.IRQ051_Handler
                0x000087f0       0x14 Drivers/libhc32_ll.a(hc32_ll_interrupts.c.obj)
                0x000087f0                IRQ051_Handler
 .text.IRQ052_Handler
                0x00008804       0x14 Drivers/libhc32_ll.a(hc32_ll_interrupts.c.obj)
                0x00008804                IRQ052_Handler
 .text.IRQ053_Handler
                0x00008818       0x14 Drivers/libhc32_ll.a(hc32_ll_interrupts.c.obj)
                0x00008818                IRQ053_Handler
 .text.IRQ054_Handler
                0x0000882c       0x14 Drivers/libhc32_ll.a(hc32_ll_interrupts.c.obj)
                0x0000882c                IRQ054_Handler
 .text.IRQ055_Handler
                0x00008840       0x14 Drivers/libhc32_ll.a(hc32_ll_interrupts.c.obj)
                0x00008840                IRQ055_Handler
 .text.IRQ056_Handler
                0x00008854       0x14 Drivers/libhc32_ll.a(hc32_ll_interrupts.c.obj)
                0x00008854                IRQ056_Handler
 .text.IRQ057_Handler
                0x00008868       0x14 Drivers/libhc32_ll.a(hc32_ll_interrupts.c.obj)
                0x00008868                IRQ057_Handler
 .text.IRQ058_Handler
                0x0000887c       0x14 Drivers/libhc32_ll.a(hc32_ll_interrupts.c.obj)
                0x0000887c                IRQ058_Handler
 .text.IRQ059_Handler
                0x00008890       0x14 Drivers/libhc32_ll.a(hc32_ll_interrupts.c.obj)
                0x00008890                IRQ059_Handler
 .text.IRQ060_Handler
                0x000088a4       0x14 Drivers/libhc32_ll.a(hc32_ll_interrupts.c.obj)
                0x000088a4                IRQ060_Handler
 .text.IRQ061_Handler
                0x000088b8       0x14 Drivers/libhc32_ll.a(hc32_ll_interrupts.c.obj)
                0x000088b8                IRQ061_Handler
 .text.IRQ062_Handler
                0x000088cc       0x14 Drivers/libhc32_ll.a(hc32_ll_interrupts.c.obj)
                0x000088cc                IRQ062_Handler
 .text.IRQ063_Handler
                0x000088e0       0x14 Drivers/libhc32_ll.a(hc32_ll_interrupts.c.obj)
                0x000088e0                IRQ063_Handler
 .text.IRQ064_Handler
                0x000088f4       0x14 Drivers/libhc32_ll.a(hc32_ll_interrupts.c.obj)
                0x000088f4                IRQ064_Handler
 .text.IRQ065_Handler
                0x00008908       0x14 Drivers/libhc32_ll.a(hc32_ll_interrupts.c.obj)
                0x00008908                IRQ065_Handler
 .text.IRQ066_Handler
                0x0000891c       0x14 Drivers/libhc32_ll.a(hc32_ll_interrupts.c.obj)
                0x0000891c                IRQ066_Handler
 .text.IRQ067_Handler
                0x00008930       0x14 Drivers/libhc32_ll.a(hc32_ll_interrupts.c.obj)
                0x00008930                IRQ067_Handler
 .text.IRQ068_Handler
                0x00008944       0x14 Drivers/libhc32_ll.a(hc32_ll_interrupts.c.obj)
                0x00008944                IRQ068_Handler
 .text.IRQ069_Handler
                0x00008958       0x14 Drivers/libhc32_ll.a(hc32_ll_interrupts.c.obj)
                0x00008958                IRQ069_Handler
 .text.IRQ070_Handler
                0x0000896c       0x14 Drivers/libhc32_ll.a(hc32_ll_interrupts.c.obj)
                0x0000896c                IRQ070_Handler
 .text.IRQ071_Handler
                0x00008980       0x14 Drivers/libhc32_ll.a(hc32_ll_interrupts.c.obj)
                0x00008980                IRQ071_Handler
 .text.IRQ072_Handler
                0x00008994       0x14 Drivers/libhc32_ll.a(hc32_ll_interrupts.c.obj)
                0x00008994                IRQ072_Handler
 .text.IRQ073_Handler
                0x000089a8       0x14 Drivers/libhc32_ll.a(hc32_ll_interrupts.c.obj)
                0x000089a8                IRQ073_Handler
 .text.IRQ074_Handler
                0x000089bc       0x14 Drivers/libhc32_ll.a(hc32_ll_interrupts.c.obj)
                0x000089bc                IRQ074_Handler
 .text.IRQ075_Handler
                0x000089d0       0x14 Drivers/libhc32_ll.a(hc32_ll_interrupts.c.obj)
                0x000089d0                IRQ075_Handler
 .text.IRQ076_Handler
                0x000089e4       0x14 Drivers/libhc32_ll.a(hc32_ll_interrupts.c.obj)
                0x000089e4                IRQ076_Handler
 .text.IRQ077_Handler
                0x000089f8       0x14 Drivers/libhc32_ll.a(hc32_ll_interrupts.c.obj)
                0x000089f8                IRQ077_Handler
 .text.IRQ078_Handler
                0x00008a0c       0x14 Drivers/libhc32_ll.a(hc32_ll_interrupts.c.obj)
                0x00008a0c                IRQ078_Handler
 .text.IRQ079_Handler
                0x00008a20       0x14 Drivers/libhc32_ll.a(hc32_ll_interrupts.c.obj)
                0x00008a20                IRQ079_Handler
 .text.IRQ080_Handler
                0x00008a34       0x14 Drivers/libhc32_ll.a(hc32_ll_interrupts.c.obj)
                0x00008a34                IRQ080_Handler
 .text.IRQ081_Handler
                0x00008a48       0x14 Drivers/libhc32_ll.a(hc32_ll_interrupts.c.obj)
                0x00008a48                IRQ081_Handler
 .text.IRQ082_Handler
                0x00008a5c       0x14 Drivers/libhc32_ll.a(hc32_ll_interrupts.c.obj)
                0x00008a5c                IRQ082_Handler
 .text.IRQ083_Handler
                0x00008a70       0x14 Drivers/libhc32_ll.a(hc32_ll_interrupts.c.obj)
                0x00008a70                IRQ083_Handler
 .text.IRQ084_Handler
                0x00008a84       0x14 Drivers/libhc32_ll.a(hc32_ll_interrupts.c.obj)
                0x00008a84                IRQ084_Handler
 .text.IRQ085_Handler
                0x00008a98       0x14 Drivers/libhc32_ll.a(hc32_ll_interrupts.c.obj)
                0x00008a98                IRQ085_Handler
 .text.IRQ086_Handler
                0x00008aac       0x14 Drivers/libhc32_ll.a(hc32_ll_interrupts.c.obj)
                0x00008aac                IRQ086_Handler
 .text.IRQ087_Handler
                0x00008ac0       0x14 Drivers/libhc32_ll.a(hc32_ll_interrupts.c.obj)
                0x00008ac0                IRQ087_Handler
 .text.IRQ088_Handler
                0x00008ad4       0x14 Drivers/libhc32_ll.a(hc32_ll_interrupts.c.obj)
                0x00008ad4                IRQ088_Handler
 .text.IRQ089_Handler
                0x00008ae8       0x14 Drivers/libhc32_ll.a(hc32_ll_interrupts.c.obj)
                0x00008ae8                IRQ089_Handler
 .text.IRQ090_Handler
                0x00008afc       0x14 Drivers/libhc32_ll.a(hc32_ll_interrupts.c.obj)
                0x00008afc                IRQ090_Handler
 .text.IRQ091_Handler
                0x00008b10       0x14 Drivers/libhc32_ll.a(hc32_ll_interrupts.c.obj)
                0x00008b10                IRQ091_Handler
 .text.IRQ092_Handler
                0x00008b24       0x14 Drivers/libhc32_ll.a(hc32_ll_interrupts.c.obj)
                0x00008b24                IRQ092_Handler
 .text.IRQ093_Handler
                0x00008b38       0x14 Drivers/libhc32_ll.a(hc32_ll_interrupts.c.obj)
                0x00008b38                IRQ093_Handler
 .text.IRQ094_Handler
                0x00008b4c       0x14 Drivers/libhc32_ll.a(hc32_ll_interrupts.c.obj)
                0x00008b4c                IRQ094_Handler
 .text.IRQ095_Handler
                0x00008b60       0x14 Drivers/libhc32_ll.a(hc32_ll_interrupts.c.obj)
                0x00008b60                IRQ095_Handler
 .text.IRQ096_Handler
                0x00008b74       0x14 Drivers/libhc32_ll.a(hc32_ll_interrupts.c.obj)
                0x00008b74                IRQ096_Handler
 .text.IRQ097_Handler
                0x00008b88       0x14 Drivers/libhc32_ll.a(hc32_ll_interrupts.c.obj)
                0x00008b88                IRQ097_Handler
 .text.IRQ098_Handler
                0x00008b9c       0x14 Drivers/libhc32_ll.a(hc32_ll_interrupts.c.obj)
                0x00008b9c                IRQ098_Handler
 .text.IRQ099_Handler
                0x00008bb0       0x14 Drivers/libhc32_ll.a(hc32_ll_interrupts.c.obj)
                0x00008bb0                IRQ099_Handler
 .text.IRQ100_Handler
                0x00008bc4       0x14 Drivers/libhc32_ll.a(hc32_ll_interrupts.c.obj)
                0x00008bc4                IRQ100_Handler
 .text.IRQ101_Handler
                0x00008bd8       0x14 Drivers/libhc32_ll.a(hc32_ll_interrupts.c.obj)
                0x00008bd8                IRQ101_Handler
 .text.IRQ102_Handler
                0x00008bec       0x14 Drivers/libhc32_ll.a(hc32_ll_interrupts.c.obj)
                0x00008bec                IRQ102_Handler
 .text.IRQ103_Handler
                0x00008c00       0x14 Drivers/libhc32_ll.a(hc32_ll_interrupts.c.obj)
                0x00008c00                IRQ103_Handler
 .text.IRQ104_Handler
                0x00008c14       0x14 Drivers/libhc32_ll.a(hc32_ll_interrupts.c.obj)
                0x00008c14                IRQ104_Handler
 .text.IRQ105_Handler
                0x00008c28       0x14 Drivers/libhc32_ll.a(hc32_ll_interrupts.c.obj)
                0x00008c28                IRQ105_Handler
 .text.IRQ106_Handler
                0x00008c3c       0x14 Drivers/libhc32_ll.a(hc32_ll_interrupts.c.obj)
                0x00008c3c                IRQ106_Handler
 .text.IRQ107_Handler
                0x00008c50       0x14 Drivers/libhc32_ll.a(hc32_ll_interrupts.c.obj)
                0x00008c50                IRQ107_Handler
 .text.IRQ108_Handler
                0x00008c64       0x14 Drivers/libhc32_ll.a(hc32_ll_interrupts.c.obj)
                0x00008c64                IRQ108_Handler
 .text.IRQ109_Handler
                0x00008c78       0x14 Drivers/libhc32_ll.a(hc32_ll_interrupts.c.obj)
                0x00008c78                IRQ109_Handler
 .text.IRQ110_Handler
                0x00008c8c       0x14 Drivers/libhc32_ll.a(hc32_ll_interrupts.c.obj)
                0x00008c8c                IRQ110_Handler
 .text.IRQ111_Handler
                0x00008ca0       0x14 Drivers/libhc32_ll.a(hc32_ll_interrupts.c.obj)
                0x00008ca0                IRQ111_Handler
 .text.IRQ112_Handler
                0x00008cb4       0x14 Drivers/libhc32_ll.a(hc32_ll_interrupts.c.obj)
                0x00008cb4                IRQ112_Handler
 .text.IRQ113_Handler
                0x00008cc8       0x14 Drivers/libhc32_ll.a(hc32_ll_interrupts.c.obj)
                0x00008cc8                IRQ113_Handler
 .text.IRQ114_Handler
                0x00008cdc       0x14 Drivers/libhc32_ll.a(hc32_ll_interrupts.c.obj)
                0x00008cdc                IRQ114_Handler
 .text.IRQ115_Handler
                0x00008cf0       0x14 Drivers/libhc32_ll.a(hc32_ll_interrupts.c.obj)
                0x00008cf0                IRQ115_Handler
 .text.IRQ116_Handler
                0x00008d04       0x14 Drivers/libhc32_ll.a(hc32_ll_interrupts.c.obj)
                0x00008d04                IRQ116_Handler
 .text.IRQ117_Handler
                0x00008d18       0x14 Drivers/libhc32_ll.a(hc32_ll_interrupts.c.obj)
                0x00008d18                IRQ117_Handler
 .text.IRQ118_Handler
                0x00008d2c       0x14 Drivers/libhc32_ll.a(hc32_ll_interrupts.c.obj)
                0x00008d2c                IRQ118_Handler
 .text.IRQ119_Handler
                0x00008d40       0x14 Drivers/libhc32_ll.a(hc32_ll_interrupts.c.obj)
                0x00008d40                IRQ119_Handler
 .text.IRQ120_Handler
                0x00008d54       0x14 Drivers/libhc32_ll.a(hc32_ll_interrupts.c.obj)
                0x00008d54                IRQ120_Handler
 .text.IRQ121_Handler
                0x00008d68       0x14 Drivers/libhc32_ll.a(hc32_ll_interrupts.c.obj)
                0x00008d68                IRQ121_Handler
 .text.IRQ122_Handler
                0x00008d7c       0x14 Drivers/libhc32_ll.a(hc32_ll_interrupts.c.obj)
                0x00008d7c                IRQ122_Handler
 .text.IRQ123_Handler
                0x00008d90       0x14 Drivers/libhc32_ll.a(hc32_ll_interrupts.c.obj)
                0x00008d90                IRQ123_Handler
 .text.IRQ124_Handler
                0x00008da4       0x14 Drivers/libhc32_ll.a(hc32_ll_interrupts.c.obj)
                0x00008da4                IRQ124_Handler
 .text.IRQ125_Handler
                0x00008db8       0x14 Drivers/libhc32_ll.a(hc32_ll_interrupts.c.obj)
                0x00008db8                IRQ125_Handler
 .text.IRQ126_Handler
                0x00008dcc       0x14 Drivers/libhc32_ll.a(hc32_ll_interrupts.c.obj)
                0x00008dcc                IRQ126_Handler
 .text.IRQ127_Handler
                0x00008de0       0x14 Drivers/libhc32_ll.a(hc32_ll_interrupts.c.obj)
                0x00008de0                IRQ127_Handler
 .text.PWC_HighSpeedToHighPerformance
                0x00008df4       0x28 Drivers/libhc32_ll.a(hc32_ll_pwc.c.obj)
                0x00008df4                PWC_HighSpeedToHighPerformance
 .text.SRAM_SetWaitCycle
                0x00008e1c       0x48 Drivers/libhc32_ll.a(hc32_ll_sram.c.obj)
                0x00008e1c                SRAM_SetWaitCycle
 .text.DDL_DelayUS
                0x00008e64       0x64 Drivers/libhc32_ll.a(hc32_ll_utility.c.obj)
                0x00008e64                DDL_DelayUS
 .text.usb_coresoftrst
                0x00008ec8       0x80 Drivers/libhc32_ll.a(hc32_ll_usb.c.obj)
                0x00008ec8                usb_coresoftrst
 .text.usb_wrpkt
                0x00008f48       0x46 Drivers/libhc32_ll.a(hc32_ll_usb.c.obj)
                0x00008f48                usb_wrpkt
 .text.usb_rdpkt
                0x00008f8e       0x3c Drivers/libhc32_ll.a(hc32_ll_usb.c.obj)
                0x00008f8e                usb_rdpkt
 *fill*         0x00008fca        0x2 
 .text.usb_setregaddr
                0x00008fcc       0xa4 Drivers/libhc32_ll.a(hc32_ll_usb.c.obj)
                0x00008fcc                usb_setregaddr
 .text.usb_initusbcore
                0x00009070       0x48 Drivers/libhc32_ll.a(hc32_ll_usb.c.obj)
                0x00009070                usb_initusbcore
 .text.usb_txfifoflush
                0x000090b8       0x4c Drivers/libhc32_ll.a(hc32_ll_usb.c.obj)
                0x000090b8                usb_txfifoflush
 .text.usb_rxfifoflush
                0x00009104       0x44 Drivers/libhc32_ll.a(hc32_ll_usb.c.obj)
                0x00009104                usb_rxfifoflush
 .text.usb_modeset
                0x00009148       0x1c Drivers/libhc32_ll.a(hc32_ll_usb.c.obj)
                0x00009148                usb_modeset
 .text.usb_devepdis
                0x00009164       0x5a Drivers/libhc32_ll.a(hc32_ll_usb.c.obj)
                0x00009164                usb_devepdis
 *fill*         0x000091be        0x2 
 .text.usb_devinten
                0x000091c0       0x30 Drivers/libhc32_ll.a(hc32_ll_usb.c.obj)
                0x000091c0                usb_devinten
 .text.usb_devmodeinit
                0x000091f0       0x7a Drivers/libhc32_ll.a(hc32_ll_usb.c.obj)
                0x000091f0                usb_devmodeinit
 .text.usb_ep0activate
                0x0000926a       0x38 Drivers/libhc32_ll.a(hc32_ll_usb.c.obj)
                0x0000926a                usb_ep0activate
 .text.usb_epactive
                0x000092a2       0x46 Drivers/libhc32_ll.a(hc32_ll_usb.c.obj)
                0x000092a2                usb_epactive
 .text.usb_epdeactive
                0x000092e8       0x3a Drivers/libhc32_ll.a(hc32_ll_usb.c.obj)
                0x000092e8                usb_epdeactive
 .text.usb_epntransbegin
                0x00009322       0xea Drivers/libhc32_ll.a(hc32_ll_usb.c.obj)
                0x00009322                usb_epntransbegin
 .text.usb_ep0transbegin
                0x0000940c       0x90 Drivers/libhc32_ll.a(hc32_ll_usb.c.obj)
                0x0000940c                usb_ep0transbegin
 .text.usb_setepstall
                0x0000949c       0x26 Drivers/libhc32_ll.a(hc32_ll_usb.c.obj)
                0x0000949c                usb_setepstall
 .text.usb_clearepstall
                0x000094c2       0x26 Drivers/libhc32_ll.a(hc32_ll_usb.c.obj)
                0x000094c2                usb_clearepstall
 .text.usb_ep0revcfg
                0x000094e8       0x1c Drivers/libhc32_ll.a(hc32_ll_usb.c.obj)
                0x000094e8                usb_ep0revcfg
 .text.usb_ctrldevconnect
                0x00009504       0x18 Drivers/libhc32_ll.a(hc32_ll_usb.c.obj)
                0x00009504                usb_ctrldevconnect
 .text.__assert_func
                0x0000951c       0x3c /opt/st/stm32cubeclt_1.21.0/GNU-tools-for-STM32/bin/../lib/gcc/arm-none-eabi/14.3.1/../../../../arm-none-eabi/lib/thumb/v7e-m+fp/hard/libc_nano.a(libc_a-assert.o)
                0x0000951c                __assert_func
 .text.sbrk_aligned
                0x00009558       0x44 /opt/st/stm32cubeclt_1.21.0/GNU-tools-for-STM32/bin/../lib/gcc/arm-none-eabi/14.3.1/../../../../arm-none-eabi/lib/thumb/v7e-m+fp/hard/libc_nano.a(libc_a-mallocr.o)
 .text._malloc_r
                0x0000959c      0x100 /opt/st/stm32cubeclt_1.21.0/GNU-tools-for-STM32/bin/../lib/gcc/arm-none-eabi/14.3.1/../../../../arm-none-eabi/lib/thumb/v7e-m+fp/hard/libc_nano.a(libc_a-mallocr.o)
                0x0000959c                _malloc_r
 .text.__malloc_lock
                0x0000969c        0xc /opt/st/stm32cubeclt_1.21.0/GNU-tools-for-STM32/bin/../lib/gcc/arm-none-eabi/14.3.1/../../../../arm-none-eabi/lib/thumb/v7e-m+fp/hard/libc_nano.a(libc_a-mlock.o)
                0x0000969c                __malloc_lock
 .text.__malloc_unlock
                0x000096a8        0xc /opt/st/stm32cubeclt_1.21.0/GNU-tools-for-STM32/bin/../lib/gcc/arm-none-eabi/14.3.1/../../../../arm-none-eabi/lib/thumb/v7e-m+fp/hard/libc_nano.a(libc_a-mlock.o)
                0x000096a8                __malloc_unlock
 .text.std      0x000096b4       0x6c /opt/st/stm32cubeclt_1.21.0/GNU-tools-for-STM32/bin/../lib/gcc/arm-none-eabi/14.3.1/../../../../arm-none-eabi/lib/thumb/v7e-m+fp/hard/libc_nano.a(libc_a-findfp.o)
 .text.stdio_exit_handler
                0x00009720       0x18 /opt/st/stm32cubeclt_1.21.0/GNU-tools-for-STM32/bin/../lib/gcc/arm-none-eabi/14.3.1/../../../../arm-none-eabi/lib/thumb/v7e-m+fp/hard/libc_nano.a(libc_a-findfp.o)
 .text.cleanup_stdio
                0x00009738       0x40 /opt/st/stm32cubeclt_1.21.0/GNU-tools-for-STM32/bin/../lib/gcc/arm-none-eabi/14.3.1/../../../../arm-none-eabi/lib/thumb/v7e-m+fp/hard/libc_nano.a(libc_a-findfp.o)
 .text.global_stdio_init.part.0
                0x00009778       0x40 /opt/st/stm32cubeclt_1.21.0/GNU-tools-for-STM32/bin/../lib/gcc/arm-none-eabi/14.3.1/../../../../arm-none-eabi/lib/thumb/v7e-m+fp/hard/libc_nano.a(libc_a-findfp.o)
 .text.__sfp_lock_acquire
                0x000097b8        0xc /opt/st/stm32cubeclt_1.21.0/GNU-tools-for-STM32/bin/../lib/gcc/arm-none-eabi/14.3.1/../../../../arm-none-eabi/lib/thumb/v7e-m+fp/hard/libc_nano.a(libc_a-findfp.o)
                0x000097b8                __sfp_lock_acquire
 .text.__sfp_lock_release
                0x000097c4        0xc /opt/st/stm32cubeclt_1.21.0/GNU-tools-for-STM32/bin/../lib/gcc/arm-none-eabi/14.3.1/../../../../arm-none-eabi/lib/thumb/v7e-m+fp/hard/libc_nano.a(libc_a-findfp.o)
                0x000097c4                __sfp_lock_release
 .text.__sinit  0x000097d0       0x30 /opt/st/stm32cubeclt_1.21.0/GNU-tools-for-STM32/bin/../lib/gcc/arm-none-eabi/14.3.1/../../../../arm-none-eabi/lib/thumb/v7e-m+fp/hard/libc_nano.a(libc_a-findfp.o)
                0x000097d0                __sinit
 .text.fprintf  0x00009800       0x24 /opt/st/stm32cubeclt_1.21.0/GNU-tools-for-STM32/bin/../lib/gcc/arm-none-eabi/14.3.1/../../../../arm-none-eabi/lib/thumb/v7e-m+fp/hard/libc_nano.a(libc_a-fprintf.o)
                0x00009800                fprintf
                0x00009800                fiprintf
 .text._fwalk_sglue
                0x00009824       0x3c /opt/st/stm32cubeclt_1.21.0/GNU-tools-for-STM32/bin/../lib/gcc/arm-none-eabi/14.3.1/../../../../arm-none-eabi/lib/thumb/v7e-m+fp/hard/libc_nano.a(libc_a-fwalk.o)
                0x00009824                _fwalk_sglue
 .text.__sread  0x00009860       0x22 /opt/st/stm32cubeclt_1.21.0/GNU-tools-for-STM32/bin/../lib/gcc/arm-none-eabi/14.3.1/../../../../arm-none-eabi/lib/thumb/v7e-m+fp/hard/libc_nano.a(libc_a-stdio.o)
                0x00009860                __sread
 .text.__swrite
                0x00009882       0x38 /opt/st/stm32cubeclt_1.21.0/GNU-tools-for-STM32/bin/../lib/gcc/arm-none-eabi/14.3.1/../../../../arm-none-eabi/lib/thumb/v7e-m+fp/hard/libc_nano.a(libc_a-stdio.o)
                0x00009882                __swrite
 .text.__sseek  0x000098ba       0x26 /opt/st/stm32cubeclt_1.21.0/GNU-tools-for-STM32/bin/../lib/gcc/arm-none-eabi/14.3.1/../../../../arm-none-eabi/lib/thumb/v7e-m+fp/hard/libc_nano.a(libc_a-stdio.o)
                0x000098ba                __sseek
 .text.__sclose
                0x000098e0        0x8 /opt/st/stm32cubeclt_1.21.0/GNU-tools-for-STM32/bin/../lib/gcc/arm-none-eabi/14.3.1/../../../../arm-none-eabi/lib/thumb/v7e-m+fp/hard/libc_nano.a(libc_a-stdio.o)
                0x000098e0                __sclose
 .text.memcmp   0x000098e8       0x20 /opt/st/stm32cubeclt_1.21.0/GNU-tools-for-STM32/bin/../lib/gcc/arm-none-eabi/14.3.1/../../../../arm-none-eabi/lib/thumb/v7e-m+fp/hard/libc_nano.a(libc_a-memcmp.o)
                0x000098e8                memcmp
 .text.memmove  0x00009908       0x32 /opt/st/stm32cubeclt_1.21.0/GNU-tools-for-STM32/bin/../lib/gcc/arm-none-eabi/14.3.1/../../../../arm-none-eabi/lib/thumb/v7e-m+fp/hard/libc_nano.a(libc_a-memmove.o)
                0x00009908                memmove
 .text.memset   0x0000993a       0x10 /opt/st/stm32cubeclt_1.21.0/GNU-tools-for-STM32/bin/../lib/gcc/arm-none-eabi/14.3.1/../../../../arm-none-eabi/lib/thumb/v7e-m+fp/hard/libc_nano.a(libc_a-memset.o)
                0x0000993a                memset
 .text.strncmp  0x0000994a       0x24 /opt/st/stm32cubeclt_1.21.0/GNU-tools-for-STM32/bin/../lib/gcc/arm-none-eabi/14.3.1/../../../../arm-none-eabi/lib/thumb/v7e-m+fp/hard/libc_nano.a(libc_a-strncmp.o)
                0x0000994a                strncmp
 .text.strncpy  0x0000996e       0x26 /opt/st/stm32cubeclt_1.21.0/GNU-tools-for-STM32/bin/../lib/gcc/arm-none-eabi/14.3.1/../../../../arm-none-eabi/lib/thumb/v7e-m+fp/hard/libc_nano.a(libc_a-strncpy.o)
                0x0000996e                strncpy
 .text._close_r
                0x00009994       0x20 /opt/st/stm32cubeclt_1.21.0/GNU-tools-for-STM32/bin/../lib/gcc/arm-none-eabi/14.3.1/../../../../arm-none-eabi/lib/thumb/v7e-m+fp/hard/libc_nano.a(libc_a-closer.o)
                0x00009994                _close_r
 .text._lseek_r